Archive member included to satisfy reference by file (symbol)

/Applications/ArmGNUToolchain/13.3.rel1/arm-none-eabi/bin/../lib/gcc/arm-none-eabi/13.3.1/thumb/v6-m/nofp/libgcc.a(_dvmd_tls.o)
                              CMakeFiles/radio-test.dir/Users/michaelshipman/Developer/command_module/Code/BITS/BITSv5/pico-sdk/src/rp2_common/pico_divider/divider.S.obj (__aeabi_idiv0)
/Applications/ArmGNUToolchain/13.3.rel1/arm-none-eabi/bin/../lib/gcc/arm-none-eabi/13.3.1/../../../../arm-none-eabi/lib/thumb/v6-m/nofp/libc.a(libc_a-atoi.o)
                              CMakeFiles/radio-test.dir/Users/michaelshipman/Developer/command_module/Code/BITS/BITSv5/BITS_common/BITSv5_GPS.cpp.obj (atoi)
/Applications/ArmGNUToolchain/13.3.rel1/arm-none-eabi/bin/../lib/gcc/arm-none-eabi/13.3.1/../../../../arm-none-eabi/lib/thumb/v6-m/nofp/libc.a(libc_a-calloc.o)
                              CMakeFiles/radio-test.dir/Users/michaelshipman/Developer/command_module/Code/BITS/BITSv5/pico-sdk/src/rp2_common/pico_malloc/pico_malloc.c.obj (calloc)
/Applications/ArmGNUToolchain/13.3.rel1/arm-none-eabi/bin/../lib/gcc/arm-none-eabi/13.3.1/../../../../arm-none-eabi/lib/thumb/v6-m/nofp/libc.a(libc_a-callocr.o)
                              /Applications/ArmGNUToolchain/13.3.rel1/arm-none-eabi/bin/../lib/gcc/arm-none-eabi/13.3.1/../../../../arm-none-eabi/lib/thumb/v6-m/nofp/libc.a(libc_a-calloc.o) (_calloc_r)
/Applications/ArmGNUToolchain/13.3.rel1/arm-none-eabi/bin/../lib/gcc/arm-none-eabi/13.3.1/../../../../arm-none-eabi/lib/thumb/v6-m/nofp/libc.a(libc_a-malloc.o)
                              CMakeFiles/radio-test.dir/Users/michaelshipman/Developer/command_module/Code/BITS/BITSv5/pico-sdk/src/rp2_common/pico_malloc/pico_malloc.c.obj (malloc)
/Applications/ArmGNUToolchain/13.3.rel1/arm-none-eabi/bin/../lib/gcc/arm-none-eabi/13.3.1/../../../../arm-none-eabi/lib/thumb/v6-m/nofp/libc.a(libc_a-mallocr.o)
                              /Applications/ArmGNUToolchain/13.3.rel1/arm-none-eabi/bin/../lib/gcc/arm-none-eabi/13.3.1/../../../../arm-none-eabi/lib/thumb/v6-m/nofp/libc.a(libc_a-callocr.o) (_malloc_r)
/Applications/ArmGNUToolchain/13.3.rel1/arm-none-eabi/bin/../lib/gcc/arm-none-eabi/13.3.1/../../../../arm-none-eabi/lib/thumb/v6-m/nofp/libc.a(libc_a-mlock.o)
                              /Applications/ArmGNUToolchain/13.3.rel1/arm-none-eabi/bin/../lib/gcc/arm-none-eabi/13.3.1/../../../../arm-none-eabi/lib/thumb/v6-m/nofp/libc.a(libc_a-mallocr.o) (__malloc_lock)
/Applications/ArmGNUToolchain/13.3.rel1/arm-none-eabi/bin/../lib/gcc/arm-none-eabi/13.3.1/../../../../arm-none-eabi/lib/thumb/v6-m/nofp/libc.a(libc_a-realloc.o)
                              CMakeFiles/radio-test.dir/Users/michaelshipman/Developer/command_module/Code/BITS/BITSv5/pico-sdk/src/rp2_common/pico_malloc/pico_malloc.c.obj (realloc)
/Applications/ArmGNUToolchain/13.3.rel1/arm-none-eabi/bin/../lib/gcc/arm-none-eabi/13.3.1/../../../../arm-none-eabi/lib/thumb/v6-m/nofp/libc.a(libc_a-reallocr.o)
                              /Applications/ArmGNUToolchain/13.3.rel1/arm-none-eabi/bin/../lib/gcc/arm-none-eabi/13.3.1/../../../../arm-none-eabi/lib/thumb/v6-m/nofp/libc.a(libc_a-realloc.o) (_realloc_r)
/Applications/ArmGNUToolchain/13.3.rel1/arm-none-eabi/bin/../lib/gcc/arm-none-eabi/13.3.1/../../../../arm-none-eabi/lib/thumb/v6-m/nofp/libc.a(libc_a-strtol.o)
                              /Applications/ArmGNUToolchain/13.3.rel1/arm-none-eabi/bin/../lib/gcc/arm-none-eabi/13.3.1/../../../../arm-none-eabi/lib/thumb/v6-m/nofp/libc.a(libc_a-atoi.o) (_strtol_r)
/Applications/ArmGNUToolchain/13.3.rel1/arm-none-eabi/bin/../lib/gcc/arm-none-eabi/13.3.1/../../../../arm-none-eabi/lib/thumb/v6-m/nofp/libc.a(libc_a-sscanf.o)
                              CMakeFiles/radio-test.dir/Users/michaelshipman/Developer/command_module/Code/BITS/BITSv5/BITS_common/BITSv5_GPS.cpp.obj (sscanf)
/Applications/ArmGNUToolchain/13.3.rel1/arm-none-eabi/bin/../lib/gcc/arm-none-eabi/13.3.1/../../../../arm-none-eabi/lib/thumb/v6-m/nofp/libc.a(libc_a-stdio.o)
                              /Applications/ArmGNUToolchain/13.3.rel1/arm-none-eabi/bin/../lib/gcc/arm-none-eabi/13.3.1/../../../../arm-none-eabi/lib/thumb/v6-m/nofp/libc.a(libc_a-sscanf.o) (__seofread)
/Applications/ArmGNUToolchain/13.3.rel1/arm-none-eabi/bin/../lib/gcc/arm-none-eabi/13.3.1/../../../../arm-none-eabi/lib/thumb/v6-m/nofp/libc.a(libc_a-memmove.o)
                              /Applications/ArmGNUToolchain/13.3.rel1/arm-none-eabi/bin/../lib/gcc/arm-none-eabi/13.3.1/../../../../arm-none-eabi/lib/thumb/v6-m/nofp/libc.a(libc_a-reallocr.o) (memmove)
/Applications/ArmGNUToolchain/13.3.rel1/arm-none-eabi/bin/../lib/gcc/arm-none-eabi/13.3.1/../../../../arm-none-eabi/lib/thumb/v6-m/nofp/libc.a(libc_a-strchr.o)
                              CMakeFiles/radio-test.dir/Users/michaelshipman/Developer/command_module/Code/BITS/BITSv5/BITS_common/BITSv5_GPS.cpp.obj (strchr)
[...]
Memory Configuration

Name             Origin             Length             Attributes
FLASH            0x10000000         0x00200000         xr
RAM              0x20000000         0x00040000         xrw
SCRATCH_X        0x20040000         0x00001000         xrw
SCRATCH_Y        0x20041000         0x00001000         xrw
*default*        0x00000000         0xffffffff

Linker script and memory map

LOAD /Applications/ArmGNUToolchain/13.3.rel1/arm-none-eabi/bin/../lib/gcc/arm-none-eabi/13.3.1/thumb/v6-m/nofp/crti.o
LOAD /Applications/ArmGNUToolchain/13.3.rel1/arm-none-eabi/bin/../lib/gcc/arm-none-eabi/13.3.1/thumb/v6-m/nofp/crtbegin.o
LOAD /Applications/ArmGNUToolchain/13.3.rel1/arm-none-eabi/bin/../lib/gcc/arm-none-eabi/13.3.1/../../../../arm-none-eabi/lib/thumb/v6-m/nofp/crt0.o

.flash_begin    0x10000000        0x0
                0x10000000                        __flash_binary_start = .

.boot2          0x10000000      0x100
                0x10000000                        __boot2_start__ = .
 *(.boot2)
 .boot2         0x10000000      0x100 /var/folders/n7/t1959y0j4_gczygmz5tcw0qc0000gn/T//ccDWEsUA.o
                0x10000100                        __boot2_end__ = .
                0x00000001                        ASSERT (((__boot2_end__ - __boot2_start__) == 0x100), ERROR: Pico second stage bootloader must be 256 bytes in size)

.text           0x10000100     0x9910
                0x10000100                        __logical_binary_start = .
 *(.vectors)
 .vectors       0x10000100       0xd4 CMakeFiles/radio-test.dir/Users/michaelshipman/Developer/command_module/Code/BITS/BITSv5/pico-sdk/src/rp2_common/pico_standard_link/crt0.S.obj
                0x10000100                __VECTOR_TABLE
                0x10000100                __vectors
                0x100001c0                __default_isrs_start
                0x100001c0                isr_invalid
                0x100001c2                isr_nmi
                0x100001c4                isr_hardfault
                0x100001c6                isr_svcall
                0x100001c8                isr_pendsv
                0x100001ca                isr_systick
                0x100001cc                isr_irq28
                0x100001cc                isr_irq19
                0x100001cc                isr_irq0
                0x100001cc                isr_irq6
                0x100001cc                isr_irq22
                0x100001cc                isr_irq17
                0x100001cc                isr_irq14
                0x100001cc                isr_irq2
                0x100001cc                isr_irq10
                0x100001cc                isr_irq8
                0x100001cc                isr_irq24
                0x100001cc                isr_irq1
                0x100001cc                isr_irq7
                0x100001cc                isr_irq21
                0x100001cc                isr_irq20
                0x100001cc                isr_irq15
                0x100001cc                isr_irq25
                0x100001cc                isr_irq4
                0x100001cc                isr_irq16
                0x100001cc                isr_irq29
                0x100001cc                isr_irq26
                0x100001cc                __default_isrs_end
                0x100001cc                isr_irq3
                0x100001cc                isr_irq9
                0x100001cc                __unhandled_user_irq
                0x100001cc                isr_irq13
                0x100001cc                isr_irq27
                0x100001cc                isr_irq31
                0x100001cc                isr_irq5
                0x100001cc                isr_irq11
                0x100001cc                isr_irq23
                0x100001cc                isr_irq18
                0x100001cc                isr_irq30
                0x100001cc                isr_irq12
                0x100001d2                unhandled_user_irq_num_in_r0
 *(.binary_info_header)
 .binary_info_header
                0x100001d4       0x14 CMakeFiles/radio-test.dir/Users/michaelshipman/Developer/command_module/Code/BITS/BITSv5/pico-sdk/src/rp2_common/pico_standard_link/crt0.S.obj
                0x100001e8                        __binary_info_header_end = .
 *(.reset)
 .reset         0x100001e8       0xa0 CMakeFiles/radio-test.dir/Users/michaelshipman/Developer/command_module/Code/BITS/BITSv5/pico-sdk/src/rp2_common/pico_standard_link/crt0.S.obj
                0x100001e8                _entry_point
 .reset         0x10000288       0x30 CMakeFiles/radio-test.dir/Users/michaelshipman/Developer/command_module/Code/BITS/BITSv5/pico-sdk/src/rp2_common/pico_standard_link/binary_info.c.obj
 *(.init)
 .init          0x100002b8        0x4 /Applications/ArmGNUToolchain/13.3.rel1/arm-none-eabi/bin/../lib/gcc/arm-none-eabi/13.3.1/thumb/v6-m/nofp/crti.o
                0x100002b8                _init
 *(EXCLUDE_FILE(*libm.a: *libc.a:*lib_a-mem*.o *libgcc.a:) .text*)
 .text.register_tm_clones
                0x100002bc       0x28 /Applications/ArmGNUToolchain/13.3.rel1/arm-none-eabi/bin/../lib/gcc/arm-none-eabi/13.3.1/thumb/v6-m/nofp/crtbegin.o
 .text.frame_dummy
                0x100002e4       0x24 /Applications/ArmGNUToolchain/13.3.rel1/arm-none-eabi/bin/../lib/gcc/arm-none-eabi/13.3.1/thumb/v6-m/nofp/crtbegin.o
 .text.startup.main
                0x10000308      0x230 CMakeFiles/radio-test.dir/radio_test.cpp.obj
                0x10000308                main
 .text._Z13gpio_callbackjm
                0x10000538       0xbc CMakeFiles/radio-test.dir/radio_test.cpp.obj
                0x10000538                gpio_callback(unsigned int, unsigned long)
 .text.startup._GLOBAL__sub_I_radio
                0x100005f4       0x50 CMakeFiles/radio-test.dir/radio_test.cpp.obj
 .text._ZN7DRF126216get_radio_errorsEv
                0x10000644       0x58 CMakeFiles/radio-test.dir/Users/michaelshipman/Developer/command_module/Code/libraries/rp2040-drf1262-lib/SX1262.cpp.obj
                0x10000644                DRF1262::get_radio_errors()
 .text._ZN7DRF126220read_radio_registersEv
                0x1000069c       0x98 CMakeFiles/radio-test.dir/Users/michaelshipman/Developer/command_module/Code/libraries/rp2040-drf1262-lib/SX1262.cpp.obj
                0x1000069c                DRF1262::read_radio_registers()
 .text._ZN7DRF126214radio_spi_initEv
                0x10000734       0xa4 CMakeFiles/radio-test.dir/Users/michaelshipman/Developer/command_module/Code/libraries/rp2040-drf1262-lib/SX1262.cpp.obj
                0x10000734                DRF1262::radio_spi_init()
 .text._ZN7DRF126219set_radio_pa_configEv
                0x100007d8       0xa4 CMakeFiles/radio-test.dir/Users/michaelshipman/Developer/command_module/Code/libraries/rp2040-drf1262-lib/SX1262.cpp.obj
                0x100007d8                DRF1262::set_radio_pa_config()
 .text._ZN7DRF126217set_radio_rf_freqEv
                0x1000087c       0x74 CMakeFiles/radio-test.dir/Users/michaelshipman/Developer/command_module/Code/libraries/rp2040-drf1262-lib/SX1262.cpp.obj
                0x1000087c                DRF1262::set_radio_rf_freq()
 .text._ZN7DRF126231set_radio_lora_modulation_paramEv
                0x100008f0       0x8c CMakeFiles/radio-test.dir/Users/michaelshipman/Developer/command_module/Code/libraries/rp2040-drf1262-lib/SX1262.cpp.obj
                0x100008f0                DRF1262::set_radio_lora_modulation_param()
 .text._ZN7DRF126226set_lora_packet_parametersEv
                0x1000097c       0xbc CMakeFiles/radio-test.dir/Users/michaelshipman/Developer/command_module/Code/libraries/rp2040-drf1262-lib/SX1262.cpp.obj
                0x1000097c                DRF1262::set_lora_packet_parameters()
 .text._ZN7DRF126219set_radio_sync_wordEv
                0x10000a38       0xec CMakeFiles/radio-test.dir/Users/michaelshipman/Developer/command_module/Code/libraries/rp2040-drf1262-lib/SX1262.cpp.obj
                0x10000a38                DRF1262::set_radio_sync_word()
 .text._ZN7DRF126216set_dio3_as_tcxoEv
                0x10000b24       0xa8 CMakeFiles/radio-test.dir/Users/michaelshipman/Developer/command_module/Code/libraries/rp2040-drf1262-lib/SX1262.cpp.obj
                0x10000b24                DRF1262::set_dio3_as_tcxo()
 .text._ZN7DRF126210radio_sendEPhj
                0x10000bcc       0xcc CMakeFiles/radio-test.dir/Users/michaelshipman/Developer/command_module/Code/libraries/rp2040-drf1262-lib/SX1262.cpp.obj
                0x10000bcc                DRF1262::radio_send(unsigned char*, unsigned int)
 .text._ZN7DRF126210disable_txEv
                0x10000c98       0x10 CMakeFiles/radio-test.dir/Users/michaelshipman/Developer/command_module/Code/libraries/rp2040-drf1262-lib/SX1262.cpp.obj
                0x10000c98                DRF1262::disable_tx()
 .text._ZN7DRF126218radio_receive_contEv
                0x10000ca8       0x84 CMakeFiles/radio-test.dir/Users/michaelshipman/Developer/command_module/Code/libraries/rp2040-drf1262-lib/SX1262.cpp.obj
                0x10000ca8                DRF1262::radio_receive_cont()
 .text._ZN7DRF126211set_dio_irqEv
                0x10000d2c       0xe4 CMakeFiles/radio-test.dir/Users/michaelshipman/Developer/command_module/Code/libraries/rp2040-drf1262-lib/SX1262.cpp.obj
                0x10000d2c                DRF1262::set_dio_irq()
 .text._ZN7DRF126216clear_irq_statusEv
                0x10000e10       0x70 CMakeFiles/radio-test.dir/Users/michaelshipman/Developer/command_module/Code/libraries/rp2040-drf1262-lib/SX1262.cpp.obj
                0x10000e10                DRF1262::clear_irq_status()
 .text._ZN7DRF126214get_irq_statusEv
                0x10000e80       0xa4 CMakeFiles/radio-test.dir/Users/michaelshipman/Developer/command_module/Code/libraries/rp2040-drf1262-lib/SX1262.cpp.obj
                0x10000e80                DRF1262::get_irq_status()
 .text._ZN7DRF126220get_rx_buffer_statusEv
                0x10000f24       0x90 CMakeFiles/radio-test.dir/Users/michaelshipman/Developer/command_module/Code/libraries/rp2040-drf1262-lib/SX1262.cpp.obj
                0x10000f24                DRF1262::get_rx_buffer_status()
 .text._ZN7DRF126217read_radio_bufferEPhj
                0x10000fb4       0xd0 CMakeFiles/radio-test.dir/Users/michaelshipman/Developer/command_module/Code/libraries/rp2040-drf1262-lib/SX1262.cpp.obj
                0x10000fb4                DRF1262::read_radio_buffer(unsigned char*, unsigned int)
 .text._ZN7DRF126217get_packet_statusEv
                0x10001084       0xb8 CMakeFiles/radio-test.dir/Users/michaelshipman/Developer/command_module/Code/libraries/rp2040-drf1262-lib/SX1262.cpp.obj
                0x10001084                DRF1262::get_packet_status()
 .text._ZN7DRF12627set_cadEv
                0x1000113c       0x30 CMakeFiles/radio-test.dir/Users/michaelshipman/Developer/command_module/Code/libraries/rp2040-drf1262-lib/SX1262.cpp.obj
                0x1000113c                DRF1262::set_cad()
 .text._ZN7DRF126214set_cad_paramsEv
                0x1000116c       0xc8 CMakeFiles/radio-test.dir/Users/michaelshipman/Developer/command_module/Code/libraries/rp2040-drf1262-lib/SX1262.cpp.obj
                0x1000116c                DRF1262::set_cad_params()
 .text._ZN7DRF126210radio_initEv
                0x10001234      0x2c4 CMakeFiles/radio-test.dir/Users/michaelshipman/Developer/command_module/Code/libraries/rp2040-drf1262-lib/SX1262.cpp.obj
                0x10001234                DRF1262::radio_init()
 .text._Z18log_timer_callbackP15repeating_timer
                0x100014f8        0x4 CMakeFiles/radio-test.dir/Users/michaelshipman/Developer/command_module/Code/BITS/BITSv5/BITS_common/BITSv5.cpp.obj
                0x100014f8                log_timer_callback(repeating_timer*)
 .text._Z5setupb
                0x100014fc       0xd8 CMakeFiles/radio-test.dir/Users/michaelshipman/Developer/command_module/Code/BITS/BITSv5/BITS_common/BITSv5.cpp.obj
                0x100014fc                setup(bool)
 .text._Z6led_onv
                0x100015d4        0xc CMakeFiles/radio-test.dir/Users/michaelshipman/Developer/command_module/Code/BITS/BITSv5/BITS_common/BITSv5.cpp.obj
                0x100015d4                led_on()
 .text._Z7led_offv
                0x100015e0        0xc CMakeFiles/radio-test.dir/Users/michaelshipman/Developer/command_module/Code/BITS/BITSv5/BITS_common/BITSv5.cpp.obj
                0x100015e0                led_off()
 .text._Z17tx_timer_callbackP15repeating_timer
                0x100015ec       0x10 CMakeFiles/radio-test.dir/Users/michaelshipman/Developer/command_module/Code/BITS/BITSv5/BITS_common/BITSv5_Radio.cpp.obj
                0x100015ec                tx_timer_callback(repeating_timer*)
 .text._Z11radio_setupv
                0x100015fc       0x70 CMakeFiles/radio-test.dir/Users/michaelshipman/Developer/command_module/Code/BITS/BITSv5/BITS_common/BITSv5_Radio.cpp.obj
                0x100015fc                radio_setup()
 .text._Z18ack_timer_callbacklPv
                0x1000166c       0x10 CMakeFiles/radio-test.dir/Users/michaelshipman/Developer/command_module/Code/BITS/BITSv5/BITS_common/BITSv5_Radio.cpp.obj
                0x1000166c                ack_timer_callback(long, void*)
 .text._Z9gps_setupv
                0x1000167c       0x20 CMakeFiles/radio-test.dir/Users/michaelshipman/Developer/command_module/Code/BITS/BITSv5/BITS_common/BITSv5_GPS.cpp.obj
                0x1000167c                gps_setup()
 .text.gpio_default_irq_handler
                0x1000169c      0x24c CMakeFiles/radio-test.dir/Users/michaelshipman/Developer/command_module/Code/BITS/BITSv5/pico-sdk/src/rp2_common/hardware_gpio/gpio.c.obj
 .text.gpio_set_function
                0x100018e8       0x30 CMakeFiles/radio-test.dir/Users/michaelshipman/Developer/command_module/Code/BITS/BITSv5/pico-sdk/src/rp2_common/hardware_gpio/gpio.c.obj
                0x100018e8                gpio_set_function
 .text.gpio_set_irq_enabled
                0x10001918       0x54 CMakeFiles/radio-test.dir/Users/michaelshipman/Developer/command_module/Code/BITS/BITSv5/pico-sdk/src/rp2_common/hardware_gpio/gpio.c.obj
                0x10001918                gpio_set_irq_enabled
 .text.gpio_set_irq_enabled_with_callback
                0x1000196c       0xc4 CMakeFiles/radio-test.dir/Users/michaelshipman/Developer/command_module/Code/BITS/BITSv5/pico-sdk/src/rp2_common/hardware_gpio/gpio.c.obj
                0x1000196c                gpio_set_irq_enabled_with_callback
 .text.gpio_init
                0x10001a30       0x3c CMakeFiles/radio-test.dir/Users/michaelshipman/Developer/command_module/Code/BITS/BITSv5/pico-sdk/src/rp2_common/hardware_gpio/gpio.c.obj
                0x10001a30                gpio_init
 .text.running_on_fpga
                0x10001a6c       0x10 CMakeFiles/radio-test.dir/Users/michaelshipman/Developer/command_module/Code/BITS/BITSv5/pico-sdk/src/rp2_common/pico_platform/platform.c.obj
                0x10001a6c                running_on_fpga
 .text.hw_claim_or_assert
                0x10001a7c       0x44 CMakeFiles/radio-test.dir/Users/michaelshipman/Developer/command_module/Code/BITS/BITSv5/pico-sdk/src/rp2_common/hardware_claim/claim.c.obj
                0x10001a7c                hw_claim_or_assert
 .text.hw_claim_unused_from_range
                0x10001ac0       0x9c CMakeFiles/radio-test.dir/Users/michaelshipman/Developer/command_module/Code/BITS/BITSv5/pico-sdk/src/rp2_common/hardware_claim/claim.c.obj
                0x10001ac0                hw_claim_unused_from_range
 .text.spin_locks_reset
                0x10001b5c       0x1c CMakeFiles/radio-test.dir/Users/michaelshipman/Developer/command_module/Code/BITS/BITSv5/pico-sdk/src/rp2_common/hardware_sync/sync.c.obj
                0x10001b5c                spin_locks_reset
 .text.next_striped_spin_lock_num
                0x10001b78       0x18 CMakeFiles/radio-test.dir/Users/michaelshipman/Developer/command_module/Code/BITS/BITSv5/pico-sdk/src/rp2_common/hardware_sync/sync.c.obj
                0x10001b78                next_striped_spin_lock_num
 .text.spin_lock_claim_unused
                0x10001b90       0x24 CMakeFiles/radio-test.dir/Users/michaelshipman/Developer/command_module/Code/BITS/BITSv5/pico-sdk/src/rp2_common/hardware_sync/sync.c.obj
                0x10001b90                spin_lock_claim_unused
 .text.irq_set_enabled
                0x10001bb4       0x24 CMakeFiles/radio-test.dir/Users/michaelshipman/Developer/command_module/Code/BITS/BITSv5/pico-sdk/src/rp2_common/hardware_irq/irq.c.obj
                0x10001bb4                irq_set_enabled
 .text.irq_set_pending
                0x10001bd8       0x10 CMakeFiles/radio-test.dir/Users/michaelshipman/Developer/command_module/Code/BITS/BITSv5/pico-sdk/src/rp2_common/hardware_irq/irq.c.obj
                0x10001bd8                irq_set_pending
 .text.irq_has_shared_handler
                0x10001be8       0x2c CMakeFiles/radio-test.dir/Users/michaelshipman/Developer/command_module/Code/BITS/BITSv5/pico-sdk/src/rp2_common/hardware_irq/irq.c.obj
                0x10001be8                irq_has_shared_handler
 .text.irq_get_vtable_handler
                0x10001c14       0x10 CMakeFiles/radio-test.dir/Users/michaelshipman/Developer/command_module/Code/BITS/BITSv5/pico-sdk/src/rp2_common/hardware_irq/irq.c.obj
                0x10001c14                irq_get_vtable_handler
 .text.irq_set_exclusive_handler
                0x10001c24       0x54 CMakeFiles/radio-test.dir/Users/michaelshipman/Developer/command_module/Code/BITS/BITSv5/pico-sdk/src/rp2_common/hardware_irq/irq.c.obj
                0x10001c24                irq_set_exclusive_handler
 .text.irq_add_shared_handler
                0x10001c78      0x1f4 CMakeFiles/radio-test.dir/Users/michaelshipman/Developer/command_module/Code/BITS/BITSv5/pico-sdk/src/rp2_common/hardware_irq/irq.c.obj
                0x10001c78                irq_add_shared_handler
 .text.irq_remove_handler
                0x10001e6c      0x1c4 CMakeFiles/radio-test.dir/Users/michaelshipman/Developer/command_module/Code/BITS/BITSv5/pico-sdk/src/rp2_common/hardware_irq/irq.c.obj
                0x10001e6c                irq_remove_handler
 .text.irq_add_tail_to_free_list
                0x10002030       0xb4 CMakeFiles/radio-test.dir/Users/michaelshipman/Developer/command_module/Code/BITS/BITSv5/pico-sdk/src/rp2_common/hardware_irq/irq.c.obj
                0x10002030                irq_add_tail_to_free_list
 .text.irq_init_priorities
                0x100020e4       0x24 CMakeFiles/radio-test.dir/Users/michaelshipman/Developer/command_module/Code/BITS/BITSv5/pico-sdk/src/rp2_common/hardware_irq/irq.c.obj
                0x100020e4                irq_init_priorities
 .text.user_irq_claim_unused
                0x10002108       0x2c CMakeFiles/radio-test.dir/Users/michaelshipman/Developer/command_module/Code/BITS/BITSv5/pico-sdk/src/rp2_common/hardware_irq/irq.c.obj
                0x10002108                user_irq_claim_unused
 .text.lock_init
                0x10002134       0x10 CMakeFiles/radio-test.dir/Users/michaelshipman/Developer/command_module/Code/BITS/BITSv5/pico-sdk/src/common/pico_sync/lock_core.c.obj
                0x10002134                lock_init
 .text.mutex_init
                0x10002144       0x1c CMakeFiles/radio-test.dir/Users/michaelshipman/Developer/command_module/Code/BITS/BITSv5/pico-sdk/src/common/pico_sync/mutex.c.obj
                0x10002144                mutex_init
 .text.recursive_mutex_init
                0x10002160       0x1c CMakeFiles/radio-test.dir/Users/michaelshipman/Developer/command_module/Code/BITS/BITSv5/pico-sdk/src/common/pico_sync/mutex.c.obj
                0x10002160                recursive_mutex_init
 .text.critical_section_init
                0x1000217c       0x1c CMakeFiles/radio-test.dir/Users/michaelshipman/Developer/command_module/Code/BITS/BITSv5/pico-sdk/src/common/pico_sync/critical_section.c.obj
                0x1000217c                critical_section_init
 .text.critical_section_init_with_lock_num
                0x10002198       0x14 CMakeFiles/radio-test.dir/Users/michaelshipman/Developer/command_module/Code/BITS/BITSv5/pico-sdk/src/common/pico_sync/critical_section.c.obj
                0x10002198                critical_section_init_with_lock_num
 .text.timer_pool_entry_comparator
                0x100021ac       0x34 CMakeFiles/radio-test.dir/Users/michaelshipman/Developer/command_module/Code/BITS/BITSv5/pico-sdk/src/common/pico_time/time.c.obj
                0x100021ac                timer_pool_entry_comparator
 .text.repeating_timer_callback
                0x100021e0       0x1c CMakeFiles/radio-test.dir/Users/michaelshipman/Developer/command_module/Code/BITS/BITSv5/pico-sdk/src/common/pico_time/time.c.obj
 .text.sleep_until_callback
                0x100021fc       0x30 CMakeFiles/radio-test.dir/Users/michaelshipman/Developer/command_module/Code/BITS/BITSv5/pico-sdk/src/common/pico_time/time.c.obj
 .text.add_alarm_under_lock.isra.0
                0x1000222c      0x100 CMakeFiles/radio-test.dir/Users/michaelshipman/Developer/command_module/Code/BITS/BITSv5/pico-sdk/src/common/pico_time/time.c.obj
 .text.alarm_pool_alarm_callback
                0x1000232c      0x1c0 CMakeFiles/radio-test.dir/Users/michaelshipman/Developer/command_module/Code/BITS/BITSv5/pico-sdk/src/common/pico_time/time.c.obj
 .text.alarm_pool_init_default
                0x100024ec       0x6c CMakeFiles/radio-test.dir/Users/michaelshipman/Developer/command_module/Code/BITS/BITSv5/pico-sdk/src/common/pico_time/time.c.obj
                0x100024ec                alarm_pool_init_default
 .text.alarm_pool_get_default
                0x10002558        0x8 CMakeFiles/radio-test.dir/Users/michaelshipman/Developer/command_module/Code/BITS/BITSv5/pico-sdk/src/common/pico_time/time.c.obj
                0x10002558                alarm_pool_get_default
 .text.alarm_pool_create_with_unused_hardware_alarm
                0x10002560       0x74 CMakeFiles/radio-test.dir/Users/michaelshipman/Developer/command_module/Code/BITS/BITSv5/pico-sdk/src/common/pico_time/time.c.obj
                0x10002560                alarm_pool_create_with_unused_hardware_alarm
 .text.alarm_pool_add_alarm_at
                0x100025d4      0x17c CMakeFiles/radio-test.dir/Users/michaelshipman/Developer/command_module/Code/BITS/BITSv5/pico-sdk/src/common/pico_time/time.c.obj
                0x100025d4                alarm_pool_add_alarm_at
 .text.alarm_pool_core_num
                0x10002750        0x4 CMakeFiles/radio-test.dir/Users/michaelshipman/Developer/command_module/Code/BITS/BITSv5/pico-sdk/src/common/pico_time/time.c.obj
                0x10002750                alarm_pool_core_num
 .text.alarm_pool_add_repeating_timer_us
                0x10002754      0x210 CMakeFiles/radio-test.dir/Users/michaelshipman/Developer/command_module/Code/BITS/BITSv5/pico-sdk/src/common/pico_time/time.c.obj
                0x10002754                alarm_pool_add_repeating_timer_us
 .text.sleep_until
                0x10002964       0xc4 CMakeFiles/radio-test.dir/Users/michaelshipman/Developer/command_module/Code/BITS/BITSv5/pico-sdk/src/common/pico_time/time.c.obj
                0x10002964                sleep_until
 .text.sleep_ms
                0x10002a28       0x38 CMakeFiles/radio-test.dir/Users/michaelshipman/Developer/command_module/Code/BITS/BITSv5/pico-sdk/src/common/pico_time/time.c.obj
                0x10002a28                sleep_ms
 .text.best_effort_wfe_or_timeout
                0x10002a60       0xcc CMakeFiles/radio-test.dir/Users/michaelshipman/Developer/command_module/Code/BITS/BITSv5/pico-sdk/src/common/pico_time/time.c.obj
                0x10002a60                best_effort_wfe_or_timeout
 .text.hardware_alarm_irq_handler
                0x10002b2c       0xbc CMakeFiles/radio-test.dir/Users/michaelshipman/Developer/command_module/Code/BITS/BITSv5/pico-sdk/src/rp2_common/hardware_timer/timer.c.obj
 .text.hardware_alarm_claim
                0x10002be8       0x18 CMakeFiles/radio-test.dir/Users/michaelshipman/Developer/command_module/Code/BITS/BITSv5/pico-sdk/src/rp2_common/hardware_timer/timer.c.obj
                0x10002be8                hardware_alarm_claim
 .text.hardware_alarm_claim_unused
                0x10002c00       0x24 CMakeFiles/radio-test.dir/Users/michaelshipman/Developer/command_module/Code/BITS/BITSv5/pico-sdk/src/rp2_common/hardware_timer/timer.c.obj
                0x10002c00                hardware_alarm_claim_unused
 .text.time_us_64
                0x10002c24       0x14 CMakeFiles/radio-test.dir/Users/michaelshipman/Developer/command_module/Code/BITS/BITSv5/pico-sdk/src/rp2_common/hardware_timer/timer.c.obj
                0x10002c24                time_us_64
 .text.busy_wait_us
                0x10002c38       0x68 CMakeFiles/radio-test.dir/Users/michaelshipman/Developer/command_module/Code/BITS/BITSv5/pico-sdk/src/rp2_common/hardware_timer/timer.c.obj
                0x10002c38                busy_wait_us
 .text.busy_wait_until
                0x10002ca0       0x20 CMakeFiles/radio-test.dir/Users/michaelshipman/Developer/command_module/Code/BITS/BITSv5/pico-sdk/src/rp2_common/hardware_timer/timer.c.obj
                0x10002ca0                busy_wait_until
 .text.hardware_alarm_set_callback
                0x10002cc0       0x8c CMakeFiles/radio-test.dir/Users/michaelshipman/Developer/command_module/Code/BITS/BITSv5/pico-sdk/src/rp2_common/hardware_timer/timer.c.obj
                0x10002cc0                hardware_alarm_set_callback
 .text.hardware_alarm_set_target
                0x10002d4c       0xd0 CMakeFiles/radio-test.dir/Users/michaelshipman/Developer/command_module/Code/BITS/BITSv5/pico-sdk/src/rp2_common/hardware_timer/timer.c.obj
                0x10002d4c                hardware_alarm_set_target
 .text.hardware_alarm_cancel
                0x10002e1c       0x3c CMakeFiles/radio-test.dir/Users/michaelshipman/Developer/command_module/Code/BITS/BITSv5/pico-sdk/src/rp2_common/hardware_timer/timer.c.obj
                0x10002e1c                hardware_alarm_cancel
 .text.ph_merge_nodes
                0x10002e58       0x58 CMakeFiles/radio-test.dir/Users/michaelshipman/Developer/command_module/Code/BITS/BITSv5/pico-sdk/src/common/pico_util/pheap.c.obj
 .text.ph_create
                0x10002eb0       0x60 CMakeFiles/radio-test.dir/Users/michaelshipman/Developer/command_module/Code/BITS/BITSv5/pico-sdk/src/common/pico_util/pheap.c.obj
                0x10002eb0                ph_create
 .text.ph_post_alloc_init
                0x10002f10       0x3c CMakeFiles/radio-test.dir/Users/michaelshipman/Developer/command_module/Code/BITS/BITSv5/pico-sdk/src/common/pico_util/pheap.c.obj
                0x10002f10                ph_post_alloc_init
 .text.ph_merge_two_pass
                0x10002f4c       0x8c CMakeFiles/radio-test.dir/Users/michaelshipman/Developer/command_module/Code/BITS/BITSv5/pico-sdk/src/common/pico_util/pheap.c.obj
                0x10002f4c                ph_merge_two_pass
 .text.ph_remove_any_head
                0x10002fd8      0x100 CMakeFiles/radio-test.dir/Users/michaelshipman/Developer/command_module/Code/BITS/BITSv5/pico-sdk/src/common/pico_util/pheap.c.obj
 .text.ph_remove_head
                0x100030d8      0x104 CMakeFiles/radio-test.dir/Users/michaelshipman/Developer/command_module/Code/BITS/BITSv5/pico-sdk/src/common/pico_util/pheap.c.obj
                0x100030d8                ph_remove_head
 .text.ph_remove_and_free_node
                0x100031dc       0x78 CMakeFiles/radio-test.dir/Users/michaelshipman/Developer/command_module/Code/BITS/BITSv5/pico-sdk/src/common/pico_util/pheap.c.obj
                0x100031dc                ph_remove_and_free_node
 .text.uart_init
                0x10003254      0x18c CMakeFiles/radio-test.dir/Users/michaelshipman/Developer/command_module/Code/BITS/BITSv5/pico-sdk/src/rp2_common/hardware_uart/uart.c.obj
                0x10003254                uart_init
 .text.clocks_init
                0x100033e0      0x2c8 CMakeFiles/radio-test.dir/Users/michaelshipman/Developer/command_module/Code/BITS/BITSv5/pico-sdk/src/rp2_common/hardware_clocks/clocks.c.obj
                0x100033e0                clocks_init
 .text.clock_get_hz
                0x100036a8        0xc CMakeFiles/radio-test.dir/Users/michaelshipman/Developer/command_module/Code/BITS/BITSv5/pico-sdk/src/rp2_common/hardware_clocks/clocks.c.obj
                0x100036a8                clock_get_hz
 .text.pll_init
                0x100036b4       0xa4 CMakeFiles/radio-test.dir/Users/michaelshipman/Developer/command_module/Code/BITS/BITSv5/pico-sdk/src/rp2_common/hardware_pll/pll.c.obj
                0x100036b4                pll_init
 .text.watchdog_start_tick
                0x10003758       0x10 CMakeFiles/radio-test.dir/Users/michaelshipman/Developer/command_module/Code/BITS/BITSv5/pico-sdk/src/rp2_common/hardware_watchdog/watchdog.c.obj
                0x10003758                watchdog_start_tick
 .text.watchdog_reboot
                0x10003768       0x9c CMakeFiles/radio-test.dir/Users/michaelshipman/Developer/command_module/Code/BITS/BITSv5/pico-sdk/src/rp2_common/hardware_watchdog/watchdog.c.obj
                0x10003768                watchdog_reboot
 .text.xosc_init
                0x10003804       0x28 CMakeFiles/radio-test.dir/Users/michaelshipman/Developer/command_module/Code/BITS/BITSv5/pico-sdk/src/rp2_common/hardware_xosc/xosc.c.obj
                0x10003804                xosc_init
 .text.runtime_init
                0x1000382c       0xf0 CMakeFiles/radio-test.dir/Users/michaelshipman/Developer/command_module/Code/BITS/BITSv5/pico-sdk/src/rp2_common/pico_runtime/runtime.c.obj
                0x1000382c                runtime_init
 .text._exit    0x1000391c        0x4 CMakeFiles/radio-test.dir/Users/michaelshipman/Developer/command_module/Code/BITS/BITSv5/pico-sdk/src/rp2_common/pico_runtime/runtime.c.obj
                0x1000391c                _exit
 .text._sbrk    0x10003920       0x34 CMakeFiles/radio-test.dir/Users/michaelshipman/Developer/command_module/Code/BITS/BITSv5/pico-sdk/src/rp2_common/pico_runtime/runtime.c.obj
                0x10003920                _sbrk
 .text.exit     0x10003954        0x8 CMakeFiles/radio-test.dir/Users/michaelshipman/Developer/command_module/Code/BITS/BITSv5/pico-sdk/src/rp2_common/pico_runtime/runtime.c.obj
                0x10003954                exit
 .text.panic    0x1000395c       0x30 CMakeFiles/radio-test.dir/Users/michaelshipman/Developer/command_module/Code/BITS/BITSv5/pico-sdk/src/rp2_common/pico_runtime/runtime.c.obj
                0x1000395c                panic
 .text.hard_assertion_failure
                0x1000398c        0xc CMakeFiles/radio-test.dir/Users/michaelshipman/Developer/command_module/Code/BITS/BITSv5/pico-sdk/src/rp2_common/pico_runtime/runtime.c.obj
                0x1000398c                hard_assertion_failure
 .text._out_null
                0x10003998        0x4 CMakeFiles/radio-test.dir/Users/michaelshipman/Developer/command_module/Code/BITS/BITSv5/pico-sdk/src/rp2_common/pico_printf/printf.c.obj
 .text._out_rev
                0x1000399c       0xac CMakeFiles/radio-test.dir/Users/michaelshipman/Developer/command_module/Code/BITS/BITSv5/pico-sdk/src/rp2_common/pico_printf/printf.c.obj
 .text._ntoa_format
                0x10003a48      0x250 CMakeFiles/radio-test.dir/Users/michaelshipman/Developer/command_module/Code/BITS/BITSv5/pico-sdk/src/rp2_common/pico_printf/printf.c.obj
 .text._out_char
                0x10003c98       0x10 CMakeFiles/radio-test.dir/Users/michaelshipman/Developer/command_module/Code/BITS/BITSv5/pico-sdk/src/rp2_common/pico_printf/printf.c.obj
 .text._out_fct
                0x10003ca8       0x10 CMakeFiles/radio-test.dir/Users/michaelshipman/Developer/command_module/Code/BITS/BITSv5/pico-sdk/src/rp2_common/pico_printf/printf.c.obj
 .text._etoa    0x10003cb8      0x464 CMakeFiles/radio-test.dir/Users/michaelshipman/Developer/command_module/Code/BITS/BITSv5/pico-sdk/src/rp2_common/pico_printf/printf.c.obj
 .text._ftoa    0x1000411c      0x3c0 CMakeFiles/radio-test.dir/Users/michaelshipman/Developer/command_module/Code/BITS/BITSv5/pico-sdk/src/rp2_common/pico_printf/printf.c.obj
 .text._vsnprintf
                0x100044dc      0xbc8 CMakeFiles/radio-test.dir/Users/michaelshipman/Developer/command_module/Code/BITS/BITSv5/pico-sdk/src/rp2_common/pico_printf/printf.c.obj
 .text.vfctprintf
                0x100050a4       0x20 CMakeFiles/radio-test.dir/Users/michaelshipman/Developer/command_module/Code/BITS/BITSv5/pico-sdk/src/rp2_common/pico_printf/printf.c.obj
                0x100050a4                vfctprintf
 .text.weak_raw_vprintf
                0x100050c4       0x30 CMakeFiles/radio-test.dir/Users/michaelshipman/Developer/command_module/Code/BITS/BITSv5/pico-sdk/src/rp2_common/pico_printf/printf.c.obj
                0x100050c4                weak_raw_vprintf
 .text          0x100050f4       0x10 CMakeFiles/radio-test.dir/Users/michaelshipman/Developer/command_module/Code/BITS/BITSv5/pico-sdk/src/rp2_common/pico_bit_ops/bit_ops_aeabi.S.obj
 .text.rom_func_lookup
                0x10005104       0x10 CMakeFiles/radio-test.dir/Users/michaelshipman/Developer/command_module/Code/BITS/BITSv5/pico-sdk/src/rp2_common/pico_bootrom/bootrom.c.obj
                0x10005104                rom_func_lookup
 .text.rom_data_lookup
                0x10005114       0x10 CMakeFiles/radio-test.dir/Users/michaelshipman/Developer/command_module/Code/BITS/BITSv5/pico-sdk/src/rp2_common/pico_bootrom/bootrom.c.obj
                0x10005114                rom_data_lookup
 .text.rom_funcs_lookup
                0x10005124       0x44 CMakeFiles/radio-test.dir/Users/michaelshipman/Developer/command_module/Code/BITS/BITSv5/pico-sdk/src/rp2_common/pico_bootrom/bootrom.c.obj
                0x10005124                rom_funcs_lookup
 .text.__wrap___aeabi_idiv
                0x10005168       0x50 CMakeFiles/radio-test.dir/Users/michaelshipman/Developer/command_module/Code/BITS/BITSv5/pico-sdk/src/rp2_common/pico_divider/divider.S.obj
                0x10005168                __wrap___aeabi_idivmod
                0x10005168                divmod_s32s32
                0x10005168                div_s32s32
                0x10005168                __wrap___aeabi_idiv
                0x10005170                divmod_s32s32_unsafe
                0x1000519c                divmod_s32s32_savestate
 .text.__wrap___aeabi_uidiv
                0x100051b8       0x4c CMakeFiles/radio-test.dir/Users/michaelshipman/Developer/command_module/Code/BITS/BITSv5/pico-sdk/src/rp2_common/pico_divider/divider.S.obj
                0x100051b8                __wrap___aeabi_uidiv
                0x100051b8                __wrap___aeabi_uidivmod
                0x100051b8                div_u32u32
                0x100051b8                divmod_u32u32
                0x100051c0                divmod_u32u32_unsafe
                0x100051e8                divmod_u32u32_savestate
 .text.__wrap___aeabi_ldiv
                0x10005204      0x424 CMakeFiles/radio-test.dir/Users/michaelshipman/Developer/command_module/Code/BITS/BITSv5/pico-sdk/src/rp2_common/pico_divider/divider.S.obj
                0x10005204                __wrap___aeabi_ldivmod
                0x10005204                div_s64s64
                0x10005204                divmod_s64s64
                0x10005234                divmod_u64u64
                0x10005234                div_u64u64
                0x10005234                __wrap___aeabi_uldivmod
                0x10005244                divmod_u64u64_savestate
                0x10005264                divmod_s64s64_unsafe
                0x100052ec                divmod_u64u64_unsafe
 .text.__wrap___aeabi_darithmetic
                0x10005628       0x80 CMakeFiles/radio-test.dir/Users/michaelshipman/Developer/command_module/Code/BITS/BITSv5/pico-sdk/src/rp2_common/pico_double/double_aeabi.S.obj
                0x10005628                __wrap___aeabi_drsub
                0x1000562e                __wrap___aeabi_dsub
                0x10005640                __wrap___aeabi_dadd
                0x10005652                __wrap___aeabi_ddiv
                0x1000568e                __wrap___aeabi_dmul
 .text.__wrap___aeabi_cdcmple
                0x100056a8       0x6c CMakeFiles/radio-test.dir/Users/michaelshipman/Developer/command_module/Code/BITS/BITSv5/pico-sdk/src/rp2_common/pico_double/double_aeabi.S.obj
                0x100056a8                __wrap___aeabi_cdrcmple
                0x100056b8                __wrap___aeabi_cdcmple
                0x100056b8                __wrap___aeabi_cdcmpeq
 .text.__wrap___aeabi_dcmplt
                0x10005714        0xc CMakeFiles/radio-test.dir/Users/michaelshipman/Developer/command_module/Code/BITS/BITSv5/pico-sdk/src/rp2_common/pico_double/double_aeabi.S.obj
                0x10005714                __wrap___aeabi_dcmplt
 .text.__wrap___aeabi_dcmpge
                0x10005720       0x10 CMakeFiles/radio-test.dir/Users/michaelshipman/Developer/command_module/Code/BITS/BITSv5/pico-sdk/src/rp2_common/pico_double/double_aeabi.S.obj
                0x10005720                __wrap___aeabi_dcmpge
 .text.__wrap___aeabi_dcmpgt
                0x10005730        0xa CMakeFiles/radio-test.dir/Users/michaelshipman/Developer/command_module/Code/BITS/BITSv5/pico-sdk/src/rp2_common/pico_double/double_aeabi.S.obj
                0x10005730                __wrap___aeabi_dcmpgt
 .text.__wrap___aeabi_dcmpun
                0x1000573a       0x1c CMakeFiles/radio-test.dir/Users/michaelshipman/Developer/command_module/Code/BITS/BITSv5/pico-sdk/src/rp2_common/pico_double/double_aeabi.S.obj
                0x1000573a                __wrap___aeabi_dcmpun
 *fill*         0x10005756        0x2 
 .text.__wrap___aeabi_i2d
                0x10005758       0x38 CMakeFiles/radio-test.dir/Users/michaelshipman/Developer/command_module/Code/BITS/BITSv5/pico-sdk/src/rp2_common/pico_double/double_aeabi.S.obj
                0x10005758                __wrap___aeabi_ui2d
                0x10005760                __wrap___aeabi_i2d
 .text.__wrap___aeabi_d2iz
                0x10005790       0x48 CMakeFiles/radio-test.dir/Users/michaelshipman/Developer/command_module/Code/BITS/BITSv5/pico-sdk/src/rp2_common/pico_double/double_aeabi.S.obj
                0x10005790                __wrap___aeabi_d2iz
                0x10005790                double2int_z
 .text.__wrap___aeabi_d2uiz
                0x100057d8       0x18 CMakeFiles/radio-test.dir/Users/michaelshipman/Developer/command_module/Code/BITS/BITSv5/pico-sdk/src/rp2_common/pico_double/double_aeabi.S.obj
                0x100057d8                double2uint
                0x100057d8                __wrap___aeabi_d2uiz
 .text.__aeabi_double_init
                0x100057f0       0x98 CMakeFiles/radio-test.dir/Users/michaelshipman/Developer/command_module/Code/BITS/BITSv5/pico-sdk/src/rp2_common/pico_double/double_init_rom.c.obj
                0x100057f0                __aeabi_double_init
 .text.double_table_shim_on_use_helper
                0x10005888       0x2c CMakeFiles/radio-test.dir/Users/michaelshipman/Developer/command_module/Code/BITS/BITSv5/pico-sdk/src/rp2_common/pico_double/double_v1_rom_shim.S.obj
                0x10005888                double_table_shim_on_use_helper
 .text.__wrap___aeabi_dsub
                0x100058b4       0x10 CMakeFiles/radio-test.dir/Users/michaelshipman/Developer/command_module/Code/BITS/BITSv5/pico-sdk/src/rp2_common/pico_double/double_v1_rom_shim.S.obj
                0x100058b4                drsub_shim
                0x100058ba                dsub_shim
 .text.dadd_shim
                0x100058c4      0x15c CMakeFiles/radio-test.dir/Users/michaelshipman/Developer/command_module/Code/BITS/BITSv5/pico-sdk/src/rp2_common/pico_double/double_v1_rom_shim.S.obj
                0x100058c4                dadd_shim
 .text.dmul_shim
                0x10005a20      0x15c CMakeFiles/radio-test.dir/Users/michaelshipman/Developer/command_module/Code/BITS/BITSv5/pico-sdk/src/rp2_common/pico_double/double_v1_rom_shim.S.obj
                0x10005a20                dmul_shim
 .text.ddiv_shim
                0x10005b7c      0x1b0 CMakeFiles/radio-test.dir/Users/michaelshipman/Developer/command_module/Code/BITS/BITSv5/pico-sdk/src/rp2_common/pico_double/double_v1_rom_shim.S.obj
                0x10005b7c                ddiv_shim
 .text.double2uint_shim
                0x10005d2c        0xe CMakeFiles/radio-test.dir/Users/michaelshipman/Developer/command_module/Code/BITS/BITSv5/pico-sdk/src/rp2_common/pico_double/double_v1_rom_shim.S.obj
                0x10005d2c                double2uint_shim
                0x10005d2e                double2ufix_shim
 *fill*         0x10005d3a        0x2 
 .text.double2uint64_shim
                0x10005d3c       0x70 CMakeFiles/radio-test.dir/Users/michaelshipman/Developer/command_module/Code/BITS/BITSv5/pico-sdk/src/rp2_common/pico_double/double_v1_rom_shim.S.obj
                0x10005d3c                double2uint64_shim
                0x10005d3e                double2ufix64_shim
                0x10005d5e                d2fix_a
 .text.dunpacks
                0x10005dac       0x3c CMakeFiles/radio-test.dir/Users/michaelshipman/Developer/command_module/Code/BITS/BITSv5/pico-sdk/src/rp2_common/pico_double/double_v1_rom_shim.S.obj
                0x10005dac                dunpacks
 .text.__aeabi_lmul
                0x10005de8       0x32 CMakeFiles/radio-test.dir/Users/michaelshipman/Developer/command_module/Code/BITS/BITSv5/pico-sdk/src/rp2_common/pico_int64_ops/pico_int64_ops_aeabi.S.obj
                0x10005de8                __wrap___aeabi_lmul
 *fill*         0x10005e1a        0x2 
 .text.__aeabi_float_init
                0x10005e1c       0x64 CMakeFiles/radio-test.dir/Users/michaelshipman/Developer/command_module/Code/BITS/BITSv5/pico-sdk/src/rp2_common/pico_float/float_init_rom.c.obj
                0x10005e1c                __aeabi_float_init
 .text.float_table_shim_on_use_helper
                0x10005e80       0x2c CMakeFiles/radio-test.dir/Users/michaelshipman/Developer/command_module/Code/BITS/BITSv5/pico-sdk/src/rp2_common/pico_float/float_v1_rom_shim.S.obj
                0x10005e80                float_table_shim_on_use_helper
 .text.__wrap_malloc
                0x10005eac       0x24 CMakeFiles/radio-test.dir/Users/michaelshipman/Developer/command_module/Code/BITS/BITSv5/pico-sdk/src/rp2_common/pico_malloc/pico_malloc.c.obj
                0x10005eac                __wrap_malloc
 .text.__wrap_calloc
                0x10005ed0       0x24 CMakeFiles/radio-test.dir/Users/michaelshipman/Developer/command_module/Code/BITS/BITSv5/pico-sdk/src/rp2_common/pico_malloc/pico_malloc.c.obj
                0x10005ed0                __wrap_calloc
 .text          0x10005ef4       0x10 CMakeFiles/radio-test.dir/Users/michaelshipman/Developer/command_module/Code/BITS/BITSv5/pico-sdk/src/rp2_common/pico_mem_ops/mem_ops_aeabi.S.obj
                0x10005ef4                __aeabi_mem_init
 .text.memset   0x10005f04        0xc CMakeFiles/radio-test.dir/Users/michaelshipman/Developer/command_module/Code/BITS/BITSv5/pico-sdk/src/rp2_common/pico_mem_ops/mem_ops_aeabi.S.obj
                0x10005f04                __wrap_memset
 .text.memcpy   0x10005f10        0xc CMakeFiles/radio-test.dir/Users/michaelshipman/Developer/command_module/Code/BITS/BITSv5/pico-sdk/src/rp2_common/pico_mem_ops/mem_ops_aeabi.S.obj
                0x10005f10                __wrap___aeabi_memcpy
                0x10005f10                __wrap_memcpy
 .text.stdio_out_chars_crlf
                0x10005f1c       0x94 CMakeFiles/radio-test.dir/Users/michaelshipman/Developer/command_module/Code/BITS/BITSv5/pico-sdk/src/rp2_common/pico_stdio/stdio.c.obj
 .text.stdio_buffered_printer
                0x10005fb0       0x64 CMakeFiles/radio-test.dir/Users/michaelshipman/Developer/command_module/Code/BITS/BITSv5/pico-sdk/src/rp2_common/pico_stdio/stdio.c.obj
 .text.__wrap_putchar
                0x10006014       0x98 CMakeFiles/radio-test.dir/Users/michaelshipman/Developer/command_module/Code/BITS/BITSv5/pico-sdk/src/rp2_common/pico_stdio/stdio.c.obj
                0x10006014                __wrap_putchar
 .text.__wrap_puts
                0x100060ac       0xe0 CMakeFiles/radio-test.dir/Users/michaelshipman/Developer/command_module/Code/BITS/BITSv5/pico-sdk/src/rp2_common/pico_stdio/stdio.c.obj
                0x100060ac                __wrap_puts
 .text.stdio_set_driver_enabled
                0x1000618c       0x30 CMakeFiles/radio-test.dir/Users/michaelshipman/Developer/command_module/Code/BITS/BITSv5/pico-sdk/src/rp2_common/pico_stdio/stdio.c.obj
                0x1000618c                stdio_set_driver_enabled
 .text.__wrap_vprintf
                0x100061bc       0xd4 CMakeFiles/radio-test.dir/Users/michaelshipman/Developer/command_module/Code/BITS/BITSv5/pico-sdk/src/rp2_common/pico_stdio/stdio.c.obj
                0x100061bc                __wrap_vprintf
 .text.__wrap_printf
                0x10006290       0x18 CMakeFiles/radio-test.dir/Users/michaelshipman/Developer/command_module/Code/BITS/BITSv5/pico-sdk/src/rp2_common/pico_stdio/stdio.c.obj
                0x10006290                __wrap_printf
 .text.stdio_init_all
                0x100062a8       0x10 CMakeFiles/radio-test.dir/Users/michaelshipman/Developer/command_module/Code/BITS/BITSv5/pico-sdk/src/rp2_common/pico_stdio/stdio.c.obj
                0x100062a8                stdio_init_all
 .text.stdio_uart_out_chars
                0x100062b8       0x4c CMakeFiles/radio-test.dir/Users/michaelshipman/Developer/command_module/Code/BITS/BITSv5/pico-sdk/src/rp2_common/pico_stdio_uart/stdio_uart.c.obj
 .text.stdio_uart_in_chars
                0x10006304       0x90 CMakeFiles/radio-test.dir/Users/michaelshipman/Developer/command_module/Code/BITS/BITSv5/pico-sdk/src/rp2_common/pico_stdio_uart/stdio_uart.c.obj
                0x10006304                stdio_uart_in_chars
 .text.on_uart_rx
                0x10006394       0x28 CMakeFiles/radio-test.dir/Users/michaelshipman/Developer/command_module/Code/BITS/BITSv5/pico-sdk/src/rp2_common/pico_stdio_uart/stdio_uart.c.obj
 .text.stdio_uart_set_chars_available_callback
                0x100063bc       0x8c CMakeFiles/radio-test.dir/Users/michaelshipman/Developer/command_module/Code/BITS/BITSv5/pico-sdk/src/rp2_common/pico_stdio_uart/stdio_uart.c.obj
 .text.stdio_uart_init
                0x10006448       0x48 CMakeFiles/radio-test.dir/Users/michaelshipman/Developer/command_module/Code/BITS/BITSv5/pico-sdk/src/rp2_common/pico_stdio_uart/stdio_uart.c.obj
                0x10006448                stdio_uart_init
 .text.resetd_init
                0x10006490        0x4 CMakeFiles/radio-test.dir/Users/michaelshipman/Developer/command_module/Code/BITS/BITSv5/pico-sdk/src/rp2_common/pico_stdio_usb/reset_interface.c.obj
 .text.resetd_reset
                0x10006494        0xc CMakeFiles/radio-test.dir/Users/michaelshipman/Developer/command_module/Code/BITS/BITSv5/pico-sdk/src/rp2_common/pico_stdio_usb/reset_interface.c.obj
 .text.resetd_open
                0x100064a0       0x28 CMakeFiles/radio-test.dir/Users/michaelshipman/Developer/command_module/Code/BITS/BITSv5/pico-sdk/src/rp2_common/pico_stdio_usb/reset_interface.c.obj
 .text.resetd_xfer_cb
                0x100064c8        0x4 CMakeFiles/radio-test.dir/Users/michaelshipman/Developer/command_module/Code/BITS/BITSv5/pico-sdk/src/rp2_common/pico_stdio_usb/reset_interface.c.obj
 .text.resetd_control_xfer_cb
                0x100064cc       0x60 CMakeFiles/radio-test.dir/Users/michaelshipman/Developer/command_module/Code/BITS/BITSv5/pico-sdk/src/rp2_common/pico_stdio_usb/reset_interface.c.obj
 .text.usbd_app_driver_get_cb
                0x1000652c        0xc CMakeFiles/radio-test.dir/Users/michaelshipman/Developer/command_module/Code/BITS/BITSv5/pico-sdk/src/rp2_common/pico_stdio_usb/reset_interface.c.obj
                0x1000652c                usbd_app_driver_get_cb
 .text.tud_cdc_line_coding_cb
                0x10006538       0x34 CMakeFiles/radio-test.dir/Users/michaelshipman/Developer/command_module/Code/BITS/BITSv5/pico-sdk/src/rp2_common/pico_stdio_usb/reset_interface.c.obj
                0x10006538                tud_cdc_line_coding_cb
 .text.stdio_usb_set_chars_available_callback
                0x1000656c       0x14 CMakeFiles/radio-test.dir/Users/michaelshipman/Developer/command_module/Code/BITS/BITSv5/pico-sdk/src/rp2_common/pico_stdio_usb/stdio_usb.c.obj
                0x1000656c                stdio_usb_set_chars_available_callback
 .text.usb_irq  0x10006580       0x10 CMakeFiles/radio-test.dir/Users/michaelshipman/Developer/command_module/Code/BITS/BITSv5/pico-sdk/src/rp2_common/pico_stdio_usb/stdio_usb.c.obj
 .text.timer_task
                0x10006590       0x54 CMakeFiles/radio-test.dir/Users/michaelshipman/Developer/command_module/Code/BITS/BITSv5/pico-sdk/src/rp2_common/pico_stdio_usb/stdio_usb.c.obj
 .text.stdio_usb_in_chars
                0x100065e4       0x90 CMakeFiles/radio-test.dir/Users/michaelshipman/Developer/command_module/Code/BITS/BITSv5/pico-sdk/src/rp2_common/pico_stdio_usb/stdio_usb.c.obj
                0x100065e4                stdio_usb_in_chars
 .text.stdio_usb_out_chars
                0x10006674      0x104 CMakeFiles/radio-test.dir/Users/michaelshipman/Developer/command_module/Code/BITS/BITSv5/pico-sdk/src/rp2_common/pico_stdio_usb/stdio_usb.c.obj
 .text.low_priority_worker_irq
                0x10006778       0xa8 CMakeFiles/radio-test.dir/Users/michaelshipman/Developer/command_module/Code/BITS/BITSv5/pico-sdk/src/rp2_common/pico_stdio_usb/stdio_usb.c.obj
 .text.tud_cdc_rx_cb
                0x10006820       0x20 CMakeFiles/radio-test.dir/Users/michaelshipman/Developer/command_module/Code/BITS/BITSv5/pico-sdk/src/rp2_common/pico_stdio_usb/stdio_usb.c.obj
                0x10006820                tud_cdc_rx_cb
 .text.stdio_usb_init
                0x10006840       0xe0 CMakeFiles/radio-test.dir/Users/michaelshipman/Developer/command_module/Code/BITS/BITSv5/pico-sdk/src/rp2_common/pico_stdio_usb/stdio_usb.c.obj
                0x10006840                stdio_usb_init
 .text.tud_descriptor_device_cb
                0x10006920        0x8 CMakeFiles/radio-test.dir/Users/michaelshipman/Developer/command_module/Code/BITS/BITSv5/pico-sdk/src/rp2_common/pico_stdio_usb/stdio_usb_descriptors.c.obj
                0x10006920                tud_descriptor_device_cb
 .text.tud_descriptor_configuration_cb
                0x10006928        0x8 CMakeFiles/radio-test.dir/Users/michaelshipman/Developer/command_module/Code/BITS/BITSv5/pico-sdk/src/rp2_common/pico_stdio_usb/stdio_usb_descriptors.c.obj
                0x10006928                tud_descriptor_configuration_cb
 .text.tud_descriptor_string_cb
                0x10006930       0x78 CMakeFiles/radio-test.dir/Users/michaelshipman/Developer/command_module/Code/BITS/BITSv5/pico-sdk/src/rp2_common/pico_stdio_usb/stdio_usb_descriptors.c.obj
                0x10006930                tud_descriptor_string_cb
 .text.startup._retrieve_unique_id_on_boot
                0x100069a8       0x10 CMakeFiles/radio-test.dir/Users/michaelshipman/Developer/command_module/Code/BITS/BITSv5/pico-sdk/src/rp2_common/pico_unique_id/unique_id.c.obj
 .text.pico_get_unique_board_id
                0x100069b8       0x10 CMakeFiles/radio-test.dir/Users/michaelshipman/Developer/command_module/Code/BITS/BITSv5/pico-sdk/src/rp2_common/pico_unique_id/unique_id.c.obj
                0x100069b8                pico_get_unique_board_id
 .text.pico_get_unique_board_id_string
                0x100069c8      0x1a8 CMakeFiles/radio-test.dir/Users/michaelshipman/Developer/command_module/Code/BITS/BITSv5/pico-sdk/src/rp2_common/pico_unique_id/unique_id.c.obj
                0x100069c8                pico_get_unique_board_id_string
 .text.flash_get_unique_id
                0x10006b70       0x3c CMakeFiles/radio-test.dir/Users/michaelshipman/Developer/command_module/Code/BITS/BITSv5/pico-sdk/src/rp2_common/hardware_flash/flash.c.obj
                0x10006b70                flash_get_unique_id
 .text.dcd_int_enable
                0x10006bac        0xc CMakeFiles/radio-test.dir/Users/michaelshipman/Developer/command_module/Code/BITS/BITSv5/pico-sdk/lib/tinyusb/src/portable/raspberrypi/rp2040/dcd_rp2040.c.obj
                0x10006bac                dcd_int_enable
 .text.dcd_set_address
                0x10006bb8       0x14 CMakeFiles/radio-test.dir/Users/michaelshipman/Developer/command_module/Code/BITS/BITSv5/pico-sdk/lib/tinyusb/src/portable/raspberrypi/rp2040/dcd_rp2040.c.obj
                0x10006bb8                dcd_set_address
 .text.dcd_connect
                0x10006bcc       0x10 CMakeFiles/radio-test.dir/Users/michaelshipman/Developer/command_module/Code/BITS/BITSv5/pico-sdk/lib/tinyusb/src/portable/raspberrypi/rp2040/dcd_rp2040.c.obj
                0x10006bcc                dcd_connect
 .text.dcd_init
                0x10006bdc       0x98 CMakeFiles/radio-test.dir/Users/michaelshipman/Developer/command_module/Code/BITS/BITSv5/pico-sdk/lib/tinyusb/src/portable/raspberrypi/rp2040/dcd_rp2040.c.obj
                0x10006bdc                dcd_init
 .text.dcd_edpt0_status_complete
                0x10006c74       0x1c CMakeFiles/radio-test.dir/Users/michaelshipman/Developer/command_module/Code/BITS/BITSv5/pico-sdk/lib/tinyusb/src/portable/raspberrypi/rp2040/dcd_rp2040.c.obj
                0x10006c74                dcd_edpt0_status_complete
 .text.dcd_edpt_open
                0x10006c90      0x108 CMakeFiles/radio-test.dir/Users/michaelshipman/Developer/command_module/Code/BITS/BITSv5/pico-sdk/lib/tinyusb/src/portable/raspberrypi/rp2040/dcd_rp2040.c.obj
                0x10006c90                dcd_edpt_open
 .text.dcd_edpt_close_all
                0x10006d98        0x8 CMakeFiles/radio-test.dir/Users/michaelshipman/Developer/command_module/Code/BITS/BITSv5/pico-sdk/lib/tinyusb/src/portable/raspberrypi/rp2040/dcd_rp2040.c.obj
                0x10006d98                dcd_edpt_close_all
 .text.dcd_edpt_xfer
                0x10006da0       0x24 CMakeFiles/radio-test.dir/Users/michaelshipman/Developer/command_module/Code/BITS/BITSv5/pico-sdk/lib/tinyusb/src/portable/raspberrypi/rp2040/dcd_rp2040.c.obj
                0x10006da0                dcd_edpt_xfer
 .text.dcd_edpt_stall
                0x10006dc4       0x34 CMakeFiles/radio-test.dir/Users/michaelshipman/Developer/command_module/Code/BITS/BITSv5/pico-sdk/lib/tinyusb/src/portable/raspberrypi/rp2040/dcd_rp2040.c.obj
                0x10006dc4                dcd_edpt_stall
 .text.dcd_edpt_clear_stall
                0x10006df8       0x30 CMakeFiles/radio-test.dir/Users/michaelshipman/Developer/command_module/Code/BITS/BITSv5/pico-sdk/lib/tinyusb/src/portable/raspberrypi/rp2040/dcd_rp2040.c.obj
                0x10006df8                dcd_edpt_clear_stall
 .text.rp2040_usb_init
                0x10006e28       0x4c CMakeFiles/radio-test.dir/Users/michaelshipman/Developer/command_module/Code/BITS/BITSv5/pico-sdk/lib/tinyusb/src/portable/raspberrypi/rp2040/rp2040_usb.c.obj
                0x10006e28                rp2040_usb_init
 .text.hw_endpoint_xfer_start
                0x10006e74       0x40 CMakeFiles/radio-test.dir/Users/michaelshipman/Developer/command_module/Code/BITS/BITSv5/pico-sdk/lib/tinyusb/src/portable/raspberrypi/rp2040/rp2040_usb.c.obj
                0x10006e74                hw_endpoint_xfer_start
 .text.tud_mounted
                0x10006eb4       0x10 CMakeFiles/radio-test.dir/Users/michaelshipman/Developer/command_module/Code/BITS/BITSv5/pico-sdk/lib/tinyusb/src/device/usbd.c.obj
                0x10006eb4                tud_mounted
 .text.tud_suspended
                0x10006ec4       0x10 CMakeFiles/radio-test.dir/Users/michaelshipman/Developer/command_module/Code/BITS/BITSv5/pico-sdk/lib/tinyusb/src/device/usbd.c.obj
                0x10006ec4                tud_suspended
 .text.tud_inited
                0x10006ed4       0x14 CMakeFiles/radio-test.dir/Users/michaelshipman/Developer/command_module/Code/BITS/BITSv5/pico-sdk/lib/tinyusb/src/device/usbd.c.obj
                0x10006ed4                tud_inited
 .text.tud_init
                0x10006ee8       0xdc CMakeFiles/radio-test.dir/Users/michaelshipman/Developer/command_module/Code/BITS/BITSv5/pico-sdk/lib/tinyusb/src/device/usbd.c.obj
                0x10006ee8                tud_init
 .text.tud_task_ext
                0x10006fc4      0x850 CMakeFiles/radio-test.dir/Users/michaelshipman/Developer/command_module/Code/BITS/BITSv5/pico-sdk/lib/tinyusb/src/device/usbd.c.obj
                0x10006fc4                tud_task_ext
 .text.usbd_open_edpt_pair
                0x10007814       0x9c CMakeFiles/radio-test.dir/Users/michaelshipman/Developer/command_module/Code/BITS/BITSv5/pico-sdk/lib/tinyusb/src/device/usbd.c.obj
                0x10007814                usbd_open_edpt_pair
 .text.usbd_defer_func
                0x100078b0       0x48 CMakeFiles/radio-test.dir/Users/michaelshipman/Developer/command_module/Code/BITS/BITSv5/pico-sdk/lib/tinyusb/src/device/usbd.c.obj
                0x100078b0                usbd_defer_func
 .text.usbd_edpt_open
                0x100078f8       0x34 CMakeFiles/radio-test.dir/Users/michaelshipman/Developer/command_module/Code/BITS/BITSv5/pico-sdk/lib/tinyusb/src/device/usbd.c.obj
                0x100078f8                usbd_edpt_open
 .text.usbd_edpt_claim
                0x1000792c       0x28 CMakeFiles/radio-test.dir/Users/michaelshipman/Developer/command_module/Code/BITS/BITSv5/pico-sdk/lib/tinyusb/src/device/usbd.c.obj
                0x1000792c                usbd_edpt_claim
 .text.usbd_edpt_release
                0x10007954       0x28 CMakeFiles/radio-test.dir/Users/michaelshipman/Developer/command_module/Code/BITS/BITSv5/pico-sdk/lib/tinyusb/src/device/usbd.c.obj
                0x10007954                usbd_edpt_release
 .text.usbd_edpt_xfer
                0x1000797c       0x4c CMakeFiles/radio-test.dir/Users/michaelshipman/Developer/command_module/Code/BITS/BITSv5/pico-sdk/lib/tinyusb/src/device/usbd.c.obj
                0x1000797c                usbd_edpt_xfer
 .text.tud_control_status
                0x100079c8       0x2c CMakeFiles/radio-test.dir/Users/michaelshipman/Developer/command_module/Code/BITS/BITSv5/pico-sdk/lib/tinyusb/src/device/usbd_control.c.obj
                0x100079c8                tud_control_status
 .text.tud_control_xfer
                0x100079f4       0xac CMakeFiles/radio-test.dir/Users/michaelshipman/Developer/command_module/Code/BITS/BITSv5/pico-sdk/lib/tinyusb/src/device/usbd_control.c.obj
                0x100079f4                tud_control_xfer
 .text.usbd_control_reset
                0x10007aa0       0x14 CMakeFiles/radio-test.dir/Users/michaelshipman/Developer/command_module/Code/BITS/BITSv5/pico-sdk/lib/tinyusb/src/device/usbd_control.c.obj
                0x10007aa0                usbd_control_reset
 .text.usbd_control_set_complete_callback
                0x10007ab4        0xc CMakeFiles/radio-test.dir/Users/michaelshipman/Developer/command_module/Code/BITS/BITSv5/pico-sdk/lib/tinyusb/src/device/usbd_control.c.obj
                0x10007ab4                usbd_control_set_complete_callback
 .text.usbd_control_set_request
                0x10007ac0       0x1c CMakeFiles/radio-test.dir/Users/michaelshipman/Developer/command_module/Code/BITS/BITSv5/pico-sdk/lib/tinyusb/src/device/usbd_control.c.obj
                0x10007ac0                usbd_control_set_request
 .text.usbd_control_xfer_cb
                0x10007adc       0xf4 CMakeFiles/radio-test.dir/Users/michaelshipman/Developer/command_module/Code/BITS/BITSv5/pico-sdk/lib/tinyusb/src/device/usbd_control.c.obj
                0x10007adc                usbd_control_xfer_cb
 .text.tud_cdc_n_connected
                0x10007bd0       0x30 CMakeFiles/radio-test.dir/Users/michaelshipman/Developer/command_module/Code/BITS/BITSv5/pico-sdk/lib/tinyusb/src/class/cdc/cdc_device.c.obj
                0x10007bd0                tud_cdc_n_connected
 .text.tud_cdc_n_available
                0x10007c00       0x18 CMakeFiles/radio-test.dir/Users/michaelshipman/Developer/command_module/Code/BITS/BITSv5/pico-sdk/lib/tinyusb/src/class/cdc/cdc_device.c.obj
                0x10007c00                tud_cdc_n_available
 .text.tud_cdc_n_read
                0x10007c18       0x70 CMakeFiles/radio-test.dir/Users/michaelshipman/Developer/command_module/Code/BITS/BITSv5/pico-sdk/lib/tinyusb/src/class/cdc/cdc_device.c.obj
                0x10007c18                tud_cdc_n_read
 .text.tud_cdc_n_write_flush
                0x10007c88       0x78 CMakeFiles/radio-test.dir/Users/michaelshipman/Developer/command_module/Code/BITS/BITSv5/pico-sdk/lib/tinyusb/src/class/cdc/cdc_device.c.obj
                0x10007c88                tud_cdc_n_write_flush
 .text.tud_cdc_n_write
                0x10007d00       0x34 CMakeFiles/radio-test.dir/Users/michaelshipman/Developer/command_module/Code/BITS/BITSv5/pico-sdk/lib/tinyusb/src/class/cdc/cdc_device.c.obj
                0x10007d00                tud_cdc_n_write
 .text.tud_cdc_n_write_available
                0x10007d34       0x18 CMakeFiles/radio-test.dir/Users/michaelshipman/Developer/command_module/Code/BITS/BITSv5/pico-sdk/lib/tinyusb/src/class/cdc/cdc_device.c.obj
                0x10007d34                tud_cdc_n_write_available
 .text.cdcd_init
                0x10007d4c       0x7c CMakeFiles/radio-test.dir/Users/michaelshipman/Developer/command_module/Code/BITS/BITSv5/pico-sdk/lib/tinyusb/src/class/cdc/cdc_device.c.obj
                0x10007d4c                cdcd_init
 .text.cdcd_reset
                0x10007dc8       0x2c CMakeFiles/radio-test.dir/Users/michaelshipman/Developer/command_module/Code/BITS/BITSv5/pico-sdk/lib/tinyusb/src/class/cdc/cdc_device.c.obj
                0x10007dc8                cdcd_reset
 .text.cdcd_open
                0x10007df4       0xe4 CMakeFiles/radio-test.dir/Users/michaelshipman/Developer/command_module/Code/BITS/BITSv5/pico-sdk/lib/tinyusb/src/class/cdc/cdc_device.c.obj
                0x10007df4                cdcd_open
 .text.cdcd_control_xfer_cb
                0x10007ed8       0xe4 CMakeFiles/radio-test.dir/Users/michaelshipman/Developer/command_module/Code/BITS/BITSv5/pico-sdk/lib/tinyusb/src/class/cdc/cdc_device.c.obj
                0x10007ed8                cdcd_control_xfer_cb
 .text.cdcd_xfer_cb
                0x10007fbc      0x13c CMakeFiles/radio-test.dir/Users/michaelshipman/Developer/command_module/Code/BITS/BITSv5/pico-sdk/lib/tinyusb/src/class/cdc/cdc_device.c.obj
                0x10007fbc                cdcd_xfer_cb
 .text.tusb_init
                0x100080f8        0xc CMakeFiles/radio-test.dir/Users/michaelshipman/Developer/command_module/Code/BITS/BITSv5/pico-sdk/lib/tinyusb/src/tusb.c.obj
                0x100080f8                tusb_init
 .text.tusb_inited
                0x10008104        0x8 CMakeFiles/radio-test.dir/Users/michaelshipman/Developer/command_module/Code/BITS/BITSv5/pico-sdk/lib/tinyusb/src/tusb.c.obj
                0x10008104                tusb_inited
 .text.tu_edpt_claim
                0x1000810c       0x50 CMakeFiles/radio-test.dir/Users/michaelshipman/Developer/command_module/Code/BITS/BITSv5/pico-sdk/lib/tinyusb/src/tusb.c.obj
                0x1000810c                tu_edpt_claim
 .text.tu_edpt_release
                0x1000815c       0x38 CMakeFiles/radio-test.dir/Users/michaelshipman/Developer/command_module/Code/BITS/BITSv5/pico-sdk/lib/tinyusb/src/tusb.c.obj
                0x1000815c                tu_edpt_release
 .text.tu_edpt_validate
                0x10008194       0x7c CMakeFiles/radio-test.dir/Users/michaelshipman/Developer/command_module/Code/BITS/BITSv5/pico-sdk/lib/tinyusb/src/tusb.c.obj
                0x10008194                tu_edpt_validate
 .text.tu_edpt_bind_driver
                0x10008210       0x34 CMakeFiles/radio-test.dir/Users/michaelshipman/Developer/command_module/Code/BITS/BITSv5/pico-sdk/lib/tinyusb/src/tusb.c.obj
                0x10008210                tu_edpt_bind_driver
 .text.tu_fifo_config
                0x10008244       0x6c CMakeFiles/radio-test.dir/Users/michaelshipman/Developer/command_module/Code/BITS/BITSv5/pico-sdk/lib/tinyusb/src/common/tusb_fifo.c.obj
                0x10008244                tu_fifo_config
 .text.tu_fifo_count
                0x100082b0       0x2c CMakeFiles/radio-test.dir/Users/michaelshipman/Developer/command_module/Code/BITS/BITSv5/pico-sdk/lib/tinyusb/src/common/tusb_fifo.c.obj
                0x100082b0                tu_fifo_count
 .text.tu_fifo_empty
                0x100082dc       0x10 CMakeFiles/radio-test.dir/Users/michaelshipman/Developer/command_module/Code/BITS/BITSv5/pico-sdk/lib/tinyusb/src/common/tusb_fifo.c.obj
                0x100082dc                tu_fifo_empty
 .text.tu_fifo_remaining
                0x100082ec       0x2c CMakeFiles/radio-test.dir/Users/michaelshipman/Developer/command_module/Code/BITS/BITSv5/pico-sdk/lib/tinyusb/src/common/tusb_fifo.c.obj
                0x100082ec                tu_fifo_remaining
 .text.tu_fifo_read
                0x10008318       0x9c CMakeFiles/radio-test.dir/Users/michaelshipman/Developer/command_module/Code/BITS/BITSv5/pico-sdk/lib/tinyusb/src/common/tusb_fifo.c.obj
                0x10008318                tu_fifo_read
 .text.tu_fifo_read_n
                0x100083b4       0xe8 CMakeFiles/radio-test.dir/Users/michaelshipman/Developer/command_module/Code/BITS/BITSv5/pico-sdk/lib/tinyusb/src/common/tusb_fifo.c.obj
                0x100083b4                tu_fifo_read_n
 .text.tu_fifo_write
                0x1000849c       0xa8 CMakeFiles/radio-test.dir/Users/michaelshipman/Developer/command_module/Code/BITS/BITSv5/pico-sdk/lib/tinyusb/src/common/tusb_fifo.c.obj
                0x1000849c                tu_fifo_write
 .text.tu_fifo_write_n
                0x10008544      0x178 CMakeFiles/radio-test.dir/Users/michaelshipman/Developer/command_module/Code/BITS/BITSv5/pico-sdk/lib/tinyusb/src/common/tusb_fifo.c.obj
                0x10008544                tu_fifo_write_n
 .text.tu_fifo_clear
                0x100086bc       0x40 CMakeFiles/radio-test.dir/Users/michaelshipman/Developer/command_module/Code/BITS/BITSv5/pico-sdk/lib/tinyusb/src/common/tusb_fifo.c.obj
                0x100086bc                tu_fifo_clear
 .text.tu_fifo_set_overwritable
                0x100086fc       0x48 CMakeFiles/radio-test.dir/Users/michaelshipman/Developer/command_module/Code/BITS/BITSv5/pico-sdk/lib/tinyusb/src/common/tusb_fifo.c.obj
                0x100086fc                tu_fifo_set_overwritable
 .text.spi_init
                0x10008744      0x14c CMakeFiles/radio-test.dir/Users/michaelshipman/Developer/command_module/Code/BITS/BITSv5/pico-sdk/src/rp2_common/hardware_spi/spi.c.obj
                0x10008744                spi_init
 .text.splitmix64
                0x10008890       0x58 CMakeFiles/radio-test.dir/Users/michaelshipman/Developer/command_module/Code/BITS/BITSv5/pico-sdk/src/rp2_common/pico_rand/rand.c.obj
 .text.xoroshiro128ss
                0x100088e8       0x90 CMakeFiles/radio-test.dir/Users/michaelshipman/Developer/command_module/Code/BITS/BITSv5/pico-sdk/src/rp2_common/pico_rand/rand.c.obj
 .text.get_rand_64
                0x10008978      0x4a4 CMakeFiles/radio-test.dir/Users/michaelshipman/Developer/command_module/Code/BITS/BITSv5/pico-sdk/src/rp2_common/pico_rand/rand.c.obj
                0x10008978                get_rand_64
 .text.get_rand_32
                0x10008e1c        0x8 CMakeFiles/radio-test.dir/Users/michaelshipman/Developer/command_module/Code/BITS/BITSv5/pico-sdk/src/rp2_common/pico_rand/rand.c.obj
                0x10008e1c                get_rand_32
 .text.i2c_set_baudrate
                0x10008e24       0xc4 CMakeFiles/radio-test.dir/Users/michaelshipman/Developer/command_module/Code/BITS/BITSv5/pico-sdk/src/rp2_common/hardware_i2c/i2c.c.obj
                0x10008e24                i2c_set_baudrate
 .text.i2c_init
                0x10008ee8       0x50 CMakeFiles/radio-test.dir/Users/michaelshipman/Developer/command_module/Code/BITS/BITSv5/pico-sdk/src/rp2_common/hardware_i2c/i2c.c.obj
                0x10008ee8                i2c_init
 .text.calloc   0x10008f38       0x18 /Applications/ArmGNUToolchain/13.3.rel1/arm-none-eabi/bin/../lib/gcc/arm-none-eabi/13.3.1/../../../../arm-none-eabi/lib/thumb/v6-m/nofp/libc.a(libc_a-calloc.o)
                0x10008f38                calloc
 .text._calloc_r
                0x10008f50       0xa8 /Applications/ArmGNUToolchain/13.3.rel1/arm-none-eabi/bin/../lib/gcc/arm-none-eabi/13.3.1/../../../../arm-none-eabi/lib/thumb/v6-m/nofp/libc.a(libc_a-callocr.o)
                0x10008f50                _calloc_r
 .text.malloc   0x10008ff8       0x14 /Applications/ArmGNUToolchain/13.3.rel1/arm-none-eabi/bin/../lib/gcc/arm-none-eabi/13.3.1/../../../../arm-none-eabi/lib/thumb/v6-m/nofp/libc.a(libc_a-malloc.o)
                0x10008ff8                malloc
 .text._malloc_r
                0x1000900c      0x5c4 /Applications/ArmGNUToolchain/13.3.rel1/arm-none-eabi/bin/../lib/gcc/arm-none-eabi/13.3.1/../../../../arm-none-eabi/lib/thumb/v6-m/nofp/libc.a(libc_a-mallocr.o)
                0x1000900c                _malloc_r
 .text.__malloc_lock
                0x100095d0       0x10 /Applications/ArmGNUToolchain/13.3.rel1/arm-none-eabi/bin/../lib/gcc/arm-none-eabi/13.3.1/../../../../arm-none-eabi/lib/thumb/v6-m/nofp/libc.a(libc_a-mlock.o)
                0x100095d0                __malloc_lock
 .text.__malloc_unlock
                0x100095e0       0x10 /Applications/ArmGNUToolchain/13.3.rel1/arm-none-eabi/bin/../lib/gcc/arm-none-eabi/13.3.1/../../../../arm-none-eabi/lib/thumb/v6-m/nofp/libc.a(libc_a-mlock.o)
                0x100095e0                __malloc_unlock
 .text._sbrk_r  0x100095f0       0x24 /Applications/ArmGNUToolchain/13.3.rel1/arm-none-eabi/bin/../lib/gcc/arm-none-eabi/13.3.1/../../../../arm-none-eabi/lib/thumb/v6-m/nofp/libc.a(libc_a-sbrkr.o)
                0x100095f0                _sbrk_r
 .text.__errno  0x10009614        0xc /Applications/ArmGNUToolchain/13.3.rel1/arm-none-eabi/bin/../lib/gcc/arm-none-eabi/13.3.1/../../../../arm-none-eabi/lib/thumb/v6-m/nofp/libc.a(libc_a-errno.o)
                0x10009614                __errno
 .text.sysconf  0x10009620       0x1c /Applications/ArmGNUToolchain/13.3.rel1/arm-none-eabi/bin/../lib/gcc/arm-none-eabi/13.3.1/../../../../arm-none-eabi/lib/thumb/v6-m/nofp/libc.a(libc_a-sysconf.o)
                0x10009620                sysconf
 .text.__retarget_lock_acquire_recursive
                0x1000963c        0x4 /Applications/ArmGNUToolchain/13.3.rel1/arm-none-eabi/bin/../lib/gcc/arm-none-eabi/13.3.1/../../../../arm-none-eabi/lib/thumb/v6-m/nofp/libc.a(libc_a-lock.o)
                0x1000963c                __retarget_lock_acquire_recursive
 .text.__retarget_lock_release_recursive
                0x10009640        0x4 /Applications/ArmGNUToolchain/13.3.rel1/arm-none-eabi/bin/../lib/gcc/arm-none-eabi/13.3.1/../../../../arm-none-eabi/lib/thumb/v6-m/nofp/libc.a(libc_a-lock.o)
                0x10009640                __retarget_lock_release_recursive
 .text.strlen   0x10009644       0x5c /Applications/ArmGNUToolchain/13.3.rel1/arm-none-eabi/bin/../lib/gcc/arm-none-eabi/13.3.1/../../../../arm-none-eabi/lib/thumb/v6-m/nofp/libc.a(libc_a-strlen-stub.o)
                0x10009644                strlen
 .text._malloc_trim_r
                0x100096a0       0xb4 /Applications/ArmGNUToolchain/13.3.rel1/arm-none-eabi/bin/../lib/gcc/arm-none-eabi/13.3.1/../../../../arm-none-eabi/lib/thumb/v6-m/nofp/libc.a(libc_a-freer.o)
                0x100096a0                _malloc_trim_r
 .text._free_r  0x10009754      0x1d4 /Applications/ArmGNUToolchain/13.3.rel1/arm-none-eabi/bin/../lib/gcc/arm-none-eabi/13.3.1/../../../../arm-none-eabi/lib/thumb/v6-m/nofp/libc.a(libc_a-freer.o)
                0x10009754                _free_r
 *(.fini)
 .fini          0x10009928        0x4 /Applications/ArmGNUToolchain/13.3.rel1/arm-none-eabi/bin/../lib/gcc/arm-none-eabi/13.3.1/thumb/v6-m/nofp/crti.o
                0x10009928                _fini
 *fill*         0x1000992c        0x4 
 .fini.__stub   0x10009930       0xe0 linker stubs
 *crtbegin.o(.ctors)
 *crtbegin?.o(.ctors)
 *(EXCLUDE_FILE(*crtend.o *crtend?.o) .ctors)
 *(SORT_BY_NAME(.ctors.*))
 *(.ctors)
 *crtbegin.o(.dtors)
 *crtbegin?.o(.dtors)
 *(EXCLUDE_FILE(*crtend.o *crtend?.o) .dtors)
 *(SORT_BY_NAME(.dtors.*))
 *(.dtors)
 *(.eh_frame*)
 .eh_frame      0x10009a10        0x0 /Applications/ArmGNUToolchain/13.3.rel1/arm-none-eabi/bin/../lib/gcc/arm-none-eabi/13.3.1/thumb/v6-m/nofp/crtbegin.o
                0x10009a10                        . = ALIGN (0x4)

.glue_7         0x10009a10        0x0
 .glue_7        0x10009a10        0x0 linker stubs

.glue_7t        0x10009a10        0x0
 .glue_7t       0x10009a10        0x0 linker stubs

.vfp11_veneer   0x10009a10        0x0
 .vfp11_veneer  0x10009a10        0x0 linker stubs

.v4_bx          0x10009a10        0x0
 .v4_bx         0x10009a10        0x0 linker stubs

.iplt           0x10009a10        0x0
 .iplt          0x10009a10        0x0 /Applications/ArmGNUToolchain/13.3.rel1/arm-none-eabi/bin/../lib/gcc/arm-none-eabi/13.3.1/thumb/v6-m/nofp/crtbegin.o

.rodata         0x10009a10      0x80c
 *(EXCLUDE_FILE(*libm.a: *libc.a:*lib_a-mem*.o *libgcc.a:) .rodata*)
 .rodata.main.str1.4
                0x10009a10      0x47c CMakeFiles/radio-test.dir/radio_test.cpp.obj
                                 0x6c (size before relaxing)
 .rodata._Z13gpio_callbackjm.str1.4
                0x10009e8c       0x24 CMakeFiles/radio-test.dir/radio_test.cpp.obj
 .rodata._ZN7DRF126220read_radio_registersEv.str1.4
                0x10009e8c        0xb CMakeFiles/radio-test.dir/Users/michaelshipman/Developer/command_module/Code/libraries/rp2040-drf1262-lib/SX1262.cpp.obj
 .rodata._ZN7DRF126214radio_spi_initEv.str1.4
                0x10009e8c        0xf CMakeFiles/radio-test.dir/Users/michaelshipman/Developer/command_module/Code/libraries/rp2040-drf1262-lib/SX1262.cpp.obj
 .rodata._ZN7DRF126226set_radio_packet_type_loraEv.str1.4
                0x10009e8c       0x1c CMakeFiles/radio-test.dir/Users/michaelshipman/Developer/command_module/Code/libraries/rp2040-drf1262-lib/SX1262.cpp.obj
 .rodata._ZN7DRF126219set_radio_pa_configEv.str1.4
                0x10009e8c       0x12 CMakeFiles/radio-test.dir/Users/michaelshipman/Developer/command_module/Code/libraries/rp2040-drf1262-lib/SX1262.cpp.obj
 .rodata._ZN7DRF126217set_radio_rf_freqEv.str1.4
                0x10009e8c       0x19 CMakeFiles/radio-test.dir/Users/michaelshipman/Developer/command_module/Code/libraries/rp2040-drf1262-lib/SX1262.cpp.obj
 .rodata._ZN7DRF126226set_lora_packet_parametersEv.str1.4
                0x10009e8c       0x1f CMakeFiles/radio-test.dir/Users/michaelshipman/Developer/command_module/Code/libraries/rp2040-drf1262-lib/SX1262.cpp.obj
 .rodata._ZN7DRF126218set_dio2_rf_switchEv.str1.4
                0x10009e8c       0x1a CMakeFiles/radio-test.dir/Users/michaelshipman/Developer/command_module/Code/libraries/rp2040-drf1262-lib/SX1262.cpp.obj
 .rodata._ZN7DRF126219set_radio_sync_wordEv.str1.4
                0x10009e8c       0x18 CMakeFiles/radio-test.dir/Users/michaelshipman/Developer/command_module/Code/libraries/rp2040-drf1262-lib/SX1262.cpp.obj
 .rodata._ZN7DRF12626set_txEv.str1.4
                0x10009e8c       0x10 CMakeFiles/radio-test.dir/Users/michaelshipman/Developer/command_module/Code/libraries/rp2040-drf1262-lib/SX1262.cpp.obj
 .rodata._ZN7DRF126216set_dio3_as_tcxoEv.str1.4
                0x10009e8c       0x1a CMakeFiles/radio-test.dir/Users/michaelshipman/Developer/command_module/Code/libraries/rp2040-drf1262-lib/SX1262.cpp.obj
 .rodata._ZN7DRF126218set_regulator_modeEv.str1.4
                0x10009e8c       0x20 CMakeFiles/radio-test.dir/Users/michaelshipman/Developer/command_module/Code/libraries/rp2040-drf1262-lib/SX1262.cpp.obj
 .rodata._ZN7DRF126218clear_radio_errorsEv.str1.4
                0x10009e8c       0x16 CMakeFiles/radio-test.dir/Users/michaelshipman/Developer/command_module/Code/libraries/rp2040-drf1262-lib/SX1262.cpp.obj
 .rodata._ZN7DRF126218radio_receive_contEv.str1.4
                0x10009e8c       0x29 CMakeFiles/radio-test.dir/Users/michaelshipman/Developer/command_module/Code/libraries/rp2040-drf1262-lib/SX1262.cpp.obj
 .rodata._ZN7DRF126211set_dio_irqEv.str1.4
                0x10009e8c       0x11 CMakeFiles/radio-test.dir/Users/michaelshipman/Developer/command_module/Code/libraries/rp2040-drf1262-lib/SX1262.cpp.obj
 .rodata._ZN7DRF126216clear_irq_statusEv.str1.4
                0x10009e8c        0xd CMakeFiles/radio-test.dir/Users/michaelshipman/Developer/command_module/Code/libraries/rp2040-drf1262-lib/SX1262.cpp.obj
 .rodata._ZN7DRF126214get_irq_statusEv.str1.4
                0x10009e8c       0x1b CMakeFiles/radio-test.dir/Users/michaelshipman/Developer/command_module/Code/libraries/rp2040-drf1262-lib/SX1262.cpp.obj
 .rodata._ZN7DRF126220get_rx_buffer_statusEv.str1.4
                0x10009e8c       0x43 CMakeFiles/radio-test.dir/Users/michaelshipman/Developer/command_module/Code/libraries/rp2040-drf1262-lib/SX1262.cpp.obj
 .rodata._ZN7DRF126217read_radio_bufferEPhj.str1.4
                0x10009e8c       0x2c CMakeFiles/radio-test.dir/Users/michaelshipman/Developer/command_module/Code/libraries/rp2040-drf1262-lib/SX1262.cpp.obj
 .rodata._ZN7DRF126210radio_initEv.str1.4
                0x10009e8c       0x13 CMakeFiles/radio-test.dir/Users/michaelshipman/Developer/command_module/Code/libraries/rp2040-drf1262-lib/SX1262.cpp.obj
 .rodata._ZL25set_lora_symb_timeout_cmd
                0x10009e8c        0x1 CMakeFiles/radio-test.dir/Users/michaelshipman/Developer/command_module/Code/libraries/rp2040-drf1262-lib/SX1262.cpp.obj
 .rodata._ZL17get_rx_buffer_cmd
                0x10009e8d        0x1 CMakeFiles/radio-test.dir/Users/michaelshipman/Developer/command_module/Code/libraries/rp2040-drf1262-lib/SX1262.cpp.obj
 .rodata._ZL18get_irq_status_cmd
                0x10009e8e        0x1 CMakeFiles/radio-test.dir/Users/michaelshipman/Developer/command_module/Code/libraries/rp2040-drf1262-lib/SX1262.cpp.obj
 .rodata._ZL15read_buffer_cmd
                0x10009e8f        0x1 CMakeFiles/radio-test.dir/Users/michaelshipman/Developer/command_module/Code/libraries/rp2040-drf1262-lib/SX1262.cpp.obj
 .rodata._ZL23set_radio_clear_irq_cmd
                0x10009e90        0x1 CMakeFiles/radio-test.dir/Users/michaelshipman/Developer/command_module/Code/libraries/rp2040-drf1262-lib/SX1262.cpp.obj
 .rodata._ZL21set_radio_dio_irq_cmd
                0x10009e91        0x1 CMakeFiles/radio-test.dir/Users/michaelshipman/Developer/command_module/Code/libraries/rp2040-drf1262-lib/SX1262.cpp.obj
 .rodata._ZL16set_radio_rx_cmd
                0x10009e92        0x1 CMakeFiles/radio-test.dir/Users/michaelshipman/Developer/command_module/Code/libraries/rp2040-drf1262-lib/SX1262.cpp.obj
 .rodata._ZL22set_regulator_mode_cmd
                0x10009e93        0x1 CMakeFiles/radio-test.dir/Users/michaelshipman/Developer/command_module/Code/libraries/rp2040-drf1262-lib/SX1262.cpp.obj
 .rodata._ZL20set_dio3_as_tcxo_cmd
                0x10009e94        0x1 CMakeFiles/radio-test.dir/Users/michaelshipman/Developer/command_module/Code/libraries/rp2040-drf1262-lib/SX1262.cpp.obj
 .rodata._ZL19clear_radio_err_cmd
                0x10009e95        0x1 CMakeFiles/radio-test.dir/Users/michaelshipman/Developer/command_module/Code/libraries/rp2040-drf1262-lib/SX1262.cpp.obj
 .rodata._ZL20set_packet_param_cmd
                0x10009e96        0x1 CMakeFiles/radio-test.dir/Users/michaelshipman/Developer/command_module/Code/libraries/rp2040-drf1262-lib/SX1262.cpp.obj
 .rodata._ZL20set_dio2_rf_ctrl_cmd
                0x10009e97        0x1 CMakeFiles/radio-test.dir/Users/michaelshipman/Developer/command_module/Code/libraries/rp2040-drf1262-lib/SX1262.cpp.obj
 .rodata._ZL10set_tx_cmd
                0x10009e98        0x1 CMakeFiles/radio-test.dir/Users/michaelshipman/Developer/command_module/Code/libraries/rp2040-drf1262-lib/SX1262.cpp.obj
 .rodata._ZL24write_radio_register_cmd
                0x10009e99        0x1 CMakeFiles/radio-test.dir/Users/michaelshipman/Developer/command_module/Code/libraries/rp2040-drf1262-lib/SX1262.cpp.obj
 .rodata._ZL24set_modulation_param_cmd
                0x10009e9a        0x1 CMakeFiles/radio-test.dir/Users/michaelshipman/Developer/command_module/Code/libraries/rp2040-drf1262-lib/SX1262.cpp.obj
 .rodata._ZL22write_radio_buffer_cmd
                0x10009e9b        0x1 CMakeFiles/radio-test.dir/Users/michaelshipman/Developer/command_module/Code/libraries/rp2040-drf1262-lib/SX1262.cpp.obj
 .rodata._ZL24set_buffer_base_addr_cmd
                0x10009e9c        0x1 CMakeFiles/radio-test.dir/Users/michaelshipman/Developer/command_module/Code/libraries/rp2040-drf1262-lib/SX1262.cpp.obj
 .rodata._ZL17set_tx_params_cmd
                0x10009e9d        0x1 CMakeFiles/radio-test.dir/Users/michaelshipman/Developer/command_module/Code/libraries/rp2040-drf1262-lib/SX1262.cpp.obj
 .rodata._ZL15set_rf_freq_cmd
                0x10009e9e        0x1 CMakeFiles/radio-test.dir/Users/michaelshipman/Developer/command_module/Code/libraries/rp2040-drf1262-lib/SX1262.cpp.obj
 .rodata._ZL13pa_config_cmd
                0x10009e9f        0x1 CMakeFiles/radio-test.dir/Users/michaelshipman/Developer/command_module/Code/libraries/rp2040-drf1262-lib/SX1262.cpp.obj
 .rodata._ZL16packet_type_lora
                0x10009ea0        0x1 CMakeFiles/radio-test.dir/Users/michaelshipman/Developer/command_module/Code/libraries/rp2040-drf1262-lib/SX1262.cpp.obj
 .rodata._ZL19set_packet_type_cmd
                0x10009ea1        0x1 CMakeFiles/radio-test.dir/Users/michaelshipman/Developer/command_module/Code/libraries/rp2040-drf1262-lib/SX1262.cpp.obj
 .rodata._ZL11get_err_cmd
                0x10009ea2        0x1 CMakeFiles/radio-test.dir/Users/michaelshipman/Developer/command_module/Code/libraries/rp2040-drf1262-lib/SX1262.cpp.obj
 .rodata._ZL15set_standby_cmd
                0x10009ea3        0x1 CMakeFiles/radio-test.dir/Users/michaelshipman/Developer/command_module/Code/libraries/rp2040-drf1262-lib/SX1262.cpp.obj
 .rodata._ZL11StdbyConfig
                0x10009ea4        0x1 CMakeFiles/radio-test.dir/Users/michaelshipman/Developer/command_module/Code/libraries/rp2040-drf1262-lib/SX1262.cpp.obj
 .rodata._ZL5addr1
                0x10009ea5        0x1 CMakeFiles/radio-test.dir/Users/michaelshipman/Developer/command_module/Code/libraries/rp2040-drf1262-lib/SX1262.cpp.obj
 .rodata._ZL5addr2
                0x10009ea6        0x1 CMakeFiles/radio-test.dir/Users/michaelshipman/Developer/command_module/Code/libraries/rp2040-drf1262-lib/SX1262.cpp.obj
 .rodata._ZL7nop_cmd
                0x10009ea7        0x1 CMakeFiles/radio-test.dir/Users/michaelshipman/Developer/command_module/Code/libraries/rp2040-drf1262-lib/SX1262.cpp.obj
 .rodata._ZL12read_reg_cmd
                0x10009ea8        0x1 CMakeFiles/radio-test.dir/Users/michaelshipman/Developer/command_module/Code/libraries/rp2040-drf1262-lib/SX1262.cpp.obj
 .rodata._Z5setupb.str1.4
                0x10009ea9       0x14 CMakeFiles/radio-test.dir/Users/michaelshipman/Developer/command_module/Code/BITS/BITSv5/BITS_common/BITSv5.cpp.obj
 .rodata._Z11radio_setupv.str1.4
                0x10009ea9       0x14 CMakeFiles/radio-test.dir/Users/michaelshipman/Developer/command_module/Code/BITS/BITSv5/BITS_common/BITSv5_Radio.cpp.obj
 .rodata.spin_lock_claim_unused.str1.4
                0x10009ea9       0x1b CMakeFiles/radio-test.dir/Users/michaelshipman/Developer/command_module/Code/BITS/BITSv5/pico-sdk/src/rp2_common/hardware_sync/sync.c.obj
 .rodata.user_irq_claim_unused.str1.4
                0x10009ea9       0x1b CMakeFiles/radio-test.dir/Users/michaelshipman/Developer/command_module/Code/BITS/BITSv5/pico-sdk/src/rp2_common/hardware_irq/irq.c.obj
 .rodata.hardware_alarm_claim.str1.4
                0x10009ea9       0x22 CMakeFiles/radio-test.dir/Users/michaelshipman/Developer/command_module/Code/BITS/BITSv5/pico-sdk/src/rp2_common/hardware_timer/timer.c.obj
 .rodata.hardware_alarm_claim_unused.str1.4
                0x10009ea9       0x14 CMakeFiles/radio-test.dir/Users/michaelshipman/Developer/command_module/Code/BITS/BITSv5/pico-sdk/src/rp2_common/hardware_timer/timer.c.obj
 .rodata.panic.str1.4
                0x10009ea9       0x12 CMakeFiles/radio-test.dir/Users/michaelshipman/Developer/command_module/Code/BITS/BITSv5/pico-sdk/src/rp2_common/pico_runtime/runtime.c.obj
 .rodata.hard_assertion_failure.str1.4
                0x10009ea9        0xc CMakeFiles/radio-test.dir/Users/michaelshipman/Developer/command_module/Code/BITS/BITSv5/pico-sdk/src/rp2_common/pico_runtime/runtime.c.obj
 .rodata._ftoa.str1.4
                0x10009ea9       0x15 CMakeFiles/radio-test.dir/Users/michaelshipman/Developer/command_module/Code/BITS/BITSv5/pico-sdk/src/rp2_common/pico_printf/printf.c.obj
 *fill*         0x10009ea9        0x3 
 .rodata._vsnprintf
                0x10009eac      0x19c CMakeFiles/radio-test.dir/Users/michaelshipman/Developer/command_module/Code/BITS/BITSv5/pico-sdk/src/rp2_common/pico_printf/printf.c.obj
 .rodata.pow10.0
                0x1000a048       0x50 CMakeFiles/radio-test.dir/Users/michaelshipman/Developer/command_module/Code/BITS/BITSv5/pico-sdk/src/rp2_common/pico_printf/printf.c.obj
 .rodata.__wrap_malloc.str1.4
                0x1000a098        0xe CMakeFiles/radio-test.dir/Users/michaelshipman/Developer/command_module/Code/BITS/BITSv5/pico-sdk/src/rp2_common/pico_malloc/pico_malloc.c.obj
 .rodata.str1.4
                0x1000a098       0x40 CMakeFiles/radio-test.dir/Users/michaelshipman/Developer/command_module/Code/BITS/BITSv5/pico-sdk/src/rp2_common/pico_standard_link/binary_info.c.obj
 .rodata.__bi_81
                0x1000a098        0xc CMakeFiles/radio-test.dir/Users/michaelshipman/Developer/command_module/Code/BITS/BITSv5/pico-sdk/src/rp2_common/pico_standard_link/binary_info.c.obj
 .rodata.__bi_75
                0x1000a0a4        0xc CMakeFiles/radio-test.dir/Users/michaelshipman/Developer/command_module/Code/BITS/BITSv5/pico-sdk/src/rp2_common/pico_standard_link/binary_info.c.obj
 .rodata.__bi_44
                0x1000a0b0        0xc CMakeFiles/radio-test.dir/Users/michaelshipman/Developer/command_module/Code/BITS/BITSv5/pico-sdk/src/rp2_common/pico_standard_link/binary_info.c.obj
 .rodata.crlf_str.0
                0x1000a0bc        0x2 CMakeFiles/radio-test.dir/Users/michaelshipman/Developer/command_module/Code/BITS/BITSv5/pico-sdk/src/rp2_common/pico_stdio/stdio.c.obj
 .rodata.str1.4
                0x1000a0be       0x2c CMakeFiles/radio-test.dir/Users/michaelshipman/Developer/command_module/Code/BITS/BITSv5/pico-sdk/src/rp2_common/pico_stdio_uart/stdio_uart.c.obj
 *fill*         0x1000a0be        0x2 
 .rodata.__bi_33.4
                0x1000a0c0        0xc CMakeFiles/radio-test.dir/Users/michaelshipman/Developer/command_module/Code/BITS/BITSv5/pico-sdk/src/rp2_common/pico_stdio_uart/stdio_uart.c.obj
 .rodata.__bi_34.5
                0x1000a0cc        0x8 CMakeFiles/radio-test.dir/Users/michaelshipman/Developer/command_module/Code/BITS/BITSv5/pico-sdk/src/rp2_common/pico_stdio_uart/stdio_uart.c.obj
 .rodata._resetd_driver
                0x1000a0d4       0x18 CMakeFiles/radio-test.dir/Users/michaelshipman/Developer/command_module/Code/BITS/BITSv5/pico-sdk/src/rp2_common/pico_stdio_usb/reset_interface.c.obj
 .rodata.str1.4
                0x1000a0ec       0x13 CMakeFiles/radio-test.dir/Users/michaelshipman/Developer/command_module/Code/BITS/BITSv5/pico-sdk/src/rp2_common/pico_stdio_usb/stdio_usb.c.obj
 .rodata.__bi_182.0
                0x1000a0ec        0xc CMakeFiles/radio-test.dir/Users/michaelshipman/Developer/command_module/Code/BITS/BITSv5/pico-sdk/src/rp2_common/pico_stdio_usb/stdio_usb.c.obj
 .rodata.str1.4
                0x1000a0f8       0x2a CMakeFiles/radio-test.dir/Users/michaelshipman/Developer/command_module/Code/BITS/BITSv5/pico-sdk/src/rp2_common/pico_stdio_usb/stdio_usb_descriptors.c.obj
 .rodata.usbd_desc_str
                0x1000a0f8       0x18 CMakeFiles/radio-test.dir/Users/michaelshipman/Developer/command_module/Code/BITS/BITSv5/pico-sdk/src/rp2_common/pico_stdio_usb/stdio_usb_descriptors.c.obj
 .rodata.usbd_desc_cfg
                0x1000a110       0x54 CMakeFiles/radio-test.dir/Users/michaelshipman/Developer/command_module/Code/BITS/BITSv5/pico-sdk/src/rp2_common/pico_stdio_usb/stdio_usb_descriptors.c.obj
 .rodata.usbd_desc_device
                0x1000a164       0x12 CMakeFiles/radio-test.dir/Users/michaelshipman/Developer/command_module/Code/BITS/BITSv5/pico-sdk/src/rp2_common/pico_stdio_usb/stdio_usb_descriptors.c.obj
 .rodata.str1.4
                0x1000a176       0x14 CMakeFiles/radio-test.dir/Users/michaelshipman/Developer/command_module/Code/BITS/BITSv5/pico-sdk/lib/tinyusb/src/portable/raspberrypi/rp2040/dcd_rp2040.c.obj
 .rodata.str1.4
                0x1000a176       0x53 CMakeFiles/radio-test.dir/Users/michaelshipman/Developer/command_module/Code/BITS/BITSv5/pico-sdk/lib/tinyusb/src/portable/raspberrypi/rp2040/rp2040_usb.c.obj
 *fill*         0x1000a176        0x2 
 .rodata.tud_task_ext
                0x1000a178       0x8c CMakeFiles/radio-test.dir/Users/michaelshipman/Developer/command_module/Code/BITS/BITSv5/pico-sdk/lib/tinyusb/src/device/usbd.c.obj
 .rodata._usbd_driver
                0x1000a204       0x18 CMakeFiles/radio-test.dir/Users/michaelshipman/Developer/command_module/Code/BITS/BITSv5/pico-sdk/lib/tinyusb/src/device/usbd.c.obj
                0x1000a21c                        . = ALIGN (0x4)
 *(SORT_BY_ALIGNMENT(SORT_BY_NAME(.flashdata*)))
                0x1000a21c                        . = ALIGN (0x4)

.ARM.extab
 *(.ARM.extab* .gnu.linkonce.armextab.*)
                0x1000a21c                        __exidx_start = .

.ARM.exidx
 *(.ARM.exidx* .gnu.linkonce.armexidx.*)
                0x1000a21c                        __exidx_end = .
                0x1000a21c                        . = ALIGN (0x4)
                0x1000a21c                        __binary_info_start = .

.binary_info    0x1000a21c       0x28
 *(.binary_info.keep.*)
 .binary_info.keep.__bi_ptr81
                0x1000a21c        0x4 CMakeFiles/radio-test.dir/Users/michaelshipman/Developer/command_module/Code/BITS/BITSv5/pico-sdk/src/rp2_common/pico_standard_link/binary_info.c.obj
 .binary_info.keep.__bi_ptr75
                0x1000a220        0x4 CMakeFiles/radio-test.dir/Users/michaelshipman/Developer/command_module/Code/BITS/BITSv5/pico-sdk/src/rp2_common/pico_standard_link/binary_info.c.obj
 .binary_info.keep.__bi_ptr50
                0x1000a224        0x4 CMakeFiles/radio-test.dir/Users/michaelshipman/Developer/command_module/Code/BITS/BITSv5/pico-sdk/src/rp2_common/pico_standard_link/binary_info.c.obj
 .binary_info.keep.__bi_ptr44
                0x1000a228        0x4 CMakeFiles/radio-test.dir/Users/michaelshipman/Developer/command_module/Code/BITS/BITSv5/pico-sdk/src/rp2_common/pico_standard_link/binary_info.c.obj
 .binary_info.keep.__bi_ptr38
                0x1000a22c        0x4 CMakeFiles/radio-test.dir/Users/michaelshipman/Developer/command_module/Code/BITS/BITSv5/pico-sdk/src/rp2_common/pico_standard_link/binary_info.c.obj
 .binary_info.keep.__bi_ptr30
                0x1000a230        0x4 CMakeFiles/radio-test.dir/Users/michaelshipman/Developer/command_module/Code/BITS/BITSv5/pico-sdk/src/rp2_common/pico_standard_link/binary_info.c.obj
 .binary_info.keep.__bi_ptr22
                0x1000a234        0x4 CMakeFiles/radio-test.dir/Users/michaelshipman/Developer/command_module/Code/BITS/BITSv5/pico-sdk/src/rp2_common/pico_standard_link/binary_info.c.obj
 *(.binary_info.*)
 .binary_info.__bi_ptr34
                0x1000a238        0x4 CMakeFiles/radio-test.dir/Users/michaelshipman/Developer/command_module/Code/BITS/BITSv5/pico-sdk/src/rp2_common/pico_stdio_uart/stdio_uart.c.obj
 .binary_info.__bi_ptr33
                0x1000a23c        0x4 CMakeFiles/radio-test.dir/Users/michaelshipman/Developer/command_module/Code/BITS/BITSv5/pico-sdk/src/rp2_common/pico_stdio_uart/stdio_uart.c.obj
 .binary_info.__bi_ptr182
                0x1000a240        0x4 CMakeFiles/radio-test.dir/Users/michaelshipman/Developer/command_module/Code/BITS/BITSv5/pico-sdk/src/rp2_common/pico_stdio_usb/stdio_usb.c.obj
                0x1000a244                        __binary_info_end = .

.rel.dyn        0x1000a244        0x0
 .rel.iplt      0x1000a244        0x0 /Applications/ArmGNUToolchain/13.3.rel1/arm-none-eabi/bin/../lib/gcc/arm-none-eabi/13.3.1/thumb/v6-m/nofp/crtbegin.o
                0x1000a244                        . = ALIGN (0x4)

.ram_vector_table
                0x20000000       0xc0
 *(.ram_vector_table)
 .ram_vector_table
                0x20000000       0xc0 CMakeFiles/radio-test.dir/Users/michaelshipman/Developer/command_module/Code/BITS/BITSv5/pico-sdk/src/rp2_common/pico_runtime/runtime.c.obj
                0x20000000                ram_vector_table

.data           0x200000c0     0x1534 load address 0x1000a244
                0x200000c0                        __data_start__ = .
 *(vtable)
 *(.time_critical*)
 .time_critical.mutex_try_enter
                0x200000c0       0x40 CMakeFiles/radio-test.dir/Users/michaelshipman/Developer/command_module/Code/BITS/BITSv5/pico-sdk/src/common/pico_sync/mutex.c.obj
                0x200000c0                mutex_try_enter
 .time_critical.mutex_try_enter_block_until
                0x20000100       0x9c CMakeFiles/radio-test.dir/Users/michaelshipman/Developer/command_module/Code/BITS/BITSv5/pico-sdk/src/common/pico_sync/mutex.c.obj
                0x20000100                mutex_try_enter_block_until
 .time_critical.mutex_enter_timeout_ms
                0x2000019c       0x90 CMakeFiles/radio-test.dir/Users/michaelshipman/Developer/command_module/Code/BITS/BITSv5/pico-sdk/src/common/pico_sync/mutex.c.obj
                0x2000019c                mutex_enter_timeout_ms
 .time_critical.mutex_exit
                0x2000022c       0x28 CMakeFiles/radio-test.dir/Users/michaelshipman/Developer/command_module/Code/BITS/BITSv5/pico-sdk/src/common/pico_sync/mutex.c.obj
                0x2000022c                mutex_exit
 .time_critical.flash_init_boot2_copyout
                0x20000254       0x30 CMakeFiles/radio-test.dir/Users/michaelshipman/Developer/command_module/Code/BITS/BITSv5/pico-sdk/src/rp2_common/hardware_flash/flash.c.obj