Archive member included to satisfy reference by file (symbol)

/Applications/ArmGNUToolchain/13.2.Rel1/arm-none-eabi/bin/../lib/gcc/arm-none-eabi/13.2.1/thumb/v6-m/nofp/libgcc.a(_dvmd_tls.o)
                              CMakeFiles/test.dir/Users/michaelshipman/Developer/command_module/Code/BITS/BITSv5/pico-sdk/src/rp2_common/pico_divider/divider.S.obj (__aeabi_idiv0)
/Applications/ArmGNUToolchain/13.2.Rel1/arm-none-eabi/bin/../lib/gcc/arm-none-eabi/13.2.1/../../../../arm-none-eabi/lib/thumb/v6-m/nofp/libc.a(libc_a-calloc.o)
                              CMakeFiles/test.dir/Users/michaelshipman/Developer/command_module/Code/BITS/BITSv5/pico-sdk/src/rp2_common/pico_malloc/pico_malloc.c.obj (calloc)
/Applications/ArmGNUToolchain/13.2.Rel1/arm-none-eabi/bin/../lib/gcc/arm-none-eabi/13.2.1/../../../../arm-none-eabi/lib/thumb/v6-m/nofp/libc.a(libc_a-callocr.o)
                              /Applications/ArmGNUToolchain/13.2.Rel1/arm-none-eabi/bin/../lib/gcc/arm-none-eabi/13.2.1/../../../../arm-none-eabi/lib/thumb/v6-m/nofp/libc.a(libc_a-calloc.o) (_calloc_r)
/Applications/ArmGNUToolchain/13.2.Rel1/arm-none-eabi/bin/../lib/gcc/arm-none-eabi/13.2.1/../../../../arm-none-eabi/lib/thumb/v6-m/nofp/libc.a(libc_a-malloc.o)
                              CMakeFiles/test.dir/Users/michaelshipman/Developer/command_module/Code/BITS/BITSv5/pico-sdk/src/rp2_common/pico_malloc/pico_malloc.c.obj (malloc)
/Applications/ArmGNUToolchain/13.2.Rel1/arm-none-eabi/bin/../lib/gcc/arm-none-eabi/13.2.1/../../../../arm-none-eabi/lib/thumb/v6-m/nofp/libc.a(libc_a-mallocr.o)
                              /Applications/ArmGNUToolchain/13.2.Rel1/arm-none-eabi/bin/../lib/gcc/arm-none-eabi/13.2.1/../../../../arm-none-eabi/lib/thumb/v6-m/nofp/libc.a(libc_a-callocr.o) (_malloc_r)
/Applications/ArmGNUToolchain/13.2.Rel1/arm-none-eabi/bin/../lib/gcc/arm-none-eabi/13.2.1/../../../../arm-none-eabi/lib/thumb/v6-m/nofp/libc.a(libc_a-mlock.o)
                              /Applications/ArmGNUToolchain/13.2.Rel1/arm-none-eabi/bin/../lib/gcc/arm-none-eabi/13.2.1/../../../../arm-none-eabi/lib/thumb/v6-m/nofp/libc.a(libc_a-mallocr.o) (__malloc_lock)
/Applications/ArmGNUToolchain/13.2.Rel1/arm-none-eabi/bin/../lib/gcc/arm-none-eabi/13.2.1/../../../../arm-none-eabi/lib/thumb/v6-m/nofp/libc.a(libc_a-realloc.o)
                              CMakeFiles/test.dir/Users/michaelshipman/Developer/command_module/Code/BITS/BITSv5/pico-sdk/src/rp2_common/pico_malloc/pico_malloc.c.obj (realloc)
/Applications/ArmGNUToolchain/13.2.Rel1/arm-none-eabi/bin/../lib/gcc/arm-none-eabi/13.2.1/../../../../arm-none-eabi/lib/thumb/v6-m/nofp/libc.a(libc_a-reallocr.o)
                              /Applications/ArmGNUToolchain/13.2.Rel1/arm-none-eabi/bin/../lib/gcc/arm-none-eabi/13.2.1/../../../../arm-none-eabi/lib/thumb/v6-m/nofp/libc.a(libc_a-realloc.o) (_realloc_r)
/Applications/ArmGNUToolchain/13.2.Rel1/arm-none-eabi/bin/../lib/gcc/arm-none-eabi/13.2.1/../../../../arm-none-eabi/lib/thumb/v6-m/nofp/libc.a(libc_a-memmove.o)
                              /Applications/ArmGNUToolchain/13.2.Rel1/arm-none-eabi/bin/../lib/gcc/arm-none-eabi/13.2.1/../../../../arm-none-eabi/lib/thumb/v6-m/nofp/libc.a(libc_a-reallocr.o) (memmove)
/Applications/ArmGNUToolchain/13.2.Rel1/arm-none-eabi/bin/../lib/gcc/arm-none-eabi/13.2.1/../../../../arm-none-eabi/lib/thumb/v6-m/nofp/libc.a(libc_a-impure.o)
                              /Applications/ArmGNUToolchain/13.2.Rel1/arm-none-eabi/bin/../lib/gcc/arm-none-eabi/13.2.1/../../../../arm-none-eabi/lib/thumb/v6-m/nofp/libc.a(libc_a-calloc.o) (_impure_ptr)
/Applications/ArmGNUToolchain/13.2.Rel1/arm-none-eabi/bin/../lib/gcc/arm-none-eabi/13.2.1/../../../../arm-none-eabi/lib/thumb/v6-m/nofp/libc.a(libc_a-sbrkr.o)
                              /Applications/ArmGNUToolchain/13.2.Rel1/arm-none-eabi/bin/../lib/gcc/arm-none-eabi/13.2.1/../../../../arm-none-eabi/lib/thumb/v6-m/nofp/libc.a(libc_a-mallocr.o) (_sbrk_r)
/Applications/ArmGNUToolchain/13.2.Rel1/arm-none-eabi/bin/../lib/gcc/arm-none-eabi/13.2.1/../../../../arm-none-eabi/lib/thumb/v6-m/nofp/libc.a(libc_a-errno.o)
                              /Applications/ArmGNUToolchain/13.2.Rel1/arm-none-eabi/bin/../lib/gcc/arm-none-eabi/13.2.1/../../../../arm-none-eabi/lib/thumb/v6-m/nofp/libc.a(libc_a-callocr.o) (__errno)
/Applications/ArmGNUToolchain/13.2.Rel1/arm-none-eabi/bin/../lib/gcc/arm-none-eabi/13.2.1/../../../../arm-none-eabi/lib/thumb/v6-m/nofp/libc.a(libc_a-sysconf.o)
                              /Applications/ArmGNUToolchain/13.2.Rel1/arm-none-eabi/bin/../lib/gcc/arm-none-eabi/13.2.1/../../../../arm-none-eabi/lib/thumb/v6-m/nofp/libc.a(libc_a-mallocr.o) (sysconf)
/Applications/ArmGNUToolchain/13.2.Rel1/arm-none-eabi/bin/../lib/gcc/arm-none-eabi/13.2.1/../../../../arm-none-eabi/lib/thumb/v6-m/nofp/libc.a(libc_a-init.o)
                              /Applications/ArmGNUToolchain/13.2.Rel1/arm-none-eabi/bin/../lib/gcc/arm-none-eabi/13.2.1/../../../../arm-none-eabi/lib/thumb/v6-m/nofp/crt0.o (__libc_init_array)
[...]
Memory Configuration

Name             Origin             Length             Attributes
FLASH            0x10000000         0x00200000         xr
RAM              0x20000000         0x00040000         xrw
SCRATCH_X        0x20040000         0x00001000         xrw
SCRATCH_Y        0x20041000         0x00001000         xrw
*default*        0x00000000         0xffffffff

Linker script and memory map

LOAD /Applications/ArmGNUToolchain/13.2.Rel1/arm-none-eabi/bin/../lib/gcc/arm-none-eabi/13.2.1/thumb/v6-m/nofp/crti.o
LOAD /Applications/ArmGNUToolchain/13.2.Rel1/arm-none-eabi/bin/../lib/gcc/arm-none-eabi/13.2.1/thumb/v6-m/nofp/crtbegin.o
LOAD /Applications/ArmGNUToolchain/13.2.Rel1/arm-none-eabi/bin/../lib/gcc/arm-none-eabi/13.2.1/../../../../arm-none-eabi/lib/thumb/v6-m/nofp/crt0.o

.flash_begin    0x10000000        0x0
                0x10000000                        __flash_binary_start = .

.boot2          0x10000000      0x100
                0x10000000                        __boot2_start__ = .
 *(.boot2)
 .boot2         0x10000000      0x100 /var/folders/n7/t1959y0j4_gczygmz5tcw0qc0000gn/T//ccjUs7hs.o
                0x10000100                        __boot2_end__ = .
                0x00000001                        ASSERT (((__boot2_end__ - __boot2_start__) == 0x100), ERROR: Pico second stage bootloader must be 256 bytes in size)

.text           0x10000100     0x6ed8
                0x10000100                        __logical_binary_start = .
 *(.vectors)
 .vectors       0x10000100       0xd4 CMakeFiles/test.dir/Users/michaelshipman/Developer/command_module/Code/BITS/BITSv5/pico-sdk/src/rp2_common/pico_standard_link/crt0.S.obj
                0x10000100                __VECTOR_TABLE
                0x10000100                __vectors
                0x100001c0                __default_isrs_start
                0x100001c0                isr_invalid
                0x100001c2                isr_nmi
                0x100001c4                isr_hardfault
                0x100001c6                isr_svcall
                0x100001c8                isr_pendsv
                0x100001ca                isr_systick
                0x100001cc                isr_irq28
                0x100001cc                isr_irq19
                0x100001cc                isr_irq0
                0x100001cc                isr_irq6
                0x100001cc                isr_irq22
                0x100001cc                isr_irq17
                0x100001cc                isr_irq14
                0x100001cc                isr_irq2
                0x100001cc                isr_irq10
                0x100001cc                isr_irq8
                0x100001cc                isr_irq24
                0x100001cc                isr_irq1
                0x100001cc                isr_irq7
                0x100001cc                isr_irq21
                0x100001cc                isr_irq20
                0x100001cc                isr_irq15
                0x100001cc                isr_irq25
                0x100001cc                isr_irq4
                0x100001cc                isr_irq16
                0x100001cc                isr_irq29
                0x100001cc                isr_irq26
                0x100001cc                __default_isrs_end
                0x100001cc                isr_irq3
                0x100001cc                isr_irq9
                0x100001cc                __unhandled_user_irq
                0x100001cc                isr_irq13
                0x100001cc                isr_irq27
                0x100001cc                isr_irq31
                0x100001cc                isr_irq5
                0x100001cc                isr_irq11
                0x100001cc                isr_irq23
                0x100001cc                isr_irq18
                0x100001cc                isr_irq30
                0x100001cc                isr_irq12
                0x100001d2                unhandled_user_irq_num_in_r0
 *(.binary_info_header)
 .binary_info_header
                0x100001d4       0x14 CMakeFiles/test.dir/Users/michaelshipman/Developer/command_module/Code/BITS/BITSv5/pico-sdk/src/rp2_common/pico_standard_link/crt0.S.obj
                0x100001e8                        __binary_info_header_end = .
 *(.reset)
 .reset         0x100001e8       0xa0 CMakeFiles/test.dir/Users/michaelshipman/Developer/command_module/Code/BITS/BITSv5/pico-sdk/src/rp2_common/pico_standard_link/crt0.S.obj
                0x100001e8                _entry_point
 .reset         0x10000288       0x30 CMakeFiles/test.dir/Users/michaelshipman/Developer/command_module/Code/BITS/BITSv5/pico-sdk/src/rp2_common/pico_standard_link/binary_info.c.obj
 *(.init)
 .init          0x100002b8        0x4 /Applications/ArmGNUToolchain/13.2.Rel1/arm-none-eabi/bin/../lib/gcc/arm-none-eabi/13.2.1/thumb/v6-m/nofp/crti.o
                0x100002b8                _init
 *(EXCLUDE_FILE(*libm.a: *libc.a:*lib_a-mem*.o *libgcc.a:) .text*)
 .text.register_tm_clones
                0x100002bc       0x28 /Applications/ArmGNUToolchain/13.2.Rel1/arm-none-eabi/bin/../lib/gcc/arm-none-eabi/13.2.1/thumb/v6-m/nofp/crtbegin.o
 .text.frame_dummy
                0x100002e4       0x24 /Applications/ArmGNUToolchain/13.2.Rel1/arm-none-eabi/bin/../lib/gcc/arm-none-eabi/13.2.1/thumb/v6-m/nofp/crtbegin.o
 .text.startup.main
                0x10000308       0xb0 CMakeFiles/test.dir/test.cpp.obj
                0x10000308                main
 .text.gpio_set_function
                0x100003b8       0x30 CMakeFiles/test.dir/Users/michaelshipman/Developer/command_module/Code/BITS/BITSv5/pico-sdk/src/rp2_common/hardware_gpio/gpio.c.obj
                0x100003b8                gpio_set_function
 .text.running_on_fpga
                0x100003e8       0x10 CMakeFiles/test.dir/Users/michaelshipman/Developer/command_module/Code/BITS/BITSv5/pico-sdk/src/rp2_common/pico_platform/platform.c.obj
                0x100003e8                running_on_fpga
 .text.hw_claim_or_assert
                0x100003f8       0x44 CMakeFiles/test.dir/Users/michaelshipman/Developer/command_module/Code/BITS/BITSv5/pico-sdk/src/rp2_common/hardware_claim/claim.c.obj
                0x100003f8                hw_claim_or_assert
 .text.hw_claim_unused_from_range
                0x1000043c       0x9c CMakeFiles/test.dir/Users/michaelshipman/Developer/command_module/Code/BITS/BITSv5/pico-sdk/src/rp2_common/hardware_claim/claim.c.obj
                0x1000043c                hw_claim_unused_from_range
 .text.spin_locks_reset
                0x100004d8       0x1c CMakeFiles/test.dir/Users/michaelshipman/Developer/command_module/Code/BITS/BITSv5/pico-sdk/src/rp2_common/hardware_sync/sync.c.obj
                0x100004d8                spin_locks_reset
 .text.next_striped_spin_lock_num
                0x100004f4       0x18 CMakeFiles/test.dir/Users/michaelshipman/Developer/command_module/Code/BITS/BITSv5/pico-sdk/src/rp2_common/hardware_sync/sync.c.obj
                0x100004f4                next_striped_spin_lock_num
 .text.spin_lock_claim_unused
                0x1000050c       0x24 CMakeFiles/test.dir/Users/michaelshipman/Developer/command_module/Code/BITS/BITSv5/pico-sdk/src/rp2_common/hardware_sync/sync.c.obj
                0x1000050c                spin_lock_claim_unused
 .text.irq_set_enabled
                0x10000530       0x24 CMakeFiles/test.dir/Users/michaelshipman/Developer/command_module/Code/BITS/BITSv5/pico-sdk/src/rp2_common/hardware_irq/irq.c.obj
                0x10000530                irq_set_enabled
 .text.irq_set_pending
                0x10000554       0x10 CMakeFiles/test.dir/Users/michaelshipman/Developer/command_module/Code/BITS/BITSv5/pico-sdk/src/rp2_common/hardware_irq/irq.c.obj
                0x10000554                irq_set_pending
 .text.irq_has_shared_handler
                0x10000564       0x2c CMakeFiles/test.dir/Users/michaelshipman/Developer/command_module/Code/BITS/BITSv5/pico-sdk/src/rp2_common/hardware_irq/irq.c.obj
                0x10000564                irq_has_shared_handler
 .text.irq_get_vtable_handler
                0x10000590       0x10 CMakeFiles/test.dir/Users/michaelshipman/Developer/command_module/Code/BITS/BITSv5/pico-sdk/src/rp2_common/hardware_irq/irq.c.obj
                0x10000590                irq_get_vtable_handler
 .text.irq_set_exclusive_handler
                0x100005a0       0x54 CMakeFiles/test.dir/Users/michaelshipman/Developer/command_module/Code/BITS/BITSv5/pico-sdk/src/rp2_common/hardware_irq/irq.c.obj
                0x100005a0                irq_set_exclusive_handler
 .text.irq_add_shared_handler
                0x100005f4      0x1f4 CMakeFiles/test.dir/Users/michaelshipman/Developer/command_module/Code/BITS/BITSv5/pico-sdk/src/rp2_common/hardware_irq/irq.c.obj
                0x100005f4                irq_add_shared_handler
 .text.irq_remove_handler
                0x100007e8      0x1c4 CMakeFiles/test.dir/Users/michaelshipman/Developer/command_module/Code/BITS/BITSv5/pico-sdk/src/rp2_common/hardware_irq/irq.c.obj
                0x100007e8                irq_remove_handler
 .text.irq_add_tail_to_free_list
                0x100009ac       0xb4 CMakeFiles/test.dir/Users/michaelshipman/Developer/command_module/Code/BITS/BITSv5/pico-sdk/src/rp2_common/hardware_irq/irq.c.obj
                0x100009ac                irq_add_tail_to_free_list
 .text.irq_init_priorities
                0x10000a60       0x24 CMakeFiles/test.dir/Users/michaelshipman/Developer/command_module/Code/BITS/BITSv5/pico-sdk/src/rp2_common/hardware_irq/irq.c.obj
                0x10000a60                irq_init_priorities
 .text.user_irq_claim_unused
                0x10000a84       0x2c CMakeFiles/test.dir/Users/michaelshipman/Developer/command_module/Code/BITS/BITSv5/pico-sdk/src/rp2_common/hardware_irq/irq.c.obj
                0x10000a84                user_irq_claim_unused
 .text.lock_init
                0x10000ab0       0x10 CMakeFiles/test.dir/Users/michaelshipman/Developer/command_module/Code/BITS/BITSv5/pico-sdk/src/common/pico_sync/lock_core.c.obj
                0x10000ab0                lock_init
 .text.mutex_init
                0x10000ac0       0x1c CMakeFiles/test.dir/Users/michaelshipman/Developer/command_module/Code/BITS/BITSv5/pico-sdk/src/common/pico_sync/mutex.c.obj
                0x10000ac0                mutex_init
 .text.recursive_mutex_init
                0x10000adc       0x1c CMakeFiles/test.dir/Users/michaelshipman/Developer/command_module/Code/BITS/BITSv5/pico-sdk/src/common/pico_sync/mutex.c.obj
                0x10000adc                recursive_mutex_init
 .text.critical_section_init
                0x10000af8       0x1c CMakeFiles/test.dir/Users/michaelshipman/Developer/command_module/Code/BITS/BITSv5/pico-sdk/src/common/pico_sync/critical_section.c.obj
                0x10000af8                critical_section_init
 .text.critical_section_init_with_lock_num
                0x10000b14       0x14 CMakeFiles/test.dir/Users/michaelshipman/Developer/command_module/Code/BITS/BITSv5/pico-sdk/src/common/pico_sync/critical_section.c.obj
                0x10000b14                critical_section_init_with_lock_num
 .text.timer_pool_entry_comparator
                0x10000b28       0x34 CMakeFiles/test.dir/Users/michaelshipman/Developer/command_module/Code/BITS/BITSv5/pico-sdk/src/common/pico_time/time.c.obj
                0x10000b28                timer_pool_entry_comparator
 .text.sleep_until_callback
                0x10000b5c       0x30 CMakeFiles/test.dir/Users/michaelshipman/Developer/command_module/Code/BITS/BITSv5/pico-sdk/src/common/pico_time/time.c.obj
 .text.add_alarm_under_lock.isra.0
                0x10000b8c      0x100 CMakeFiles/test.dir/Users/michaelshipman/Developer/command_module/Code/BITS/BITSv5/pico-sdk/src/common/pico_time/time.c.obj
 .text.alarm_pool_alarm_callback
                0x10000c8c      0x1c0 CMakeFiles/test.dir/Users/michaelshipman/Developer/command_module/Code/BITS/BITSv5/pico-sdk/src/common/pico_time/time.c.obj
 .text.alarm_pool_init_default
                0x10000e4c       0x6c CMakeFiles/test.dir/Users/michaelshipman/Developer/command_module/Code/BITS/BITSv5/pico-sdk/src/common/pico_time/time.c.obj
                0x10000e4c                alarm_pool_init_default
 .text.alarm_pool_get_default
                0x10000eb8        0x8 CMakeFiles/test.dir/Users/michaelshipman/Developer/command_module/Code/BITS/BITSv5/pico-sdk/src/common/pico_time/time.c.obj
                0x10000eb8                alarm_pool_get_default
 .text.alarm_pool_add_alarm_at
                0x10000ec0      0x17c CMakeFiles/test.dir/Users/michaelshipman/Developer/command_module/Code/BITS/BITSv5/pico-sdk/src/common/pico_time/time.c.obj
                0x10000ec0                alarm_pool_add_alarm_at
 .text.alarm_pool_core_num
                0x1000103c        0x4 CMakeFiles/test.dir/Users/michaelshipman/Developer/command_module/Code/BITS/BITSv5/pico-sdk/src/common/pico_time/time.c.obj
                0x1000103c                alarm_pool_core_num
 .text.sleep_until
                0x10001040       0xc4 CMakeFiles/test.dir/Users/michaelshipman/Developer/command_module/Code/BITS/BITSv5/pico-sdk/src/common/pico_time/time.c.obj
                0x10001040                sleep_until
 .text.sleep_ms
                0x10001104       0x38 CMakeFiles/test.dir/Users/michaelshipman/Developer/command_module/Code/BITS/BITSv5/pico-sdk/src/common/pico_time/time.c.obj
                0x10001104                sleep_ms
 .text.best_effort_wfe_or_timeout
                0x1000113c       0xcc CMakeFiles/test.dir/Users/michaelshipman/Developer/command_module/Code/BITS/BITSv5/pico-sdk/src/common/pico_time/time.c.obj
                0x1000113c                best_effort_wfe_or_timeout
 .text.hardware_alarm_irq_handler
                0x10001208       0xbc CMakeFiles/test.dir/Users/michaelshipman/Developer/command_module/Code/BITS/BITSv5/pico-sdk/src/rp2_common/hardware_timer/timer.c.obj
 .text.hardware_alarm_claim
                0x100012c4       0x18 CMakeFiles/test.dir/Users/michaelshipman/Developer/command_module/Code/BITS/BITSv5/pico-sdk/src/rp2_common/hardware_timer/timer.c.obj
                0x100012c4                hardware_alarm_claim
 .text.time_us_64
                0x100012dc       0x14 CMakeFiles/test.dir/Users/michaelshipman/Developer/command_module/Code/BITS/BITSv5/pico-sdk/src/rp2_common/hardware_timer/timer.c.obj
                0x100012dc                time_us_64
 .text.busy_wait_us
                0x100012f0       0x68 CMakeFiles/test.dir/Users/michaelshipman/Developer/command_module/Code/BITS/BITSv5/pico-sdk/src/rp2_common/hardware_timer/timer.c.obj
                0x100012f0                busy_wait_us
 .text.busy_wait_until
                0x10001358       0x20 CMakeFiles/test.dir/Users/michaelshipman/Developer/command_module/Code/BITS/BITSv5/pico-sdk/src/rp2_common/hardware_timer/timer.c.obj
                0x10001358                busy_wait_until
 .text.hardware_alarm_set_callback
                0x10001378       0x8c CMakeFiles/test.dir/Users/michaelshipman/Developer/command_module/Code/BITS/BITSv5/pico-sdk/src/rp2_common/hardware_timer/timer.c.obj
                0x10001378                hardware_alarm_set_callback
 .text.hardware_alarm_set_target
                0x10001404       0xd0 CMakeFiles/test.dir/Users/michaelshipman/Developer/command_module/Code/BITS/BITSv5/pico-sdk/src/rp2_common/hardware_timer/timer.c.obj
                0x10001404                hardware_alarm_set_target
 .text.hardware_alarm_cancel
                0x100014d4       0x3c CMakeFiles/test.dir/Users/michaelshipman/Developer/command_module/Code/BITS/BITSv5/pico-sdk/src/rp2_common/hardware_timer/timer.c.obj
                0x100014d4                hardware_alarm_cancel
 .text.ph_merge_nodes
                0x10001510       0x58 CMakeFiles/test.dir/Users/michaelshipman/Developer/command_module/Code/BITS/BITSv5/pico-sdk/src/common/pico_util/pheap.c.obj
 .text.ph_post_alloc_init
                0x10001568       0x3c CMakeFiles/test.dir/Users/michaelshipman/Developer/command_module/Code/BITS/BITSv5/pico-sdk/src/common/pico_util/pheap.c.obj
                0x10001568                ph_post_alloc_init
 .text.ph_merge_two_pass
                0x100015a4       0x8c CMakeFiles/test.dir/Users/michaelshipman/Developer/command_module/Code/BITS/BITSv5/pico-sdk/src/common/pico_util/pheap.c.obj
                0x100015a4                ph_merge_two_pass
 .text.ph_remove_any_head
                0x10001630      0x100 CMakeFiles/test.dir/Users/michaelshipman/Developer/command_module/Code/BITS/BITSv5/pico-sdk/src/common/pico_util/pheap.c.obj
 .text.ph_remove_head
                0x10001730      0x104 CMakeFiles/test.dir/Users/michaelshipman/Developer/command_module/Code/BITS/BITSv5/pico-sdk/src/common/pico_util/pheap.c.obj
                0x10001730                ph_remove_head
 .text.ph_remove_and_free_node
                0x10001834       0x78 CMakeFiles/test.dir/Users/michaelshipman/Developer/command_module/Code/BITS/BITSv5/pico-sdk/src/common/pico_util/pheap.c.obj
                0x10001834                ph_remove_and_free_node
 .text.uart_init
                0x100018ac      0x18c CMakeFiles/test.dir/Users/michaelshipman/Developer/command_module/Code/BITS/BITSv5/pico-sdk/src/rp2_common/hardware_uart/uart.c.obj
                0x100018ac                uart_init
 .text.clocks_init
                0x10001a38      0x2c8 CMakeFiles/test.dir/Users/michaelshipman/Developer/command_module/Code/BITS/BITSv5/pico-sdk/src/rp2_common/hardware_clocks/clocks.c.obj
                0x10001a38                clocks_init
 .text.clock_get_hz
                0x10001d00        0xc CMakeFiles/test.dir/Users/michaelshipman/Developer/command_module/Code/BITS/BITSv5/pico-sdk/src/rp2_common/hardware_clocks/clocks.c.obj
                0x10001d00                clock_get_hz
 .text.pll_init
                0x10001d0c       0xa4 CMakeFiles/test.dir/Users/michaelshipman/Developer/command_module/Code/BITS/BITSv5/pico-sdk/src/rp2_common/hardware_pll/pll.c.obj
                0x10001d0c                pll_init
 .text.watchdog_start_tick
                0x10001db0       0x10 CMakeFiles/test.dir/Users/michaelshipman/Developer/command_module/Code/BITS/BITSv5/pico-sdk/src/rp2_common/hardware_watchdog/watchdog.c.obj
                0x10001db0                watchdog_start_tick
 .text.watchdog_reboot
                0x10001dc0       0x9c CMakeFiles/test.dir/Users/michaelshipman/Developer/command_module/Code/BITS/BITSv5/pico-sdk/src/rp2_common/hardware_watchdog/watchdog.c.obj
                0x10001dc0                watchdog_reboot
 .text.xosc_init
                0x10001e5c       0x28 CMakeFiles/test.dir/Users/michaelshipman/Developer/command_module/Code/BITS/BITSv5/pico-sdk/src/rp2_common/hardware_xosc/xosc.c.obj
                0x10001e5c                xosc_init
 .text.runtime_init
                0x10001e84       0xf0 CMakeFiles/test.dir/Users/michaelshipman/Developer/command_module/Code/BITS/BITSv5/pico-sdk/src/rp2_common/pico_runtime/runtime.c.obj
                0x10001e84                runtime_init
 .text._exit    0x10001f74        0x4 CMakeFiles/test.dir/Users/michaelshipman/Developer/command_module/Code/BITS/BITSv5/pico-sdk/src/rp2_common/pico_runtime/runtime.c.obj
                0x10001f74                _exit
 .text.exit     0x10001f78        0x8 CMakeFiles/test.dir/Users/michaelshipman/Developer/command_module/Code/BITS/BITSv5/pico-sdk/src/rp2_common/pico_runtime/runtime.c.obj
                0x10001f78                exit
 .text.panic    0x10001f80       0x30 CMakeFiles/test.dir/Users/michaelshipman/Developer/command_module/Code/BITS/BITSv5/pico-sdk/src/rp2_common/pico_runtime/runtime.c.obj
                0x10001f80                panic
 .text.hard_assertion_failure
                0x10001fb0        0xc CMakeFiles/test.dir/Users/michaelshipman/Developer/command_module/Code/BITS/BITSv5/pico-sdk/src/rp2_common/pico_runtime/runtime.c.obj
                0x10001fb0                hard_assertion_failure
 .text._out_null
                0x10001fbc        0x4 CMakeFiles/test.dir/Users/michaelshipman/Developer/command_module/Code/BITS/BITSv5/pico-sdk/src/rp2_common/pico_printf/printf.c.obj
 .text._out_rev
                0x10001fc0       0xac CMakeFiles/test.dir/Users/michaelshipman/Developer/command_module/Code/BITS/BITSv5/pico-sdk/src/rp2_common/pico_printf/printf.c.obj
 .text._ntoa_format
                0x1000206c      0x250 CMakeFiles/test.dir/Users/michaelshipman/Developer/command_module/Code/BITS/BITSv5/pico-sdk/src/rp2_common/pico_printf/printf.c.obj
 .text._out_char
                0x100022bc       0x10 CMakeFiles/test.dir/Users/michaelshipman/Developer/command_module/Code/BITS/BITSv5/pico-sdk/src/rp2_common/pico_printf/printf.c.obj
 .text._out_fct
                0x100022cc       0x10 CMakeFiles/test.dir/Users/michaelshipman/Developer/command_module/Code/BITS/BITSv5/pico-sdk/src/rp2_common/pico_printf/printf.c.obj
 .text._etoa    0x100022dc      0x464 CMakeFiles/test.dir/Users/michaelshipman/Developer/command_module/Code/BITS/BITSv5/pico-sdk/src/rp2_common/pico_printf/printf.c.obj
 .text._ftoa    0x10002740      0x3c0 CMakeFiles/test.dir/Users/michaelshipman/Developer/command_module/Code/BITS/BITSv5/pico-sdk/src/rp2_common/pico_printf/printf.c.obj
 .text._vsnprintf
                0x10002b00      0xbc8 CMakeFiles/test.dir/Users/michaelshipman/Developer/command_module/Code/BITS/BITSv5/pico-sdk/src/rp2_common/pico_printf/printf.c.obj
 .text.vfctprintf
                0x100036c8       0x20 CMakeFiles/test.dir/Users/michaelshipman/Developer/command_module/Code/BITS/BITSv5/pico-sdk/src/rp2_common/pico_printf/printf.c.obj
                0x100036c8                vfctprintf
 .text.weak_raw_vprintf
                0x100036e8       0x30 CMakeFiles/test.dir/Users/michaelshipman/Developer/command_module/Code/BITS/BITSv5/pico-sdk/src/rp2_common/pico_printf/printf.c.obj
                0x100036e8                weak_raw_vprintf
 .text          0x10003718       0x10 CMakeFiles/test.dir/Users/michaelshipman/Developer/command_module/Code/BITS/BITSv5/pico-sdk/src/rp2_common/pico_bit_ops/bit_ops_aeabi.S.obj
 .text.rom_func_lookup
                0x10003728       0x10 CMakeFiles/test.dir/Users/michaelshipman/Developer/command_module/Code/BITS/BITSv5/pico-sdk/src/rp2_common/pico_bootrom/bootrom.c.obj
                0x10003728                rom_func_lookup
 .text.rom_data_lookup
                0x10003738       0x10 CMakeFiles/test.dir/Users/michaelshipman/Developer/command_module/Code/BITS/BITSv5/pico-sdk/src/rp2_common/pico_bootrom/bootrom.c.obj
                0x10003738                rom_data_lookup
 .text.rom_funcs_lookup
                0x10003748       0x44 CMakeFiles/test.dir/Users/michaelshipman/Developer/command_module/Code/BITS/BITSv5/pico-sdk/src/rp2_common/pico_bootrom/bootrom.c.obj
                0x10003748                rom_funcs_lookup
 .text.__wrap___aeabi_idiv
                0x1000378c       0x50 CMakeFiles/test.dir/Users/michaelshipman/Developer/command_module/Code/BITS/BITSv5/pico-sdk/src/rp2_common/pico_divider/divider.S.obj
                0x1000378c                __wrap___aeabi_idivmod
                0x1000378c                divmod_s32s32
                0x1000378c                div_s32s32
                0x1000378c                __wrap___aeabi_idiv
                0x10003794                divmod_s32s32_unsafe
                0x100037c0                divmod_s32s32_savestate
 .text.__wrap___aeabi_uidiv
                0x100037dc       0x4c CMakeFiles/test.dir/Users/michaelshipman/Developer/command_module/Code/BITS/BITSv5/pico-sdk/src/rp2_common/pico_divider/divider.S.obj
                0x100037dc                __wrap___aeabi_uidiv
                0x100037dc                __wrap___aeabi_uidivmod
                0x100037dc                div_u32u32
                0x100037dc                divmod_u32u32
                0x100037e4                divmod_u32u32_unsafe
                0x1000380c                divmod_u32u32_savestate
 .text.__wrap___aeabi_ldiv
                0x10003828      0x424 CMakeFiles/test.dir/Users/michaelshipman/Developer/command_module/Code/BITS/BITSv5/pico-sdk/src/rp2_common/pico_divider/divider.S.obj
                0x10003828                __wrap___aeabi_ldivmod
                0x10003828                div_s64s64
                0x10003828                divmod_s64s64
                0x10003858                divmod_u64u64
                0x10003858                div_u64u64
                0x10003858                __wrap___aeabi_uldivmod
                0x10003868                divmod_u64u64_savestate
                0x10003888                divmod_s64s64_unsafe
                0x10003910                divmod_u64u64_unsafe
 .text.__wrap___aeabi_darithmetic
                0x10003c4c       0x80 CMakeFiles/test.dir/Users/michaelshipman/Developer/command_module/Code/BITS/BITSv5/pico-sdk/src/rp2_common/pico_double/double_aeabi.S.obj
                0x10003c4c                __wrap___aeabi_drsub
                0x10003c52                __wrap___aeabi_dsub
                0x10003c64                __wrap___aeabi_dadd
                0x10003c76                __wrap___aeabi_ddiv
                0x10003cb2                __wrap___aeabi_dmul
 .text.__wrap___aeabi_cdcmple
                0x10003ccc       0x6c CMakeFiles/test.dir/Users/michaelshipman/Developer/command_module/Code/BITS/BITSv5/pico-sdk/src/rp2_common/pico_double/double_aeabi.S.obj
                0x10003ccc                __wrap___aeabi_cdrcmple
                0x10003cdc                __wrap___aeabi_cdcmple
                0x10003cdc                __wrap___aeabi_cdcmpeq
 .text.__wrap___aeabi_dcmplt
                0x10003d38        0xc CMakeFiles/test.dir/Users/michaelshipman/Developer/command_module/Code/BITS/BITSv5/pico-sdk/src/rp2_common/pico_double/double_aeabi.S.obj
                0x10003d38                __wrap___aeabi_dcmplt
 .text.__wrap___aeabi_dcmpge
                0x10003d44       0x10 CMakeFiles/test.dir/Users/michaelshipman/Developer/command_module/Code/BITS/BITSv5/pico-sdk/src/rp2_common/pico_double/double_aeabi.S.obj
                0x10003d44                __wrap___aeabi_dcmpge
 .text.__wrap___aeabi_dcmpgt
                0x10003d54        0xa CMakeFiles/test.dir/Users/michaelshipman/Developer/command_module/Code/BITS/BITSv5/pico-sdk/src/rp2_common/pico_double/double_aeabi.S.obj
                0x10003d54                __wrap___aeabi_dcmpgt
 .text.__wrap___aeabi_dcmpun
                0x10003d5e       0x1c CMakeFiles/test.dir/Users/michaelshipman/Developer/command_module/Code/BITS/BITSv5/pico-sdk/src/rp2_common/pico_double/double_aeabi.S.obj
                0x10003d5e                __wrap___aeabi_dcmpun
 *fill*         0x10003d7a        0x2 
 .text.__wrap___aeabi_i2d
                0x10003d7c       0x38 CMakeFiles/test.dir/Users/michaelshipman/Developer/command_module/Code/BITS/BITSv5/pico-sdk/src/rp2_common/pico_double/double_aeabi.S.obj
                0x10003d7c                __wrap___aeabi_ui2d
                0x10003d84                __wrap___aeabi_i2d
 .text.__wrap___aeabi_d2iz
                0x10003db4       0x48 CMakeFiles/test.dir/Users/michaelshipman/Developer/command_module/Code/BITS/BITSv5/pico-sdk/src/rp2_common/pico_double/double_aeabi.S.obj
                0x10003db4                __wrap___aeabi_d2iz
                0x10003db4                double2int_z
 .text.__wrap___aeabi_d2uiz
                0x10003dfc       0x18 CMakeFiles/test.dir/Users/michaelshipman/Developer/command_module/Code/BITS/BITSv5/pico-sdk/src/rp2_common/pico_double/double_aeabi.S.obj
                0x10003dfc                double2uint
                0x10003dfc                __wrap___aeabi_d2uiz
 .text.__aeabi_double_init
                0x10003e14       0x98 CMakeFiles/test.dir/Users/michaelshipman/Developer/command_module/Code/BITS/BITSv5/pico-sdk/src/rp2_common/pico_double/double_init_rom.c.obj
                0x10003e14                __aeabi_double_init
 .text.double_table_shim_on_use_helper
                0x10003eac       0x2c CMakeFiles/test.dir/Users/michaelshipman/Developer/command_module/Code/BITS/BITSv5/pico-sdk/src/rp2_common/pico_double/double_v1_rom_shim.S.obj
                0x10003eac                double_table_shim_on_use_helper
 .text.__wrap___aeabi_dsub
                0x10003ed8       0x10 CMakeFiles/test.dir/Users/michaelshipman/Developer/command_module/Code/BITS/BITSv5/pico-sdk/src/rp2_common/pico_double/double_v1_rom_shim.S.obj
                0x10003ed8                drsub_shim
                0x10003ede                dsub_shim
 .text.dadd_shim
                0x10003ee8      0x15c CMakeFiles/test.dir/Users/michaelshipman/Developer/command_module/Code/BITS/BITSv5/pico-sdk/src/rp2_common/pico_double/double_v1_rom_shim.S.obj
                0x10003ee8                dadd_shim
 .text.dmul_shim
                0x10004044      0x15c CMakeFiles/test.dir/Users/michaelshipman/Developer/command_module/Code/BITS/BITSv5/pico-sdk/src/rp2_common/pico_double/double_v1_rom_shim.S.obj
                0x10004044                dmul_shim
 .text.ddiv_shim
                0x100041a0      0x1b0 CMakeFiles/test.dir/Users/michaelshipman/Developer/command_module/Code/BITS/BITSv5/pico-sdk/src/rp2_common/pico_double/double_v1_rom_shim.S.obj
                0x100041a0                ddiv_shim
 .text.double2uint_shim
                0x10004350        0xe CMakeFiles/test.dir/Users/michaelshipman/Developer/command_module/Code/BITS/BITSv5/pico-sdk/src/rp2_common/pico_double/double_v1_rom_shim.S.obj
                0x10004350                double2uint_shim
                0x10004352                double2ufix_shim
 *fill*         0x1000435e        0x2 
 .text.double2uint64_shim
                0x10004360       0x70 CMakeFiles/test.dir/Users/michaelshipman/Developer/command_module/Code/BITS/BITSv5/pico-sdk/src/rp2_common/pico_double/double_v1_rom_shim.S.obj
                0x10004360                double2uint64_shim
                0x10004362                double2ufix64_shim
                0x10004382                d2fix_a
 .text.dunpacks
                0x100043d0       0x3c CMakeFiles/test.dir/Users/michaelshipman/Developer/command_module/Code/BITS/BITSv5/pico-sdk/src/rp2_common/pico_double/double_v1_rom_shim.S.obj
                0x100043d0                dunpacks
 .text.__aeabi_lmul
                0x1000440c       0x32 CMakeFiles/test.dir/Users/michaelshipman/Developer/command_module/Code/BITS/BITSv5/pico-sdk/src/rp2_common/pico_int64_ops/pico_int64_ops_aeabi.S.obj
                0x1000440c                __wrap___aeabi_lmul
 *fill*         0x1000443e        0x2 
 .text.__aeabi_float_init
                0x10004440       0x64 CMakeFiles/test.dir/Users/michaelshipman/Developer/command_module/Code/BITS/BITSv5/pico-sdk/src/rp2_common/pico_float/float_init_rom.c.obj
                0x10004440                __aeabi_float_init
 .text.float_table_shim_on_use_helper
                0x100044a4       0x2c CMakeFiles/test.dir/Users/michaelshipman/Developer/command_module/Code/BITS/BITSv5/pico-sdk/src/rp2_common/pico_float/float_v1_rom_shim.S.obj
                0x100044a4                float_table_shim_on_use_helper
 .text          0x100044d0       0x10 CMakeFiles/test.dir/Users/michaelshipman/Developer/command_module/Code/BITS/BITSv5/pico-sdk/src/rp2_common/pico_mem_ops/mem_ops_aeabi.S.obj
                0x100044d0                __aeabi_mem_init
 .text.memset   0x100044e0        0xc CMakeFiles/test.dir/Users/michaelshipman/Developer/command_module/Code/BITS/BITSv5/pico-sdk/src/rp2_common/pico_mem_ops/mem_ops_aeabi.S.obj
                0x100044e0                __wrap_memset
 .text.memcpy   0x100044ec        0xc CMakeFiles/test.dir/Users/michaelshipman/Developer/command_module/Code/BITS/BITSv5/pico-sdk/src/rp2_common/pico_mem_ops/mem_ops_aeabi.S.obj
                0x100044ec                __wrap___aeabi_memcpy
                0x100044ec                __wrap_memcpy
 .text.stdio_out_chars_crlf
                0x100044f8       0x94 CMakeFiles/test.dir/Users/michaelshipman/Developer/command_module/Code/BITS/BITSv5/pico-sdk/src/rp2_common/pico_stdio/stdio.c.obj
 .text.stdio_buffered_printer
                0x1000458c       0x64 CMakeFiles/test.dir/Users/michaelshipman/Developer/command_module/Code/BITS/BITSv5/pico-sdk/src/rp2_common/pico_stdio/stdio.c.obj
 .text.__wrap_putchar
                0x100045f0       0x98 CMakeFiles/test.dir/Users/michaelshipman/Developer/command_module/Code/BITS/BITSv5/pico-sdk/src/rp2_common/pico_stdio/stdio.c.obj
                0x100045f0                __wrap_putchar
 .text.__wrap_puts
                0x10004688       0xe0 CMakeFiles/test.dir/Users/michaelshipman/Developer/command_module/Code/BITS/BITSv5/pico-sdk/src/rp2_common/pico_stdio/stdio.c.obj
                0x10004688                __wrap_puts
 .text.stdio_set_driver_enabled
                0x10004768       0x30 CMakeFiles/test.dir/Users/michaelshipman/Developer/command_module/Code/BITS/BITSv5/pico-sdk/src/rp2_common/pico_stdio/stdio.c.obj
                0x10004768                stdio_set_driver_enabled
 .text.__wrap_vprintf
                0x10004798       0xd4 CMakeFiles/test.dir/Users/michaelshipman/Developer/command_module/Code/BITS/BITSv5/pico-sdk/src/rp2_common/pico_stdio/stdio.c.obj
                0x10004798                __wrap_vprintf
 .text.__wrap_printf
                0x1000486c       0x18 CMakeFiles/test.dir/Users/michaelshipman/Developer/command_module/Code/BITS/BITSv5/pico-sdk/src/rp2_common/pico_stdio/stdio.c.obj
                0x1000486c                __wrap_printf
 .text.stdio_init_all
                0x10004884       0x10 CMakeFiles/test.dir/Users/michaelshipman/Developer/command_module/Code/BITS/BITSv5/pico-sdk/src/rp2_common/pico_stdio/stdio.c.obj
                0x10004884                stdio_init_all
 .text.stdio_uart_out_chars
                0x10004894       0x4c CMakeFiles/test.dir/Users/michaelshipman/Developer/command_module/Code/BITS/BITSv5/pico-sdk/src/rp2_common/pico_stdio_uart/stdio_uart.c.obj
 .text.stdio_uart_in_chars
                0x100048e0       0x90 CMakeFiles/test.dir/Users/michaelshipman/Developer/command_module/Code/BITS/BITSv5/pico-sdk/src/rp2_common/pico_stdio_uart/stdio_uart.c.obj
                0x100048e0                stdio_uart_in_chars
 .text.on_uart_rx
                0x10004970       0x28 CMakeFiles/test.dir/Users/michaelshipman/Developer/command_module/Code/BITS/BITSv5/pico-sdk/src/rp2_common/pico_stdio_uart/stdio_uart.c.obj
 .text.stdio_uart_set_chars_available_callback
                0x10004998       0x8c CMakeFiles/test.dir/Users/michaelshipman/Developer/command_module/Code/BITS/BITSv5/pico-sdk/src/rp2_common/pico_stdio_uart/stdio_uart.c.obj
 .text.stdio_uart_init
                0x10004a24       0x48 CMakeFiles/test.dir/Users/michaelshipman/Developer/command_module/Code/BITS/BITSv5/pico-sdk/src/rp2_common/pico_stdio_uart/stdio_uart.c.obj
                0x10004a24                stdio_uart_init
 .text.resetd_init
                0x10004a6c        0x4 CMakeFiles/test.dir/Users/michaelshipman/Developer/command_module/Code/BITS/BITSv5/pico-sdk/src/rp2_common/pico_stdio_usb/reset_interface.c.obj
 .text.resetd_reset
                0x10004a70        0xc CMakeFiles/test.dir/Users/michaelshipman/Developer/command_module/Code/BITS/BITSv5/pico-sdk/src/rp2_common/pico_stdio_usb/reset_interface.c.obj
 .text.resetd_open
                0x10004a7c       0x28 CMakeFiles/test.dir/Users/michaelshipman/Developer/command_module/Code/BITS/BITSv5/pico-sdk/src/rp2_common/pico_stdio_usb/reset_interface.c.obj
 .text.resetd_xfer_cb
                0x10004aa4        0x4 CMakeFiles/test.dir/Users/michaelshipman/Developer/command_module/Code/BITS/BITSv5/pico-sdk/src/rp2_common/pico_stdio_usb/reset_interface.c.obj
 .text.resetd_control_xfer_cb
                0x10004aa8       0x60 CMakeFiles/test.dir/Users/michaelshipman/Developer/command_module/Code/BITS/BITSv5/pico-sdk/src/rp2_common/pico_stdio_usb/reset_interface.c.obj
 .text.usbd_app_driver_get_cb
                0x10004b08        0xc CMakeFiles/test.dir/Users/michaelshipman/Developer/command_module/Code/BITS/BITSv5/pico-sdk/src/rp2_common/pico_stdio_usb/reset_interface.c.obj
                0x10004b08                usbd_app_driver_get_cb
 .text.tud_cdc_line_coding_cb
                0x10004b14       0x34 CMakeFiles/test.dir/Users/michaelshipman/Developer/command_module/Code/BITS/BITSv5/pico-sdk/src/rp2_common/pico_stdio_usb/reset_interface.c.obj
                0x10004b14                tud_cdc_line_coding_cb
 .text.stdio_usb_set_chars_available_callback
                0x10004b48       0x14 CMakeFiles/test.dir/Users/michaelshipman/Developer/command_module/Code/BITS/BITSv5/pico-sdk/src/rp2_common/pico_stdio_usb/stdio_usb.c.obj
                0x10004b48                stdio_usb_set_chars_available_callback
 .text.usb_irq  0x10004b5c       0x10 CMakeFiles/test.dir/Users/michaelshipman/Developer/command_module/Code/BITS/BITSv5/pico-sdk/src/rp2_common/pico_stdio_usb/stdio_usb.c.obj
 .text.timer_task
                0x10004b6c       0x54 CMakeFiles/test.dir/Users/michaelshipman/Developer/command_module/Code/BITS/BITSv5/pico-sdk/src/rp2_common/pico_stdio_usb/stdio_usb.c.obj
 .text.stdio_usb_in_chars
                0x10004bc0       0x90 CMakeFiles/test.dir/Users/michaelshipman/Developer/command_module/Code/BITS/BITSv5/pico-sdk/src/rp2_common/pico_stdio_usb/stdio_usb.c.obj
                0x10004bc0                stdio_usb_in_chars
 .text.stdio_usb_out_chars
                0x10004c50      0x104 CMakeFiles/test.dir/Users/michaelshipman/Developer/command_module/Code/BITS/BITSv5/pico-sdk/src/rp2_common/pico_stdio_usb/stdio_usb.c.obj
 .text.low_priority_worker_irq
                0x10004d54       0xa8 CMakeFiles/test.dir/Users/michaelshipman/Developer/command_module/Code/BITS/BITSv5/pico-sdk/src/rp2_common/pico_stdio_usb/stdio_usb.c.obj
 .text.tud_cdc_rx_cb
                0x10004dfc       0x20 CMakeFiles/test.dir/Users/michaelshipman/Developer/command_module/Code/BITS/BITSv5/pico-sdk/src/rp2_common/pico_stdio_usb/stdio_usb.c.obj
                0x10004dfc                tud_cdc_rx_cb
 .text.stdio_usb_init
                0x10004e1c       0xe0 CMakeFiles/test.dir/Users/michaelshipman/Developer/command_module/Code/BITS/BITSv5/pico-sdk/src/rp2_common/pico_stdio_usb/stdio_usb.c.obj
                0x10004e1c                stdio_usb_init
 .text.tud_descriptor_device_cb
                0x10004efc        0x8 CMakeFiles/test.dir/Users/michaelshipman/Developer/command_module/Code/BITS/BITSv5/pico-sdk/src/rp2_common/pico_stdio_usb/stdio_usb_descriptors.c.obj
                0x10004efc                tud_descriptor_device_cb
 .text.tud_descriptor_configuration_cb
                0x10004f04        0x8 CMakeFiles/test.dir/Users/michaelshipman/Developer/command_module/Code/BITS/BITSv5/pico-sdk/src/rp2_common/pico_stdio_usb/stdio_usb_descriptors.c.obj
                0x10004f04                tud_descriptor_configuration_cb
 .text.tud_descriptor_string_cb
                0x10004f0c       0x78 CMakeFiles/test.dir/Users/michaelshipman/Developer/command_module/Code/BITS/BITSv5/pico-sdk/src/rp2_common/pico_stdio_usb/stdio_usb_descriptors.c.obj
                0x10004f0c                tud_descriptor_string_cb
 .text.startup._retrieve_unique_id_on_boot
                0x10004f84       0x10 CMakeFiles/test.dir/Users/michaelshipman/Developer/command_module/Code/BITS/BITSv5/pico-sdk/src/rp2_common/pico_unique_id/unique_id.c.obj
 .text.pico_get_unique_board_id_string
                0x10004f94      0x1a8 CMakeFiles/test.dir/Users/michaelshipman/Developer/command_module/Code/BITS/BITSv5/pico-sdk/src/rp2_common/pico_unique_id/unique_id.c.obj
                0x10004f94                pico_get_unique_board_id_string
 .text.flash_get_unique_id
                0x1000513c       0x3c CMakeFiles/test.dir/Users/michaelshipman/Developer/command_module/Code/BITS/BITSv5/pico-sdk/src/rp2_common/hardware_flash/flash.c.obj
                0x1000513c                flash_get_unique_id
 .text.dcd_int_enable
                0x10005178        0xc CMakeFiles/test.dir/Users/michaelshipman/Developer/command_module/Code/BITS/BITSv5/pico-sdk/lib/tinyusb/src/portable/raspberrypi/rp2040/dcd_rp2040.c.obj
                0x10005178                dcd_int_enable
 .text.dcd_set_address
                0x10005184       0x14 CMakeFiles/test.dir/Users/michaelshipman/Developer/command_module/Code/BITS/BITSv5/pico-sdk/lib/tinyusb/src/portable/raspberrypi/rp2040/dcd_rp2040.c.obj
                0x10005184                dcd_set_address
 .text.dcd_connect
                0x10005198       0x10 CMakeFiles/test.dir/Users/michaelshipman/Developer/command_module/Code/BITS/BITSv5/pico-sdk/lib/tinyusb/src/portable/raspberrypi/rp2040/dcd_rp2040.c.obj
                0x10005198                dcd_connect
 .text.dcd_init
                0x100051a8       0x98 CMakeFiles/test.dir/Users/michaelshipman/Developer/command_module/Code/BITS/BITSv5/pico-sdk/lib/tinyusb/src/portable/raspberrypi/rp2040/dcd_rp2040.c.obj
                0x100051a8                dcd_init
 .text.dcd_edpt0_status_complete
                0x10005240       0x1c CMakeFiles/test.dir/Users/michaelshipman/Developer/command_module/Code/BITS/BITSv5/pico-sdk/lib/tinyusb/src/portable/raspberrypi/rp2040/dcd_rp2040.c.obj
                0x10005240                dcd_edpt0_status_complete
 .text.dcd_edpt_open
                0x1000525c      0x108 CMakeFiles/test.dir/Users/michaelshipman/Developer/command_module/Code/BITS/BITSv5/pico-sdk/lib/tinyusb/src/portable/raspberrypi/rp2040/dcd_rp2040.c.obj
                0x1000525c                dcd_edpt_open
 .text.dcd_edpt_close_all
                0x10005364        0x8 CMakeFiles/test.dir/Users/michaelshipman/Developer/command_module/Code/BITS/BITSv5/pico-sdk/lib/tinyusb/src/portable/raspberrypi/rp2040/dcd_rp2040.c.obj
                0x10005364                dcd_edpt_close_all
 .text.dcd_edpt_xfer
                0x1000536c       0x24 CMakeFiles/test.dir/Users/michaelshipman/Developer/command_module/Code/BITS/BITSv5/pico-sdk/lib/tinyusb/src/portable/raspberrypi/rp2040/dcd_rp2040.c.obj
                0x1000536c                dcd_edpt_xfer
 .text.dcd_edpt_stall
                0x10005390       0x34 CMakeFiles/test.dir/Users/michaelshipman/Developer/command_module/Code/BITS/BITSv5/pico-sdk/lib/tinyusb/src/portable/raspberrypi/rp2040/dcd_rp2040.c.obj
                0x10005390                dcd_edpt_stall
 .text.dcd_edpt_clear_stall
                0x100053c4       0x30 CMakeFiles/test.dir/Users/michaelshipman/Developer/command_module/Code/BITS/BITSv5/pico-sdk/lib/tinyusb/src/portable/raspberrypi/rp2040/dcd_rp2040.c.obj
                0x100053c4                dcd_edpt_clear_stall
 .text.rp2040_usb_init
                0x100053f4       0x4c CMakeFiles/test.dir/Users/michaelshipman/Developer/command_module/Code/BITS/BITSv5/pico-sdk/lib/tinyusb/src/portable/raspberrypi/rp2040/rp2040_usb.c.obj
                0x100053f4                rp2040_usb_init
 .text.hw_endpoint_xfer_start
                0x10005440       0x40 CMakeFiles/test.dir/Users/michaelshipman/Developer/command_module/Code/BITS/BITSv5/pico-sdk/lib/tinyusb/src/portable/raspberrypi/rp2040/rp2040_usb.c.obj
                0x10005440                hw_endpoint_xfer_start
 .text.tud_mounted
                0x10005480       0x10 CMakeFiles/test.dir/Users/michaelshipman/Developer/command_module/Code/BITS/BITSv5/pico-sdk/lib/tinyusb/src/device/usbd.c.obj
                0x10005480                tud_mounted
 .text.tud_suspended
                0x10005490       0x10 CMakeFiles/test.dir/Users/michaelshipman/Developer/command_module/Code/BITS/BITSv5/pico-sdk/lib/tinyusb/src/device/usbd.c.obj
                0x10005490                tud_suspended
 .text.tud_inited
                0x100054a0       0x14 CMakeFiles/test.dir/Users/michaelshipman/Developer/command_module/Code/BITS/BITSv5/pico-sdk/lib/tinyusb/src/device/usbd.c.obj
                0x100054a0                tud_inited
 .text.tud_init
                0x100054b4       0xdc CMakeFiles/test.dir/Users/michaelshipman/Developer/command_module/Code/BITS/BITSv5/pico-sdk/lib/tinyusb/src/device/usbd.c.obj
                0x100054b4                tud_init
 .text.tud_task_ext
                0x10005590      0x850 CMakeFiles/test.dir/Users/michaelshipman/Developer/command_module/Code/BITS/BITSv5/pico-sdk/lib/tinyusb/src/device/usbd.c.obj
                0x10005590                tud_task_ext
 .text.usbd_open_edpt_pair
                0x10005de0       0x9c CMakeFiles/test.dir/Users/michaelshipman/Developer/command_module/Code/BITS/BITSv5/pico-sdk/lib/tinyusb/src/device/usbd.c.obj
                0x10005de0                usbd_open_edpt_pair
 .text.usbd_defer_func
                0x10005e7c       0x48 CMakeFiles/test.dir/Users/michaelshipman/Developer/command_module/Code/BITS/BITSv5/pico-sdk/lib/tinyusb/src/device/usbd.c.obj
                0x10005e7c                usbd_defer_func
 .text.usbd_edpt_open
                0x10005ec4       0x34 CMakeFiles/test.dir/Users/michaelshipman/Developer/command_module/Code/BITS/BITSv5/pico-sdk/lib/tinyusb/src/device/usbd.c.obj
                0x10005ec4                usbd_edpt_open
 .text.usbd_edpt_claim
                0x10005ef8       0x28 CMakeFiles/test.dir/Users/michaelshipman/Developer/command_module/Code/BITS/BITSv5/pico-sdk/lib/tinyusb/src/device/usbd.c.obj
                0x10005ef8                usbd_edpt_claim
 .text.usbd_edpt_release
                0x10005f20       0x28 CMakeFiles/test.dir/Users/michaelshipman/Developer/command_module/Code/BITS/BITSv5/pico-sdk/lib/tinyusb/src/device/usbd.c.obj
                0x10005f20                usbd_edpt_release
 .text.usbd_edpt_xfer
                0x10005f48       0x4c CMakeFiles/test.dir/Users/michaelshipman/Developer/command_module/Code/BITS/BITSv5/pico-sdk/lib/tinyusb/src/device/usbd.c.obj
                0x10005f48                usbd_edpt_xfer
 .text.tud_control_status
                0x10005f94       0x2c CMakeFiles/test.dir/Users/michaelshipman/Developer/command_module/Code/BITS/BITSv5/pico-sdk/lib/tinyusb/src/device/usbd_control.c.obj
                0x10005f94                tud_control_status
 .text.tud_control_xfer
                0x10005fc0       0xac CMakeFiles/test.dir/Users/michaelshipman/Developer/command_module/Code/BITS/BITSv5/pico-sdk/lib/tinyusb/src/device/usbd_control.c.obj
                0x10005fc0                tud_control_xfer
 .text.usbd_control_reset
                0x1000606c       0x14 CMakeFiles/test.dir/Users/michaelshipman/Developer/command_module/Code/BITS/BITSv5/pico-sdk/lib/tinyusb/src/device/usbd_control.c.obj
                0x1000606c                usbd_control_reset
 .text.usbd_control_set_complete_callback
                0x10006080        0xc CMakeFiles/test.dir/Users/michaelshipman/Developer/command_module/Code/BITS/BITSv5/pico-sdk/lib/tinyusb/src/device/usbd_control.c.obj
                0x10006080                usbd_control_set_complete_callback
 .text.usbd_control_set_request
                0x1000608c       0x1c CMakeFiles/test.dir/Users/michaelshipman/Developer/command_module/Code/BITS/BITSv5/pico-sdk/lib/tinyusb/src/device/usbd_control.c.obj
                0x1000608c                usbd_control_set_request
 .text.usbd_control_xfer_cb
                0x100060a8       0xf4 CMakeFiles/test.dir/Users/michaelshipman/Developer/command_module/Code/BITS/BITSv5/pico-sdk/lib/tinyusb/src/device/usbd_control.c.obj
                0x100060a8                usbd_control_xfer_cb
 .text.tud_cdc_n_connected
                0x1000619c       0x30 CMakeFiles/test.dir/Users/michaelshipman/Developer/command_module/Code/BITS/BITSv5/pico-sdk/lib/tinyusb/src/class/cdc/cdc_device.c.obj
                0x1000619c                tud_cdc_n_connected
 .text.tud_cdc_n_available
                0x100061cc       0x18 CMakeFiles/test.dir/Users/michaelshipman/Developer/command_module/Code/BITS/BITSv5/pico-sdk/lib/tinyusb/src/class/cdc/cdc_device.c.obj
                0x100061cc                tud_cdc_n_available
 .text.tud_cdc_n_read
                0x100061e4       0x70 CMakeFiles/test.dir/Users/michaelshipman/Developer/command_module/Code/BITS/BITSv5/pico-sdk/lib/tinyusb/src/class/cdc/cdc_device.c.obj
                0x100061e4                tud_cdc_n_read
 .text.tud_cdc_n_write_flush
                0x10006254       0x78 CMakeFiles/test.dir/Users/michaelshipman/Developer/command_module/Code/BITS/BITSv5/pico-sdk/lib/tinyusb/src/class/cdc/cdc_device.c.obj
                0x10006254                tud_cdc_n_write_flush
 .text.tud_cdc_n_write
                0x100062cc       0x34 CMakeFiles/test.dir/Users/michaelshipman/Developer/command_module/Code/BITS/BITSv5/pico-sdk/lib/tinyusb/src/class/cdc/cdc_device.c.obj
                0x100062cc                tud_cdc_n_write
 .text.tud_cdc_n_write_available
                0x10006300       0x18 CMakeFiles/test.dir/Users/michaelshipman/Developer/command_module/Code/BITS/BITSv5/pico-sdk/lib/tinyusb/src/class/cdc/cdc_device.c.obj
                0x10006300                tud_cdc_n_write_available
 .text.cdcd_init
                0x10006318       0x7c CMakeFiles/test.dir/Users/michaelshipman/Developer/command_module/Code/BITS/BITSv5/pico-sdk/lib/tinyusb/src/class/cdc/cdc_device.c.obj
                0x10006318                cdcd_init
 .text.cdcd_reset
                0x10006394       0x2c CMakeFiles/test.dir/Users/michaelshipman/Developer/command_module/Code/BITS/BITSv5/pico-sdk/lib/tinyusb/src/class/cdc/cdc_device.c.obj
                0x10006394                cdcd_reset
 .text.cdcd_open
                0x100063c0       0xe4 CMakeFiles/test.dir/Users/michaelshipman/Developer/command_module/Code/BITS/BITSv5/pico-sdk/lib/tinyusb/src/class/cdc/cdc_device.c.obj
                0x100063c0                cdcd_open
 .text.cdcd_control_xfer_cb
                0x100064a4       0xe4 CMakeFiles/test.dir/Users/michaelshipman/Developer/command_module/Code/BITS/BITSv5/pico-sdk/lib/tinyusb/src/class/cdc/cdc_device.c.obj
                0x100064a4                cdcd_control_xfer_cb
 .text.cdcd_xfer_cb
                0x10006588      0x13c CMakeFiles/test.dir/Users/michaelshipman/Developer/command_module/Code/BITS/BITSv5/pico-sdk/lib/tinyusb/src/class/cdc/cdc_device.c.obj
                0x10006588                cdcd_xfer_cb
 .text.tusb_init
                0x100066c4        0xc CMakeFiles/test.dir/Users/michaelshipman/Developer/command_module/Code/BITS/BITSv5/pico-sdk/lib/tinyusb/src/tusb.c.obj
                0x100066c4                tusb_init
 .text.tusb_inited
                0x100066d0        0x8 CMakeFiles/test.dir/Users/michaelshipman/Developer/command_module/Code/BITS/BITSv5/pico-sdk/lib/tinyusb/src/tusb.c.obj
                0x100066d0                tusb_inited
 .text.tu_edpt_claim
                0x100066d8       0x50 CMakeFiles/test.dir/Users/michaelshipman/Developer/command_module/Code/BITS/BITSv5/pico-sdk/lib/tinyusb/src/tusb.c.obj
                0x100066d8                tu_edpt_claim
 .text.tu_edpt_release
                0x10006728       0x38 CMakeFiles/test.dir/Users/michaelshipman/Developer/command_module/Code/BITS/BITSv5/pico-sdk/lib/tinyusb/src/tusb.c.obj
                0x10006728                tu_edpt_release
 .text.tu_edpt_validate
                0x10006760       0x7c CMakeFiles/test.dir/Users/michaelshipman/Developer/command_module/Code/BITS/BITSv5/pico-sdk/lib/tinyusb/src/tusb.c.obj
                0x10006760                tu_edpt_validate
 .text.tu_edpt_bind_driver
                0x100067dc       0x34 CMakeFiles/test.dir/Users/michaelshipman/Developer/command_module/Code/BITS/BITSv5/pico-sdk/lib/tinyusb/src/tusb.c.obj
                0x100067dc                tu_edpt_bind_driver
 .text.tu_fifo_config
                0x10006810       0x6c CMakeFiles/test.dir/Users/michaelshipman/Developer/command_module/Code/BITS/BITSv5/pico-sdk/lib/tinyusb/src/common/tusb_fifo.c.obj
                0x10006810                tu_fifo_config
 .text.tu_fifo_count
                0x1000687c       0x2c CMakeFiles/test.dir/Users/michaelshipman/Developer/command_module/Code/BITS/BITSv5/pico-sdk/lib/tinyusb/src/common/tusb_fifo.c.obj
                0x1000687c                tu_fifo_count
 .text.tu_fifo_empty
                0x100068a8       0x10 CMakeFiles/test.dir/Users/michaelshipman/Developer/command_module/Code/BITS/BITSv5/pico-sdk/lib/tinyusb/src/common/tusb_fifo.c.obj
                0x100068a8                tu_fifo_empty
 .text.tu_fifo_remaining
                0x100068b8       0x2c CMakeFiles/test.dir/Users/michaelshipman/Developer/command_module/Code/BITS/BITSv5/pico-sdk/lib/tinyusb/src/common/tusb_fifo.c.obj
                0x100068b8                tu_fifo_remaining
 .text.tu_fifo_read
                0x100068e4       0x9c CMakeFiles/test.dir/Users/michaelshipman/Developer/command_module/Code/BITS/BITSv5/pico-sdk/lib/tinyusb/src/common/tusb_fifo.c.obj
                0x100068e4                tu_fifo_read
 .text.tu_fifo_read_n
                0x10006980       0xe8 CMakeFiles/test.dir/Users/michaelshipman/Developer/command_module/Code/BITS/BITSv5/pico-sdk/lib/tinyusb/src/common/tusb_fifo.c.obj
                0x10006980                tu_fifo_read_n
 .text.tu_fifo_write
                0x10006a68       0xa8 CMakeFiles/test.dir/Users/michaelshipman/Developer/command_module/Code/BITS/BITSv5/pico-sdk/lib/tinyusb/src/common/tusb_fifo.c.obj
                0x10006a68                tu_fifo_write
 .text.tu_fifo_write_n
                0x10006b10      0x178 CMakeFiles/test.dir/Users/michaelshipman/Developer/command_module/Code/BITS/BITSv5/pico-sdk/lib/tinyusb/src/common/tusb_fifo.c.obj
                0x10006b10                tu_fifo_write_n
 .text.tu_fifo_clear
                0x10006c88       0x40 CMakeFiles/test.dir/Users/michaelshipman/Developer/command_module/Code/BITS/BITSv5/pico-sdk/lib/tinyusb/src/common/tusb_fifo.c.obj
                0x10006c88                tu_fifo_clear
 .text.tu_fifo_set_overwritable
                0x10006cc8       0x48 CMakeFiles/test.dir/Users/michaelshipman/Developer/command_module/Code/BITS/BITSv5/pico-sdk/lib/tinyusb/src/common/tusb_fifo.c.obj
                0x10006cc8                tu_fifo_set_overwritable
 .text.i2c_set_baudrate
                0x10006d10       0xc4 CMakeFiles/test.dir/Users/michaelshipman/Developer/command_module/Code/BITS/BITSv5/pico-sdk/src/rp2_common/hardware_i2c/i2c.c.obj
                0x10006d10                i2c_set_baudrate
 .text.i2c_init
                0x10006dd4       0x50 CMakeFiles/test.dir/Users/michaelshipman/Developer/command_module/Code/BITS/BITSv5/pico-sdk/src/rp2_common/hardware_i2c/i2c.c.obj
                0x10006dd4                i2c_init
 .text.i2c_read_blocking
                0x10006e24       0x90 CMakeFiles/test.dir/Users/michaelshipman/Developer/command_module/Code/BITS/BITSv5/pico-sdk/src/rp2_common/hardware_i2c/i2c.c.obj
                0x10006e24                i2c_read_blocking
 .text.strlen   0x10006eb4       0x5c /Applications/ArmGNUToolchain/13.2.Rel1/arm-none-eabi/bin/../lib/gcc/arm-none-eabi/13.2.1/../../../../arm-none-eabi/lib/thumb/v6-m/nofp/libc.a(libc_a-strlen-stub.o)
                0x10006eb4                strlen
 *(.fini)
 .fini          0x10006f10        0x4 /Applications/ArmGNUToolchain/13.2.Rel1/arm-none-eabi/bin/../lib/gcc/arm-none-eabi/13.2.1/thumb/v6-m/nofp/crti.o
                0x10006f10                _fini
 *fill*         0x10006f14        0x4 
 .fini.__stub   0x10006f18       0xc0 linker stubs
 *crtbegin.o(.ctors)
 *crtbegin?.o(.ctors)
 *(EXCLUDE_FILE(*crtend.o *crtend?.o) .ctors)
 *(SORT_BY_NAME(.ctors.*))
 *(.ctors)
 *crtbegin.o(.dtors)
 *crtbegin?.o(.dtors)
 *(EXCLUDE_FILE(*crtend.o *crtend?.o) .dtors)
 *(SORT_BY_NAME(.dtors.*))
 *(.dtors)
 *(.eh_frame*)
 .eh_frame      0x10006fd8        0x0 /Applications/ArmGNUToolchain/13.2.Rel1/arm-none-eabi/bin/../lib/gcc/arm-none-eabi/13.2.1/thumb/v6-m/nofp/crtbegin.o
                0x10006fd8                        . = ALIGN (0x4)

.glue_7         0x10006fd8        0x0
 .glue_7        0x10006fd8        0x0 linker stubs

.glue_7t        0x10006fd8        0x0
 .glue_7t       0x10006fd8        0x0 linker stubs

.vfp11_veneer   0x10006fd8        0x0
 .vfp11_veneer  0x10006fd8        0x0 linker stubs

.v4_bx          0x10006fd8        0x0
 .v4_bx         0x10006fd8        0x0 linker stubs

.iplt           0x10006fd8        0x0
 .iplt          0x10006fd8        0x0 /Applications/ArmGNUToolchain/13.2.Rel1/arm-none-eabi/bin/../lib/gcc/arm-none-eabi/13.2.1/thumb/v6-m/nofp/crtbegin.o

.rodata         0x10006fd8      0x57c
 *(EXCLUDE_FILE(*libm.a: *libc.a:*lib_a-mem*.o *libgcc.a:) .rodata*)
 .rodata.main.str1.4
                0x10006fd8      0x20c CMakeFiles/test.dir/test.cpp.obj
                                 0x6c (size before relaxing)
 .rodata.spin_lock_claim_unused.str1.4
                0x100071e4       0x1b CMakeFiles/test.dir/Users/michaelshipman/Developer/command_module/Code/BITS/BITSv5/pico-sdk/src/rp2_common/hardware_sync/sync.c.obj
 .rodata.user_irq_claim_unused.str1.4
                0x100071e4       0x1b CMakeFiles/test.dir/Users/michaelshipman/Developer/command_module/Code/BITS/BITSv5/pico-sdk/src/rp2_common/hardware_irq/irq.c.obj
 .rodata.hardware_alarm_claim.str1.4
                0x100071e4       0x22 CMakeFiles/test.dir/Users/michaelshipman/Developer/command_module/Code/BITS/BITSv5/pico-sdk/src/rp2_common/hardware_timer/timer.c.obj
 .rodata.panic.str1.4
                0x100071e4       0x12 CMakeFiles/test.dir/Users/michaelshipman/Developer/command_module/Code/BITS/BITSv5/pico-sdk/src/rp2_common/pico_runtime/runtime.c.obj
 .rodata.hard_assertion_failure.str1.4
                0x100071e4        0xc CMakeFiles/test.dir/Users/michaelshipman/Developer/command_module/Code/BITS/BITSv5/pico-sdk/src/rp2_common/pico_runtime/runtime.c.obj
 .rodata._ftoa.str1.4
                0x100071e4       0x15 CMakeFiles/test.dir/Users/michaelshipman/Developer/command_module/Code/BITS/BITSv5/pico-sdk/src/rp2_common/pico_printf/printf.c.obj
 .rodata._vsnprintf
                0x100071e4      0x19c CMakeFiles/test.dir/Users/michaelshipman/Developer/command_module/Code/BITS/BITSv5/pico-sdk/src/rp2_common/pico_printf/printf.c.obj
 .rodata.pow10.0
                0x10007380       0x50 CMakeFiles/test.dir/Users/michaelshipman/Developer/command_module/Code/BITS/BITSv5/pico-sdk/src/rp2_common/pico_printf/printf.c.obj
 .rodata.str1.4
                0x100073d0       0x3c CMakeFiles/test.dir/Users/michaelshipman/Developer/command_module/Code/BITS/BITSv5/pico-sdk/src/rp2_common/pico_standard_link/binary_info.c.obj
 .rodata.__bi_81
                0x100073d0        0xc CMakeFiles/test.dir/Users/michaelshipman/Developer/command_module/Code/BITS/BITSv5/pico-sdk/src/rp2_common/pico_standard_link/binary_info.c.obj
 .rodata.__bi_75
                0x100073dc        0xc CMakeFiles/test.dir/Users/michaelshipman/Developer/command_module/Code/BITS/BITSv5/pico-sdk/src/rp2_common/pico_standard_link/binary_info.c.obj
 .rodata.__bi_44
                0x100073e8        0xc CMakeFiles/test.dir/Users/michaelshipman/Developer/command_module/Code/BITS/BITSv5/pico-sdk/src/rp2_common/pico_standard_link/binary_info.c.obj
 .rodata.crlf_str.0
                0x100073f4        0x2 CMakeFiles/test.dir/Users/michaelshipman/Developer/command_module/Code/BITS/BITSv5/pico-sdk/src/rp2_common/pico_stdio/stdio.c.obj
 .rodata.str1.4
                0x100073f6       0x2c CMakeFiles/test.dir/Users/michaelshipman/Developer/command_module/Code/BITS/BITSv5/pico-sdk/src/rp2_common/pico_stdio_uart/stdio_uart.c.obj
 *fill*         0x100073f6        0x2 
 .rodata.__bi_33.4
                0x100073f8        0xc CMakeFiles/test.dir/Users/michaelshipman/Developer/command_module/Code/BITS/BITSv5/pico-sdk/src/rp2_common/pico_stdio_uart/stdio_uart.c.obj
 .rodata.__bi_34.5
                0x10007404        0x8 CMakeFiles/test.dir/Users/michaelshipman/Developer/command_module/Code/BITS/BITSv5/pico-sdk/src/rp2_common/pico_stdio_uart/stdio_uart.c.obj
 .rodata._resetd_driver
                0x1000740c       0x18 CMakeFiles/test.dir/Users/michaelshipman/Developer/command_module/Code/BITS/BITSv5/pico-sdk/src/rp2_common/pico_stdio_usb/reset_interface.c.obj
 .rodata.str1.4
                0x10007424       0x13 CMakeFiles/test.dir/Users/michaelshipman/Developer/command_module/Code/BITS/BITSv5/pico-sdk/src/rp2_common/pico_stdio_usb/stdio_usb.c.obj
 .rodata.__bi_182.0
                0x10007424        0xc CMakeFiles/test.dir/Users/michaelshipman/Developer/command_module/Code/BITS/BITSv5/pico-sdk/src/rp2_common/pico_stdio_usb/stdio_usb.c.obj
 .rodata.str1.4
                0x10007430       0x2a CMakeFiles/test.dir/Users/michaelshipman/Developer/command_module/Code/BITS/BITSv5/pico-sdk/src/rp2_common/pico_stdio_usb/stdio_usb_descriptors.c.obj
 .rodata.usbd_desc_str
                0x10007430       0x18 CMakeFiles/test.dir/Users/michaelshipman/Developer/command_module/Code/BITS/BITSv5/pico-sdk/src/rp2_common/pico_stdio_usb/stdio_usb_descriptors.c.obj
 .rodata.usbd_desc_cfg
                0x10007448       0x54 CMakeFiles/test.dir/Users/michaelshipman/Developer/command_module/Code/BITS/BITSv5/pico-sdk/src/rp2_common/pico_stdio_usb/stdio_usb_descriptors.c.obj
 .rodata.usbd_desc_device
                0x1000749c       0x12 CMakeFiles/test.dir/Users/michaelshipman/Developer/command_module/Code/BITS/BITSv5/pico-sdk/src/rp2_common/pico_stdio_usb/stdio_usb_descriptors.c.obj
 .rodata.str1.4
                0x100074ae       0x14 CMakeFiles/test.dir/Users/michaelshipman/Developer/command_module/Code/BITS/BITSv5/pico-sdk/lib/tinyusb/src/portable/raspberrypi/rp2040/dcd_rp2040.c.obj
 .rodata.str1.4
                0x100074ae       0x53 CMakeFiles/test.dir/Users/michaelshipman/Developer/command_module/Code/BITS/BITSv5/pico-sdk/lib/tinyusb/src/portable/raspberrypi/rp2040/rp2040_usb.c.obj
 *fill*         0x100074ae        0x2 
 .rodata.tud_task_ext
                0x100074b0       0x8c CMakeFiles/test.dir/Users/michaelshipman/Developer/command_module/Code/BITS/BITSv5/pico-sdk/lib/tinyusb/src/device/usbd.c.obj
 .rodata._usbd_driver
                0x1000753c       0x18 CMakeFiles/test.dir/Users/michaelshipman/Developer/command_module/Code/BITS/BITSv5/pico-sdk/lib/tinyusb/src/device/usbd.c.obj
                0x10007554                        . = ALIGN (0x4)
 *(SORT_BY_ALIGNMENT(SORT_BY_NAME(.flashdata*)))
                0x10007554                        . = ALIGN (0x4)

.ARM.extab
 *(.ARM.extab* .gnu.linkonce.armextab.*)
                0x10007554                        __exidx_start = .

.ARM.exidx
 *(.ARM.exidx* .gnu.linkonce.armexidx.*)
                0x10007554                        __exidx_end = .
                0x10007554                        . = ALIGN (0x4)
                0x10007554                        __binary_info_start = .

.binary_info    0x10007554       0x28
 *(.binary_info.keep.*)
 .binary_info.keep.__bi_ptr81
                0x10007554        0x4 CMakeFiles/test.dir/Users/michaelshipman/Developer/command_module/Code/BITS/BITSv5/pico-sdk/src/rp2_common/pico_standard_link/binary_info.c.obj
 .binary_info.keep.__bi_ptr75
                0x10007558        0x4 CMakeFiles/test.dir/Users/michaelshipman/Developer/command_module/Code/BITS/BITSv5/pico-sdk/src/rp2_common/pico_standard_link/binary_info.c.obj
 .binary_info.keep.__bi_ptr50
                0x1000755c        0x4 CMakeFiles/test.dir/Users/michaelshipman/Developer/command_module/Code/BITS/BITSv5/pico-sdk/src/rp2_common/pico_standard_link/binary_info.c.obj
 .binary_info.keep.__bi_ptr44
                0x10007560        0x4 CMakeFiles/test.dir/Users/michaelshipman/Developer/command_module/Code/BITS/BITSv5/pico-sdk/src/rp2_common/pico_standard_link/binary_info.c.obj
 .binary_info.keep.__bi_ptr38
                0x10007564        0x4 CMakeFiles/test.dir/Users/michaelshipman/Developer/command_module/Code/BITS/BITSv5/pico-sdk/src/rp2_common/pico_standard_link/binary_info.c.obj
 .binary_info.keep.__bi_ptr30
                0x10007568        0x4 CMakeFiles/test.dir/Users/michaelshipman/Developer/command_module/Code/BITS/BITSv5/pico-sdk/src/rp2_common/pico_standard_link/binary_info.c.obj
 .binary_info.keep.__bi_ptr22
                0x1000756c        0x4 CMakeFiles/test.dir/Users/michaelshipman/Developer/command_module/Code/BITS/BITSv5/pico-sdk/src/rp2_common/pico_standard_link/binary_info.c.obj
 *(.binary_info.*)
 .binary_info.__bi_ptr34
                0x10007570        0x4 CMakeFiles/test.dir/Users/michaelshipman/Developer/command_module/Code/BITS/BITSv5/pico-sdk/src/rp2_common/pico_stdio_uart/stdio_uart.c.obj
 .binary_info.__bi_ptr33
                0x10007574        0x4 CMakeFiles/test.dir/Users/michaelshipman/Developer/command_module/Code/BITS/BITSv5/pico-sdk/src/rp2_common/pico_stdio_uart/stdio_uart.c.obj
 .binary_info.__bi_ptr182
                0x10007578        0x4 CMakeFiles/test.dir/Users/michaelshipman/Developer/command_module/Code/BITS/BITSv5/pico-sdk/src/rp2_common/pico_stdio_usb/stdio_usb.c.obj
                0x1000757c                        __binary_info_end = .

.rel.dyn        0x1000757c        0x0
 .rel.iplt      0x1000757c        0x0 /Applications/ArmGNUToolchain/13.2.Rel1/arm-none-eabi/bin/../lib/gcc/arm-none-eabi/13.2.1/thumb/v6-m/nofp/crtbegin.o
                0x1000757c                        . = ALIGN (0x4)

.ram_vector_table
                0x20000000       0xc0
 *(.ram_vector_table)
 .ram_vector_table
                0x20000000       0xc0 CMakeFiles/test.dir/Users/michaelshipman/Developer/command_module/Code/BITS/BITSv5/pico-sdk/src/rp2_common/pico_runtime/runtime.c.obj
                0x20000000                ram_vector_table

.data           0x200000c0      0xe40 load address 0x1000757c
                0x200000c0                        __data_start__ = .
 *(vtable)
 *(.time_critical*)
 .time_critical.mutex_try_enter
                0x200000c0       0x40 CMakeFiles/test.dir/Users/michaelshipman/Developer/command_module/Code/BITS/BITSv5/pico-sdk/src/common/pico_sync/mutex.c.obj
                0x200000c0                mutex_try_enter
 .time_critical.mutex_try_enter_block_until
                0x20000100       0x9c CMakeFiles/test.dir/Users/michaelshipman/Developer/command_module/Code/BITS/BITSv5/pico-sdk/src/common/pico_sync/mutex.c.obj
                0x20000100                mutex_try_enter_block_until
 .time_critical.mutex_enter_timeout_ms
                0x2000019c       0x90 CMakeFiles/test.dir/Users/michaelshipman/Developer/command_module/Code/BITS/BITSv5/pico-sdk/src/common/pico_sync/mutex.c.obj
                0x2000019c                mutex_enter_timeout_ms
 .time_critical.mutex_exit
                0x2000022c       0x28 CMakeFiles/test.dir/Users/michaelshipman/Developer/command_module/Code/BITS/BITSv5/pico-sdk/src/common/pico_sync/mutex.c.obj
                0x2000022c                mutex_exit
 .time_critical.flash_init_boot2_copyout
                0x20000254       0x30 CMakeFiles/test.dir/Users/michaelshipman/Developer/command_module/Code/BITS/BITSv5/pico-sdk/src/rp2_common/hardware_flash/flash.c.obj
 .time_critical.flash_enable_xip_via_boot2
                0x20000284        0xc CMakeFiles/test.dir/Users/michaelshipman/Developer/command_module/Code/BITS/BITSv5/pico-sdk/src/rp2_common/hardware_flash/flash.c.obj
 .time_critical.flash_cs_force
                0x20000290       0x38 CMakeFiles/test.dir/Users/michaelshipman/Developer/command_module/Code/BITS/BITSv5/pico-sdk/src/rp2_common/hardware_flash/flash.c.obj
 .time_critical.flash_do_cmd
                0x200002c8       0xc0 CMakeFiles/test.dir/Users/michaelshipman/Developer/command_module/Code/BITS/BITSv5/pico-sdk/src/rp2_common/hardware_flash/flash.c.obj
                0x200002c8                flash_do_cmd
 .time_critical.reset_non_control_endpoints
                0x20000388       0x68 CMakeFiles/test.dir/Users/michaelshipman/Developer/command_module/Code/BITS/BITSv5/pico-sdk/lib/tinyusb/src/portable/raspberrypi/rp2040/dcd_rp2040.c.obj
 .time_critical.hw_handle_buff_status
                0x200003f0       0xb0 CMakeFiles/test.dir/Users/michaelshipman/Developer/command_module/Code/BITS/BITSv5/pico-sdk/lib/tinyusb/src/portable/raspberrypi/rp2040/dcd_rp2040.c.obj
 .time_critical.dcd_rp2040_irq
                0x200004a0      0x510 CMakeFiles/test.dir/Users/michaelshipman/Developer/command_module/Code/BITS/BITSv5/pico-sdk/lib/tinyusb/src/portable/raspberrypi/rp2040/dcd_rp2040.c.obj
 .time_critical.e15_is_bulkin_ep
                0x200009b0       0x28 CMakeFiles/test.dir/Users/michaelshipman/Developer/command_module/Code/BITS/BITSv5/pico-sdk/lib/tinyusb/src/portable/raspberrypi/rp2040/rp2040_usb.c.obj
 .time_critical.e15_is_critical_frame_period
                0x200009d8       0x34 CMakeFiles/test.dir/Users/michaelshipman/Developer/command_module/Code/BITS/BITSv5/pico-sdk/lib/tinyusb/src/portable/raspberrypi/rp2040/rp2040_usb.c.obj
 .time_critical.prepare_ep_buffer
                0x20000a0c       0x6c CMakeFiles/test.dir/Users/michaelshipman/Developer/command_module/Code/BITS/BITSv5/pico-sdk/lib/tinyusb/src/portable/raspberrypi/rp2040/rp2040_usb.c.obj
 .time_critical.sync_ep_buffer
                0x20000a78       0x48 CMakeFiles/test.dir/Users/michaelshipman/Developer/command_module/Code/BITS/BITSv5/pico-sdk/lib/tinyusb/src/portable/raspberrypi/rp2040/rp2040_usb.c.obj
 .time_critical._hw_endpoint_xfer_sync
                0x20000ac0       0x28 CMakeFiles/test.dir/Users/michaelshipman/Developer/command_module/Code/BITS/BITSv5/pico-sdk/lib/tinyusb/src/portable/raspberrypi/rp2040/rp2040_usb.c.obj
 .time_critical.hw_endpoint_reset_transfer
                0x20000ae8        0xc CMakeFiles/test.dir/Users/michaelshipman/Developer/command_module/Code/BITS/BITSv5/pico-sdk/lib/tinyusb/src/portable/raspberrypi/rp2040/rp2040_usb.c.obj
                0x20000ae8                hw_endpoint_reset_transfer
 .time_critical._hw_endpoint_buffer_control_update32
                0x20000af4       0x58 CMakeFiles/test.dir/Users/michaelshipman/Developer/command_module/Code/BITS/BITSv5/pico-sdk/lib/tinyusb/src/portable/raspberrypi/rp2040/rp2040_usb.c.obj
                0x20000af4                _hw_endpoint_buffer_control_update32
 .time_critical.hw_endpoint_start_next_buffer
                0x20000b4c       0x6c CMakeFiles/test.dir/Users/michaelshipman/Developer/command_module/Code/BITS/BITSv5/pico-sdk/lib/tinyusb/src/portable/raspberrypi/rp2040/rp2040_usb.c.obj
                0x20000b4c                hw_endpoint_start_next_buffer
 .time_critical.hw_endpoint_xfer_continue
                0x20000bb8       0x50 CMakeFiles/test.dir/Users/michaelshipman/Developer/command_module/Code/BITS/BITSv5/pico-sdk/lib/tinyusb/src/portable/raspberrypi/rp2040/rp2040_usb.c.obj
                0x20000bb8                hw_endpoint_xfer_continue
 .time_critical.tinyusb
                0x20000c08      0x16c CMakeFiles/test.dir/Users/michaelshipman/Developer/command_module/Code/BITS/BITSv5/pico-sdk/lib/tinyusb/src/device/usbd.c.obj
                0x20000c08                dcd_event_handler
 *(.text*)
 .text          0x20000d74        0x4 /Applications/ArmGNUToolchain/13.2.Rel1/arm-none-eabi/bin/../lib/gcc/arm-none-eabi/13.2.1/thumb/v6-m/nofp/libgcc.a(_dvmd_tls.o)
                0x20000d74                __aeabi_ldiv0
                0x20000d74                __aeabi_idiv0
 .text.__stub   0x20000d78       0x70 linker stubs
                0x20000de8                        . = ALIGN (0x4)
 *(.rodata*)
                0x20000de8                        . = ALIGN (0x4)
 *(.data*)
 .data.i2c      0x20000de8        0x4 CMakeFiles/test.dir/test.cpp.obj
                0x20000de8                i2c
 .data.striped_spin_lock_num
                0x20000dec        0x1 CMakeFiles/test.dir/Users/michaelshipman/Developer/command_module/Code/BITS/BITSv5/pico-sdk/src/rp2_common/hardware_sync/sync.c.obj
 *fill*         0x20000ded        0x3 
 .data          0x20000df0       0x48 CMakeFiles/test.dir/Users/michaelshipman/Developer/command_module/Code/BITS/BITSv5/pico-sdk/src/rp2_common/hardware_irq/irq_handler_chain.S.obj
                0x20000df0                irq_handler_chain_slots
                0x20000e20                irq_handler_chain_first_slot
                0x20000e2a                irq_handler_chain_remove_tail
 .data.default_alarm_pool
                0x20000e38       0x18 CMakeFiles/test.dir/Users/michaelshipman/Developer/command_module/Code/BITS/BITSv5/pico-sdk/src/common/pico_time/time.c.obj
 .data.default_alarm_pool_heap
                0x20000e50       0x10 CMakeFiles/test.dir/Users/michaelshipman/Developer/command_module/Code/BITS/BITSv5/pico-sdk/src/common/pico_time/time.c.obj
 .data.aeabi_bits_funcs
                0x20000e60       0x10 CMakeFiles/test.dir/Users/michaelshipman/Developer/command_module/Code/BITS/BITSv5/pico-sdk/src/rp2_common/pico_bit_ops/bit_ops_aeabi.S.obj
                0x20000e60                aeabi_bits_funcs
                0x20000e70                aeabi_bits_funcs_end
 .data.aeabi_mem_funcs
                0x20000e70       0x10 CMakeFiles/test.dir/Users/michaelshipman/Developer/command_module/Code/BITS/BITSv5/pico-sdk/src/rp2_common/pico_mem_ops/mem_ops_aeabi.S.obj
                0x20000e70                aeabi_mem_funcs
                0x20000e80                aeabi_mem_funcs_end
 .data.stdio_uart
                0x20000e80       0x18 CMakeFiles/test.dir/Users/michaelshipman/Developer/command_module/Code/BITS/BITSv5/pico-sdk/src/rp2_common/pico_stdio_uart/stdio_uart.c.obj
                0x20000e80                stdio_uart
 .data.stdio_usb
                0x20000e98       0x18 CMakeFiles/test.dir/Users/michaelshipman/Developer/command_module/Code/BITS/BITSv5/pico-sdk/src/rp2_common/pico_stdio_usb/stdio_usb.c.obj
                0x20000e98                stdio_usb
 .data.ep_dir_string
                0x20000eb0        0x8 CMakeFiles/test.dir/Users/michaelshipman/Developer/command_module/Code/BITS/BITSv5/pico-sdk/lib/tinyusb/src/portable/raspberrypi/rp2040/rp2040_usb.c.obj
                0x20000eb0                ep_dir_string
 .data._usbd_qdef
                0x20000eb8       0x1c CMakeFiles/test.dir/Users/michaelshipman/Developer/command_module/Code/BITS/BITSv5/pico-sdk/lib/tinyusb/src/device/usbd.c.obj
                0x20000eb8                _usbd_qdef
 .data._usbd_rhport
                0x20000ed4        0x1 CMakeFiles/test.dir/Users/michaelshipman/Developer/command_module/Code/BITS/BITSv5/pico-sdk/lib/tinyusb/src/device/usbd.c.obj
 *fill*         0x20000ed5        0x3 
 .data.i2c0_inst
                0x20000ed8        0x8 CMakeFiles/test.dir/Users/michaelshipman/Developer/command_module/Code/BITS/BITSv5/pico-sdk/src/rp2_common/hardware_i2c/i2c.c.obj
                0x20000ed8                i2c0_inst
                0x20000ee0                        . = ALIGN (0x4)
 *(.after_data.*)
                0x20000ee0                        . = ALIGN (0x4)
                0x20000ee0                        PROVIDE (__mutex_array_start = .)
 *(SORT_BY_NAME(.mutex_array.*))
 *(.mutex_array)
 .mutex_array   0x20000ee0        0x8 CMakeFiles/test.dir/Users/michaelshipman/Developer/command_module/Code/BITS/BITSv5/pico-sdk/src/rp2_common/pico_stdio/stdio.c.obj
                0x20000ee8                        PROVIDE (__mutex_array_end = .)
                0x20000ee8                        . = ALIGN (0x4)
                0x20000ee8                        PROVIDE (__preinit_array_start = .)
 *(SORT_BY_NAME(.preinit_array.*))
 .preinit_array.00001
                0x20000ee8        0x4 CMakeFiles/test.dir/Users/michaelshipman/Developer/command_module/Code/BITS/BITSv5/pico-sdk/src/rp2_common/pico_mem_ops/mem_ops_aeabi.S.obj
 .preinit_array.00010
                0x20000eec        0x4 CMakeFiles/test.dir/Users/michaelshipman/Developer/command_module/Code/BITS/BITSv5/pico-sdk/src/rp2_common/pico_bit_ops/bit_ops_aeabi.S.obj
 .preinit_array.00020
                0x20000ef0        0x4 CMakeFiles/test.dir/Users/michaelshipman/Developer/command_module/Code/BITS/BITSv5/pico-sdk/src/rp2_common/pico_double/double_aeabi.S.obj
 .preinit_array.00020
                0x20000ef4        0x4 CMakeFiles/test.dir/Users/michaelshipman/Developer/command_module/Code/BITS/BITSv5/pico-sdk/src/rp2_common/pico_float/float_aeabi.S.obj
 *(.preinit_array)
                0x20000ef8                        PROVIDE (__preinit_array_end = .)
                0x20000ef8                        . = ALIGN (0x4)
                0x20000ef8                        PROVIDE (__init_array_start = .)
 *(SORT_BY_NAME(.init_array.*))
 *(.init_array)
 .init_array    0x20000ef8        0x4 /Applications/ArmGNUToolchain/13.2.Rel1/arm-none-eabi/bin/../lib/gcc/arm-none-eabi/13.2.1/thumb/v6-m/nofp/crtbegin.o
 .init_array    0x20000efc        0x4 CMakeFiles/test.dir/Users/michaelshipman/Developer/command_module/Code/BITS/BITSv5/pico-sdk/src/rp2_common/pico_unique_id/unique_id.c.obj
                0x20000f00                        PROVIDE (__init_array_end = .)
                0x20000f00                        . = ALIGN (0x4)
                [!provide]                        PROVIDE (__fini_array_start = .)
 *(SORT_BY_NAME(.fini_array.*))
 *(.fini_array)
                [!provide]                        PROVIDE (__fini_array_end = .)
 *(.jcr)
                0x20000f00                        . = ALIGN (0x4)
                0x20000f00                        __data_end__ = .
                0x1000757c                        __etext = LOADADDR (.data)

.tm_clone_table
                0x20000f00        0x0 load address 0x100083bc
 .tm_clone_table
                0x20000f00        0x0 /Applications/ArmGNUToolchain/13.2.Rel1/arm-none-eabi/bin/../lib/gcc/arm-none-eabi/13.2.1/thumb/v6-m/nofp/crtbegin.o
 .tm_clone_table
                0x20000f00        0x0 /Applications/ArmGNUToolchain/13.2.Rel1/arm-none-eabi/bin/../lib/gcc/arm-none-eabi/13.2.1/thumb/v6-m/nofp/crtend.o

.igot.plt       0x20000f00        0x0 load address 0x100083bc
 .igot.plt      0x20000f00        0x0 /Applications/ArmGNUToolchain/13.2.Rel1/arm-none-eabi/bin/../lib/gcc/arm-none-eabi/13.2.1/thumb/v6-m/nofp/crtbegin.o

.uninitialized_data
                0x20000f00        0x0 load address 0x100083bc
                0x20000f00                        . = ALIGN (0x4)
 *(.uninitialized_data*)

.scratch_x      0x20040000        0x0 load address 0x100083bc
                0x20040000                        __scratch_x_start__ = .
 *(.scratch_x.*)
                0x20040000                        . = ALIGN (0x4)
                0x20040000                        __scratch_x_end__ = .
                0x100083bc                        __scratch_x_source__ = LOADADDR (.scratch_x)

.scratch_y      0x20041000        0x0 load address 0x100083bc
                0x20041000                        __scratch_y_start__ = .
 *(.scratch_y.*)
                0x20041000                        . = ALIGN (0x4)
                0x20041000                        __scratch_y_end__ = .
                0x100083bc                        __scratch_y_source__ = LOADADDR (.scratch_y)

.bss            0x20000f00      0xd94
                0x20000f00                        . = ALIGN (0x4)
                0x20000f00                        __bss_start__ = .
 *(SORT_BY_ALIGNMENT(SORT_BY_NAME(.bss*)))
 .bss.configured_freq
                0x20000f00       0x28 CMakeFiles/test.dir/Users/michaelshipman/Developer/command_module/Code/BITS/BITSv5/pico-sdk/src/rp2_common/hardware_clocks/clocks.c.obj
 .bss.default_alarm_pool_entries
                0x20000f28      0x100 CMakeFiles/test.dir/Users/michaelshipman/Developer/command_module/Code/BITS/BITSv5/pico-sdk/src/common/pico_time/time.c.obj
 .bss.last_avail_time.1
                0x20001028        0x8 CMakeFiles/test.dir/Users/michaelshipman/Developer/command_module/Code/BITS/BITSv5/pico-sdk/src/rp2_common/pico_stdio_usb/stdio_usb.c.obj
 .bss.sd_table  0x20001030      0x100 CMakeFiles/test.dir/Users/michaelshipman/Developer/command_module/Code/BITS/BITSv5/pico-sdk/src/rp2_common/pico_double/double_init_rom.c.obj
                0x20001030                sd_table
 .bss.sf_table  0x20001130      0x100 CMakeFiles/test.dir/Users/michaelshipman/Developer/command_module/Code/BITS/BITSv5/pico-sdk/src/rp2_common/pico_float/float_init_rom.c.obj
                0x20001130                sf_table
 .bss._app_driver
                0x20001230        0x4 CMakeFiles/test.dir/Users/michaelshipman/Developer/command_module/Code/BITS/BITSv5/pico-sdk/lib/tinyusb/src/device/usbd.c.obj
 .bss._cdcd_itf
                0x20001234      0x2c8 CMakeFiles/test.dir/Users/michaelshipman/Developer/command_module/Code/BITS/BITSv5/pico-sdk/lib/tinyusb/src/class/cdc/cdc_device.c.obj
 .bss._ctrl_xfer
                0x200014fc       0x14 CMakeFiles/test.dir/Users/michaelshipman/Developer/command_module/Code/BITS/BITSv5/pico-sdk/lib/tinyusb/src/device/usbd_control.c.obj
 .bss._ubsd_mutexdef
                0x20001510        0x8 CMakeFiles/test.dir/Users/michaelshipman/Developer/command_module/Code/BITS/BITSv5/pico-sdk/lib/tinyusb/src/device/usbd.c.obj
 .bss._usbd_ctrl_buf
                0x20001518       0x40 CMakeFiles/test.dir/Users/michaelshipman/Developer/command_module/Code/BITS/BITSv5/pico-sdk/lib/tinyusb/src/device/usbd_control.c.obj
 .bss._usbd_dev
                0x20001558       0x53 CMakeFiles/test.dir/Users/michaelshipman/Developer/command_module/Code/BITS/BITSv5/pico-sdk/lib/tinyusb/src/device/usbd.c.obj
 *fill*         0x200015ab        0x1 
 .bss._usbd_mutex
                0x200015ac        0x4 CMakeFiles/test.dir/Users/michaelshipman/Developer/command_module/Code/BITS/BITSv5/pico-sdk/lib/tinyusb/src/device/usbd.c.obj
 .bss._usbd_q   0x200015b0        0x4 CMakeFiles/test.dir/Users/michaelshipman/Developer/command_module/Code/BITS/BITSv5/pico-sdk/lib/tinyusb/src/device/usbd.c.obj
 .bss._usbd_qdef_buf
                0x200015b4       0xc0 CMakeFiles/test.dir/Users/michaelshipman/Developer/command_module/Code/BITS/BITSv5/pico-sdk/lib/tinyusb/src/device/usbd.c.obj
                0x200015b4                _usbd_qdef_buf
 .bss.alarm_callbacks
                0x20001674       0x10 CMakeFiles/test.dir/Users/michaelshipman/Developer/command_module/Code/BITS/BITSv5/pico-sdk/src/rp2_common/hardware_timer/timer.c.obj
 .bss.boot2_copyout
                0x20001684      0x100 CMakeFiles/test.dir/Users/michaelshipman/Developer/command_module/Code/BITS/BITSv5/pico-sdk/src/rp2_common/hardware_flash/flash.c.obj
 .bss.chars_available_callback
                0x20001784        0x4 CMakeFiles/test.dir/Users/michaelshipman/Developer/command_module/Code/BITS/BITSv5/pico-sdk/src/rp2_common/pico_stdio_uart/stdio_uart.c.obj
 .bss.chars_available_callback
                0x20001788        0x4 CMakeFiles/test.dir/Users/michaelshipman/Developer/command_module/Code/BITS/BITSv5/pico-sdk/src/rp2_common/pico_stdio_usb/stdio_usb.c.obj
 .bss.chars_available_param
                0x2000178c        0x4 CMakeFiles/test.dir/Users/michaelshipman/Developer/command_module/Code/BITS/BITSv5/pico-sdk/src/rp2_common/pico_stdio_uart/stdio_uart.c.obj
 .bss.chars_available_param
                0x20001790        0x4 CMakeFiles/test.dir/Users/michaelshipman/Developer/command_module/Code/BITS/BITSv5/pico-sdk/src/rp2_common/pico_stdio_usb/stdio_usb.c.obj
 .bss.claimed   0x20001794        0x4 CMakeFiles/test.dir/Users/michaelshipman/Developer/command_module/Code/BITS/BITSv5/pico-sdk/src/rp2_common/hardware_sync/sync.c.obj
 .bss.default_alarm_pool_entry_ids_high
                0x20001798       0x10 CMakeFiles/test.dir/Users/michaelshipman/Developer/command_module/Code/BITS/BITSv5/pico-sdk/src/common/pico_time/time.c.obj
 .bss.default_alarm_pool_heap_nodes
                0x200017a8       0x30 CMakeFiles/test.dir/Users/michaelshipman/Developer/command_module/Code/BITS/BITSv5/pico-sdk/src/common/pico_time/time.c.obj
 .bss.desc_str.0
                0x200017d8       0x28 CMakeFiles/test.dir/Users/michaelshipman/Developer/command_module/Code/BITS/BITSv5/pico-sdk/src/rp2_common/pico_stdio_usb/stdio_usb_descriptors.c.obj
 .bss.drivers   0x20001800        0x4 CMakeFiles/test.dir/Users/michaelshipman/Developer/command_module/Code/BITS/BITSv5/pico-sdk/src/rp2_common/pico_stdio/stdio.c.obj
 .bss.e15_last_sof
                0x20001804        0x4 CMakeFiles/test.dir/Users/michaelshipman/Developer/command_module/Code/BITS/BITSv5/pico-sdk/lib/tinyusb/src/portable/raspberrypi/rp2040/rp2040_usb.c.obj
                0x20001804                e15_last_sof
 .bss.filter    0x20001808        0x4 CMakeFiles/test.dir/Users/michaelshipman/Developer/command_module/Code/BITS/BITSv5/pico-sdk/src/rp2_common/pico_stdio/stdio.c.obj
 .bss.hw_endpoints
                0x2000180c      0x400 CMakeFiles/test.dir/Users/michaelshipman/Developer/command_module/Code/BITS/BITSv5/pico-sdk/lib/tinyusb/src/portable/raspberrypi/rp2040/dcd_rp2040.c.obj
 .bss.lazy_vsnprintf
                0x20001c0c        0x4 CMakeFiles/test.dir/Users/michaelshipman/Developer/command_module/Code/BITS/BITSv5/pico-sdk/src/rp2_common/pico_printf/printf.c.obj
 .bss.load_value
                0x20001c10        0x4 CMakeFiles/test.dir/Users/michaelshipman/Developer/command_module/Code/BITS/BITSv5/pico-sdk/src/rp2_common/hardware_watchdog/watchdog.c.obj
 .bss.next_buffer_ptr
                0x20001c14        0x4 CMakeFiles/test.dir/Users/michaelshipman/Developer/command_module/Code/BITS/BITSv5/pico-sdk/lib/tinyusb/src/portable/raspberrypi/rp2040/dcd_rp2040.c.obj
 .bss.object.0  0x20001c18       0x18 /Applications/ArmGNUToolchain/13.2.Rel1/arm-none-eabi/bin/../lib/gcc/arm-none-eabi/13.2.1/thumb/v6-m/nofp/crtbegin.o
 .bss.one_shot_timer_crit_sec
                0x20001c30        0x8 CMakeFiles/test.dir/Users/michaelshipman/Developer/command_module/Code/BITS/BITSv5/pico-sdk/src/rp2_common/pico_stdio_usb/stdio_usb.c.obj
 .bss.pools     0x20001c38       0x10 CMakeFiles/test.dir/Users/michaelshipman/Developer/command_module/Code/BITS/BITSv5/pico-sdk/src/common/pico_time/time.c.obj
 .bss.retrieved_id
                0x20001c48        0x8 CMakeFiles/test.dir/Users/michaelshipman/Developer/command_module/Code/BITS/BITSv5/pico-sdk/src/rp2_common/pico_unique_id/unique_id.c.obj
 .bss.sf_clz_func
                0x20001c50        0x4 CMakeFiles/test.dir/Users/michaelshipman/Developer/command_module/Code/BITS/BITSv5/pico-sdk/src/rp2_common/pico_double/double_init_rom.c.obj
                0x20001c50                sf_clz_func
 .bss.sleep_notifier
                0x20001c54        0x4 CMakeFiles/test.dir/Users/michaelshipman/Developer/command_module/Code/BITS/BITSv5/pico-sdk/src/common/pico_time/time.c.obj
 .bss.stdio_usb_mutex
                0x20001c58        0x8 CMakeFiles/test.dir/Users/michaelshipman/Developer/command_module/Code/BITS/BITSv5/pico-sdk/src/rp2_common/pico_stdio_usb/stdio_usb.c.obj
 .bss.target_hi
                0x20001c60       0x10 CMakeFiles/test.dir/Users/michaelshipman/Developer/command_module/Code/BITS/BITSv5/pico-sdk/src/rp2_common/hardware_timer/timer.c.obj
 .bss.uart_char_to_line_feed
                0x20001c70        0x4 CMakeFiles/test.dir/Users/michaelshipman/Developer/command_module/Code/BITS/BITSv5/pico-sdk/src/rp2_common/hardware_uart/uart.c.obj
                0x20001c70                uart_char_to_line_feed
 .bss.uart_instance
                0x20001c74        0x4 CMakeFiles/test.dir/Users/michaelshipman/Developer/command_module/Code/BITS/BITSv5/pico-sdk/src/rp2_common/pico_stdio_uart/stdio_uart.c.obj
 .bss.usbd_serial_str
                0x20001c78       0x11 CMakeFiles/test.dir/Users/michaelshipman/Developer/command_module/Code/BITS/BITSv5/pico-sdk/src/rp2_common/pico_stdio_usb/stdio_usb_descriptors.c.obj
 .bss._app_driver_count
                0x20001c89        0x1 CMakeFiles/test.dir/Users/michaelshipman/Developer/command_module/Code/BITS/BITSv5/pico-sdk/lib/tinyusb/src/device/usbd.c.obj
 .bss._sof_enable
                0x20001c8a        0x1 CMakeFiles/test.dir/Users/michaelshipman/Developer/command_module/Code/BITS/BITSv5/pico-sdk/lib/tinyusb/src/portable/raspberrypi/rp2040/dcd_rp2040.c.obj
 .bss.boot2_copyout_valid
                0x20001c8b        0x1 CMakeFiles/test.dir/Users/michaelshipman/Developer/command_module/Code/BITS/BITSv5/pico-sdk/src/rp2_common/hardware_flash/flash.c.obj
 .bss.claimed   0x20001c8c        0x1 CMakeFiles/test.dir/Users/michaelshipman/Developer/command_module/Code/BITS/BITSv5/pico-sdk/src/rp2_common/hardware_timer/timer.c.obj
 .bss.irq_hander_chain_free_slot_head
                0x20001c8d        0x1 CMakeFiles/test.dir/Users/michaelshipman/Developer/command_module/Code/BITS/BITSv5/pico-sdk/src/rp2_common/hardware_irq/irq.c.obj
 .bss.itf_num   0x20001c8e        0x1 CMakeFiles/test.dir/Users/michaelshipman/Developer/command_module/Code/BITS/BITSv5/pico-sdk/src/rp2_common/pico_stdio_usb/reset_interface.c.obj
 .bss.low_priority_irq_num
                0x20001c8f        0x1 CMakeFiles/test.dir/Users/michaelshipman/Developer/command_module/Code/BITS/BITSv5/pico-sdk/src/rp2_common/pico_stdio_usb/stdio_usb.c.obj
 .bss.one_shot_timer_pending
                0x20001c90        0x1 CMakeFiles/test.dir/Users/michaelshipman/Developer/command_module/Code/BITS/BITSv5/pico-sdk/src/rp2_common/pico_stdio_usb/stdio_usb.c.obj
 .bss.timer_callbacks_pending
                0x20001c91        0x1 CMakeFiles/test.dir/Users/michaelshipman/Developer/command_module/Code/BITS/BITSv5/pico-sdk/src/rp2_common/hardware_timer/timer.c.obj
 .bss.user_irq_claimed
                0x20001c92        0x1 CMakeFiles/test.dir/Users/michaelshipman/Developer/command_module/Code/BITS/BITSv5/pico-sdk/src/rp2_common/hardware_irq/irq.c.obj
 *(COMMON)
                0x20001c94                        . = ALIGN (0x4)
 *fill*         0x20001c93        0x1 
                0x20001c94                        __bss_end__ = .

.heap           0x20001c94      0x800
                0x20001c94                        __end__ = .
                0x20001c94                        end = __end__
 *(.heap*)
 .heap          0x20001c94      0x800 CMakeFiles/test.dir/Users/michaelshipman/Developer/command_module/Code/BITS/BITSv5/pico-sdk/src/rp2_common/pico_standard_link/crt0.S.obj
                0x20002494                        __HeapLimit = .

.stack1_dummy
 *(.stack1*)

.stack_dummy    0x20041000      0x800
 *(.stack*)
 .stack         0x20041000      0x800 CMakeFiles/test.dir/Users/michaelshipman/Developer/command_module/Code/BITS/BITSv5/pico-sdk/src/rp2_common/pico_standard_link/crt0.S.obj

.flash_end      0x100083bc        0x0
                0x100083bc                        PROVIDE (__flash_binary_end = .)
                0x20040000                        __StackLimit = (ORIGIN (RAM) + LENGTH (RAM))
                0x20041000                        __StackOneTop = (ORIGIN (SCRATCH_X) + LENGTH (SCRATCH_X))
                0x20042000                        __StackTop = (ORIGIN (SCRATCH_Y) + LENGTH (SCRATCH_Y))
                0x20041000                        __StackOneBottom = (__StackOneTop - SIZEOF (.stack1_dummy))
                0x20041800                        __StackBottom = (__StackTop - SIZEOF (.stack_dummy))
                0x20042000                        PROVIDE (__stack = __StackTop)
                0x00000001                        ASSERT ((__StackLimit >= __HeapLimit), region RAM overflowed)
                0x00000001                        ASSERT (((__binary_info_header_end - __logical_binary_start) <= 0x100), Binary info must be in first 256 bytes of the binary)
LOAD CMakeFiles/test.dir/test.cpp.obj
LOAD CMakeFiles/test.dir/Users/michaelshipman/Developer/command_module/Code/BITS/BITSv5/pico-sdk/src/rp2_common/pico_stdlib/stdlib.c.obj
LOAD CMakeFiles/test.dir/Users/michaelshipman/Developer/command_module/Code/BITS/BITSv5/pico-sdk/src/rp2_common/hardware_gpio/gpio.c.obj
LOAD CMakeFiles/test.dir/Users/michaelshipman/Developer/command_module/Code/BITS/BITSv5/pico-sdk/src/rp2_common/pico_platform/platform.c.obj
LOAD CMakeFiles/test.dir/Users/michaelshipman/Developer/command_module/Code/BITS/BITSv5/pico-sdk/src/rp2_common/hardware_claim/claim.c.obj
LOAD CMakeFiles/test.dir/Users/michaelshipman/Developer/command_module/Code/BITS/BITSv5/pico-sdk/src/rp2_common/hardware_sync/sync.c.obj
LOAD CMakeFiles/test.dir/Users/michaelshipman/Developer/command_module/Code/BITS/BITSv5/pico-sdk/src/rp2_common/hardware_irq/irq.c.obj
LOAD CMakeFiles/test.dir/Users/michaelshipman/Developer/command_module/Code/BITS/BITSv5/pico-sdk/src/rp2_common/hardware_irq/irq_handler_chain.S.obj
LOAD CMakeFiles/test.dir/Users/michaelshipman/Developer/command_module/Code/BITS/BITSv5/pico-sdk/src/common/pico_sync/sem.c.obj
LOAD CMakeFiles/test.dir/Users/michaelshipman/Developer/command_module/Code/BITS/BITSv5/pico-sdk/src/common/pico_sync/lock_core.c.obj
LOAD CMakeFiles/test.dir/Users/michaelshipman/Developer/command_module/Code/BITS/BITSv5/pico-sdk/src/common/pico_sync/mutex.c.obj
LOAD CMakeFiles/test.dir/Users/michaelshipman/Developer/command_module/Code/BITS/BITSv5/pico-sdk/src/common/pico_sync/critical_section.c.obj
LOAD CMakeFiles/test.dir/Users/michaelshipman/Developer/command_module/Code/BITS/BITSv5/pico-sdk/src/common/pico_time/time.c.obj
LOAD CMakeFiles/test.dir/Users/michaelshipman/Developer/command_module/Code/BITS/BITSv5/pico-sdk/src/common/pico_time/timeout_helper.c.obj
LOAD CMakeFiles/test.dir/Users/michaelshipman/Developer/command_module/Code/BITS/BITSv5/pico-sdk/src/rp2_common/hardware_timer/timer.c.obj
LOAD CMakeFiles/test.dir/Users/michaelshipman/Developer/command_module/Code/BITS/BITSv5/pico-sdk/src/common/pico_util/datetime.c.obj
LOAD CMakeFiles/test.dir/Users/michaelshipman/Developer/command_module/Code/BITS/BITSv5/pico-sdk/src/common/pico_util/pheap.c.obj
LOAD CMakeFiles/test.dir/Users/michaelshipman/Developer/command_module/Code/BITS/BITSv5/pico-sdk/src/common/pico_util/queue.c.obj
LOAD CMakeFiles/test.dir/Users/michaelshipman/Developer/command_module/Code/BITS/BITSv5/pico-sdk/src/rp2_common/hardware_uart/uart.c.obj
LOAD CMakeFiles/test.dir/Users/michaelshipman/Developer/command_module/Code/BITS/BITSv5/pico-sdk/src/rp2_common/hardware_clocks/clocks.c.obj
LOAD CMakeFiles/test.dir/Users/michaelshipman/Developer/command_module/Code/BITS/BITSv5/pico-sdk/src/rp2_common/hardware_pll/pll.c.obj
LOAD CMakeFiles/test.dir/Users/michaelshipman/Developer/command_module/Code/BITS/BITSv5/pico-sdk/src/rp2_common/hardware_vreg/vreg.c.obj
LOAD CMakeFiles/test.dir/Users/michaelshipman/Developer/command_module/Code/BITS/BITSv5/pico-sdk/src/rp2_common/hardware_watchdog/watchdog.c.obj